<html>
<body>
<pre>
<h1>µVision Build Log</h1>
<h2>Tool Versions:</h2>
IDE-Version: ¦ÌVision V5.14.0.0
Copyright (C) 2015 ARM Ltd and ARM Germany GmbH. All rights reserved.
License Information: FU CG, ADVANTAGE POWER, LIC=9N0AR-KDD65-79DG1-C3JM5-TF58G-VTI7A
 
Tool Versions:
Toolchain:       MDK-ARM Professional  Version: 5.29.0.0
Toolchain Path:  D:\ARM\ARM\ARMCC\Bin
C Compiler:      Armcc.exe V5.06 update 6 (build 750)
Assembler:       Armasm.exe V5.06 update 6 (build 750)
Linker/Locator:  ArmLink.exe V5.06 update 6 (build 750)
Library Manager: ArmAr.exe V5.06 update 6 (build 750)
Hex Converter:   FromElf.exe V5.06 update 6 (build 750)
CPU DLL:         SARMCM3.DLL V5.29.0.0
Dialog DLL:      DCM.DLL V1.17.3.0
Target DLL:      CMSIS_AGDI.dll V1.32.0.0
Dialog DLL:      TCM.DLL V1.36.5.0
 
<h2>Project:</h2>
C:\Users\86180\Desktop\2_5KW_ PFC\Proj\2_5KW_PFC.uvprojx
Project File Date:  04/16/2020

<h2>Output:</h2>
Build target 'Code'
compiling ChargeFunction.c...
linking...
Program Size: Code=13664 RO-data=556 RW-data=72 ZI-data=2760  
FromELF: creating hex file...
"..\Output\2_5KW_PFC.axf" - 0 Error(s), 0 Warning(s).

<h2>Collection of Component include folders:</h2>
  C:\Users\86180\Desktop\2_5KW_ PFC\Proj\RTE
  D:\\ARM\PACK\ARM\CMSIS\5.6.0

<h2>Collection of Component Files used:</h2>
</pre>
</body>
</html>
