<!doctype html public "-//w3c//dtd html 4.0 transitional//en">
<html><head>
<title>Static Call Graph - [..\Output\3_3kw_Bridging.axf]</title></head>
<body><HR>
<H1>Static Call Graph for image ..\Output\3_3kw_Bridging.axf</H1><HR>
<BR><P>#&#060CALLGRAPH&#062# ARM Linker, 5060750: Last Updated: Wed Mar 18 09:24:23 2020
<BR><P>
<H3>Maximum Stack Usage =         96 bytes + Unknown(Cycles, Untraceable Function Pointers)</H3><H3>
Call chain for Maximum Stack Depth:</H3>
__rt_entry_main &rArr; main &rArr; Sys_Config &rArr; FLASH_SetTiming &rArr; __aeabi_uldivmod
<P>
<H3>
Mutually Recursive functions
</H3> <LI><a href="#[2e]">PWM0_IRQHandler</a>&nbsp;&nbsp;&nbsp;&rArr;&nbsp;&nbsp;&nbsp;<a href="#[2e]">PWM0_IRQHandler</a><BR>
</UL>
<P>
<H3>
Function Pointers
</H3><UL>
 <LI><a href="#[18]">ADC0_IRQHandler</a> from isr.o(i.ADC0_IRQHandler) referenced from startup_spc1168.o(RESET)
 <LI><a href="#[22]">ADC10_IRQHandler</a> from isr.o(i.ADC10_IRQHandler) referenced from startup_spc1168.o(RESET)
 <LI><a href="#[23]">ADC11_IRQHandler</a> from isr.o(i.ADC11_IRQHandler) referenced from startup_spc1168.o(RESET)
 <LI><a href="#[24]">ADC12_IRQHandler</a> from isr.o(i.ADC12_IRQHandler) referenced from startup_spc1168.o(RESET)
 <LI><a href="#[25]">ADC13_IRQHandler</a> from isr.o(i.ADC13_IRQHandler) referenced from startup_spc1168.o(RESET)
 <LI><a href="#[26]">ADC14_IRQHandler</a> from isr.o(i.ADC14_IRQHandler) referenced from startup_spc1168.o(RESET)
 <LI><a href="#[27]">ADC15_IRQHandler</a> from isr.o(i.ADC15_IRQHandler) referenced from startup_spc1168.o(RESET)
 <LI><a href="#[19]">ADC1_IRQHandler</a> from adcfunction.o(i.ADC1_IRQHandler) referenced from startup_spc1168.o(RESET)
 <LI><a href="#[1a]">ADC2_IRQHandler</a> from isr.o(i.ADC2_IRQHandler) referenced from startup_spc1168.o(RESET)
 <LI><a href="#[1b]">ADC3_IRQHandler</a> from isr.o(i.ADC3_IRQHandler) referenced from startup_spc1168.o(RESET)
 <LI><a href="#[1c]">ADC4_IRQHandler</a> from isr.o(i.ADC4_IRQHandler) referenced from startup_spc1168.o(RESET)
 <LI><a href="#[1d]">ADC5_IRQHandler</a> from adcfunction.o(i.ADC5_IRQHandler) referenced from startup_spc1168.o(RESET)
 <LI><a href="#[1e]">ADC6_IRQHandler</a> from isr.o(i.ADC6_IRQHandler) referenced from startup_spc1168.o(RESET)
 <LI><a href="#[1f]">ADC7_IRQHandler</a> from isr.o(i.ADC7_IRQHandler) referenced from startup_spc1168.o(RESET)
 <LI><a href="#[20]">ADC8_IRQHandler</a> from isr.o(i.ADC8_IRQHandler) referenced from startup_spc1168.o(RESET)
 <LI><a href="#[21]">ADC9_IRQHandler</a> from isr.o(i.ADC9_IRQHandler) referenced from startup_spc1168.o(RESET)
 <LI><a href="#[28]">ADCPPU0_IRQHandler</a> from isr.o(i.ADCPPU0_IRQHandler) referenced from startup_spc1168.o(RESET)
 <LI><a href="#[29]">ADCPPU1_IRQHandler</a> from isr.o(i.ADCPPU1_IRQHandler) referenced from startup_spc1168.o(RESET)
 <LI><a href="#[2a]">ADCPPU2_IRQHandler</a> from isr.o(i.ADCPPU2_IRQHandler) referenced from startup_spc1168.o(RESET)
 <LI><a href="#[2b]">ADCPPU3_IRQHandler</a> from isr.o(i.ADCPPU3_IRQHandler) referenced from startup_spc1168.o(RESET)
 <LI><a href="#[2c]">ADCPPU4_IRQHandler</a> from isr.o(i.ADCPPU4_IRQHandler) referenced from startup_spc1168.o(RESET)
 <LI><a href="#[2d]">ADCPPU5_IRQHandler</a> from isr.o(i.ADCPPU5_IRQHandler) referenced from startup_spc1168.o(RESET)
 <LI><a href="#[3f]">AES_IRQHandler</a> from isr.o(i.AES_IRQHandler) referenced from startup_spc1168.o(RESET)
 <LI><a href="#[7]">BusFault_Handler</a> from isr.o(i.BusFault_Handler) referenced from startup_spc1168.o(RESET)
 <LI><a href="#[f]">CLOCK_IRQHandler</a> from isr.o(i.CLOCK_IRQHandler) referenced from startup_spc1168.o(RESET)
 <LI><a href="#[3e]">CRC_IRQHandler</a> from isr.o(i.CRC_IRQHandler) referenced from startup_spc1168.o(RESET)
 <LI><a href="#[a]">DebugMon_Handler</a> from isr.o(i.DebugMon_Handler) referenced from startup_spc1168.o(RESET)
 <LI><a href="#[3a]">ECAP_IRQHandler</a> from isr.o(i.ECAP_IRQHandler) referenced from startup_spc1168.o(RESET)
 <LI><a href="#[12]">GPIO_EDGE_IRQHandler</a> from isr.o(i.GPIO_EDGE_IRQHandler) referenced from startup_spc1168.o(RESET)
 <LI><a href="#[11]">GPIO_LEVEL_IRQHandler</a> from isr.o(i.GPIO_LEVEL_IRQHandler) referenced from startup_spc1168.o(RESET)
 <LI><a href="#[5]">HardFault_Handler</a> from isr.o(i.HardFault_Handler) referenced from startup_spc1168.o(RESET)
 <LI><a href="#[17]">I2C_IRQHandler</a> from isr.o(i.I2C_IRQHandler) referenced from startup_spc1168.o(RESET)
 <LI><a href="#[d]">MEM_IRQHandler</a> from isr.o(i.MEM_IRQHandler) referenced from startup_spc1168.o(RESET)
 <LI><a href="#[6]">MemManage_Handler</a> from isr.o(i.MemManage_Handler) referenced from startup_spc1168.o(RESET)
 <LI><a href="#[4]">NMI_Handler</a> from isr.o(i.NMI_Handler) referenced from startup_spc1168.o(RESET)
 <LI><a href="#[e]">POWER_IRQHandler</a> from isr.o(i.POWER_IRQHandler) referenced from startup_spc1168.o(RESET)
 <LI><a href="#[34]">PWM0TZ_IRQHandler</a> from isr.o(i.PWM0TZ_IRQHandler) referenced from startup_spc1168.o(RESET)
 <LI><a href="#[2e]">PWM0_IRQHandler</a> from startup_spc1168.o(.text) referenced from startup_spc1168.o(RESET)
 <LI><a href="#[35]">PWM1TZ_IRQHandler</a> from isr.o(i.PWM1TZ_IRQHandler) referenced from startup_spc1168.o(RESET)
 <LI><a href="#[2f]">PWM1_IRQHandler</a> from chargefunction.o(i.PWM1_IRQHandler) referenced from startup_spc1168.o(RESET)
 <LI><a href="#[36]">PWM2TZ_IRQHandler</a> from isr.o(i.PWM2TZ_IRQHandler) referenced from startup_spc1168.o(RESET)
 <LI><a href="#[30]">PWM2_IRQHandler</a> from isr.o(i.PWM2_IRQHandler) referenced from startup_spc1168.o(RESET)
 <LI><a href="#[37]">PWM3TZ_IRQHandler</a> from isr.o(i.PWM3TZ_IRQHandler) referenced from startup_spc1168.o(RESET)
 <LI><a href="#[31]">PWM3_IRQHandler</a> from isr.o(i.PWM3_IRQHandler) referenced from startup_spc1168.o(RESET)
 <LI><a href="#[38]">PWM4TZ_IRQHandler</a> from isr.o(i.PWM4TZ_IRQHandler) referenced from startup_spc1168.o(RESET)
 <LI><a href="#[32]">PWM4_IRQHandler</a> from isr.o(i.PWM4_IRQHandler) referenced from startup_spc1168.o(RESET)
 <LI><a href="#[39]">PWM5TZ_IRQHandler</a> from isr.o(i.PWM5TZ_IRQHandler) referenced from startup_spc1168.o(RESET)
 <LI><a href="#[33]">PWM5_IRQHandler</a> from isr.o(i.PWM5_IRQHandler) referenced from startup_spc1168.o(RESET)
 <LI><a href="#[b]">PendSV_Handler</a> from isr.o(i.PendSV_Handler) referenced from startup_spc1168.o(RESET)
 <LI><a href="#[3]">Reset_Handler</a> from startup_spc1168.o(.text) referenced from startup_spc1168.o(RESET)
 <LI><a href="#[13]">SIO0A_IRQHandler</a> from isr.o(i.SIO0A_IRQHandler) referenced from startup_spc1168.o(RESET)
 <LI><a href="#[14]">SIO0B_IRQHandler</a> from isr.o(i.SIO0B_IRQHandler) referenced from startup_spc1168.o(RESET)
 <LI><a href="#[16]">SSP_IRQHandler</a> from isr.o(i.SSP_IRQHandler) referenced from startup_spc1168.o(RESET)
 <LI><a href="#[9]">SVC_Handler</a> from isr.o(i.SVC_Handler) referenced from startup_spc1168.o(RESET)
 <LI><a href="#[c]">SysTick_Handler</a> from isr.o(i.SysTick_Handler) referenced from startup_spc1168.o(RESET)
 <LI><a href="#[40]">SystemInit</a> from system_spc1168.o(i.SystemInit) referenced from startup_spc1168.o(.text)
 <LI><a href="#[3b]">TIMER0_IRQHandler</a> from adcfunction.o(i.TIMER0_IRQHandler) referenced from startup_spc1168.o(RESET)
 <LI><a href="#[3c]">TIMER1_IRQHandler</a> from systemconfig.o(i.TIMER1_IRQHandler) referenced from startup_spc1168.o(RESET)
 <LI><a href="#[3d]">TIMER2_IRQHandler</a> from adcfunction.o(i.TIMER2_IRQHandler) referenced from startup_spc1168.o(RESET)
 <LI><a href="#[15]">UART_IRQHandler</a> from isr.o(i.UART_IRQHandler) referenced from startup_spc1168.o(RESET)
 <LI><a href="#[8]">UsageFault_Handler</a> from isr.o(i.UsageFault_Handler) referenced from startup_spc1168.o(RESET)
 <LI><a href="#[10]">WDT1_IRQHandler</a> from systemconfig.o(i.WDT1_IRQHandler) referenced from startup_spc1168.o(RESET)
 <LI><a href="#[42]">__main</a> from __main.o(!!!main) referenced from startup_spc1168.o(.text)
</UL>
<P>
<H3>
Global Symbols
</H3>
<P><STRONG><a name="[42]"></a>__main</STRONG> (Thumb, 8 bytes, Stack size 0 bytes, __main.o(!!!main))
<BR><BR>[Calls]<UL><LI><a href="#[43]">&gt;&gt;</a>&nbsp;&nbsp;&nbsp;__scatterload
<LI><a href="#[44]">&gt;&gt;</a>&nbsp;&nbsp;&nbsp;__rt_entry
</UL>

<P><STRONG><a name="[43]"></a>__scatterload</STRONG> (Thumb, 0 bytes, Stack size unknown bytes, __scatter.o(!!!scatter))
<BR><BR>[Called By]<UL><LI><a href="#[42]">&gt;&gt;</a>&nbsp;&nbsp;&nbsp;__main
</UL>

<P><STRONG><a name="[45]"></a>__scatterload_rt2</STRONG> (Thumb, 44 bytes, Stack size unknown bytes, __scatter.o(!!!scatter), UNUSED)
<BR><BR>[Calls]<UL><LI><a href="#[44]">&gt;&gt;</a>&nbsp;&nbsp;&nbsp;__rt_entry
</UL>

<P><STRONG><a name="[96]"></a>__scatterload_rt2_thumb_only</STRONG> (Thumb, 0 bytes, Stack size unknown bytes, __scatter.o(!!!scatter), UNUSED)

<P><STRONG><a name="[97]"></a>__scatterload_null</STRONG> (Thumb, 0 bytes, Stack size unknown bytes, __scatter.o(!!!scatter), UNUSED)

<P><STRONG><a name="[46]"></a>__scatterload_copy</STRONG> (Thumb, 26 bytes, Stack size unknown bytes, __scatter_copy.o(!!handler_copy), UNUSED)
<BR><BR>[Calls]<UL><LI><a href="#[46]">&gt;&gt;</a>&nbsp;&nbsp;&nbsp;__scatterload_copy
</UL>
<BR>[Called By]<UL><LI><a href="#[46]">&gt;&gt;</a>&nbsp;&nbsp;&nbsp;__scatterload_copy
</UL>

<P><STRONG><a name="[98]"></a>__scatterload_zeroinit</STRONG> (Thumb, 28 bytes, Stack size unknown bytes, __scatter_zi.o(!!handler_zi), UNUSED)

<P><STRONG><a name="[4c]"></a>__rt_lib_init</STRONG> (Thumb, 0 bytes, Stack size unknown bytes, libinit.o(.ARM.Collect$$libinit$$00000000))
<BR><BR>[Called By]<UL><LI><a href="#[4b]">&gt;&gt;</a>&nbsp;&nbsp;&nbsp;__rt_entry_li
</UL>

<P><STRONG><a name="[47]"></a>__rt_lib_init_fp_1</STRONG> (Thumb, 0 bytes, Stack size unknown bytes, libinit2.o(.ARM.Collect$$libinit$$00000001))
<BR><BR>[Calls]<UL><LI><a href="#[48]">&gt;&gt;</a>&nbsp;&nbsp;&nbsp;_fp_init
</UL>

<P><STRONG><a name="[99]"></a>__rt_lib_init_alloca_1</STRONG> (Thumb, 0 bytes, Stack size unknown bytes, libinit2.o(.ARM.Collect$$libinit$$0000002E))

<P><STRONG><a name="[9a]"></a>__rt_lib_init_argv_1</STRONG> (Thumb, 0 bytes, Stack size unknown bytes, libinit2.o(.ARM.Collect$$libinit$$0000002C))

<P><STRONG><a name="[9b]"></a>__rt_lib_init_atexit_1</STRONG> (Thumb, 0 bytes, Stack size unknown bytes, libinit2.o(.ARM.Collect$$libinit$$0000001B))

<P><STRONG><a name="[9c]"></a>__rt_lib_init_clock_1</STRONG> (Thumb, 0 bytes, Stack size unknown bytes, libinit2.o(.ARM.Collect$$libinit$$00000021))

<P><STRONG><a name="[9d]"></a>__rt_lib_init_cpp_1</STRONG> (Thumb, 0 bytes, Stack size unknown bytes, libinit2.o(.ARM.Collect$$libinit$$00000032))

<P><STRONG><a name="[9e]"></a>__rt_lib_init_exceptions_1</STRONG> (Thumb, 0 bytes, Stack size unknown bytes, libinit2.o(.ARM.Collect$$libinit$$00000030))

<P><STRONG><a name="[9f]"></a>__rt_lib_init_fp_trap_1</STRONG> (Thumb, 0 bytes, Stack size unknown bytes, libinit2.o(.ARM.Collect$$libinit$$0000001F))

<P><STRONG><a name="[a0]"></a>__rt_lib_init_getenv_1</STRONG> (Thumb, 0 bytes, Stack size unknown bytes, libinit2.o(.ARM.Collect$$libinit$$00000023))

<P><STRONG><a name="[a1]"></a>__rt_lib_init_heap_1</STRONG> (Thumb, 0 bytes, Stack size unknown bytes, libinit2.o(.ARM.Collect$$libinit$$0000000A))

<P><STRONG><a name="[a2]"></a>__rt_lib_init_lc_collate_1</STRONG> (Thumb, 0 bytes, Stack size unknown bytes, libinit2.o(.ARM.Collect$$libinit$$00000011))

<P><STRONG><a name="[a3]"></a>__rt_lib_init_lc_ctype_1</STRONG> (Thumb, 0 bytes, Stack size unknown bytes, libinit2.o(.ARM.Collect$$libinit$$00000013))

<P><STRONG><a name="[a4]"></a>__rt_lib_init_lc_monetary_1</STRONG> (Thumb, 0 bytes, Stack size unknown bytes, libinit2.o(.ARM.Collect$$libinit$$00000015))

<P><STRONG><a name="[a5]"></a>__rt_lib_init_lc_numeric_1</STRONG> (Thumb, 0 bytes, Stack size unknown bytes, libinit2.o(.ARM.Collect$$libinit$$00000017))

<P><STRONG><a name="[a6]"></a>__rt_lib_init_lc_time_1</STRONG> (Thumb, 0 bytes, Stack size unknown bytes, libinit2.o(.ARM.Collect$$libinit$$00000019))

<P><STRONG><a name="[a7]"></a>__rt_lib_init_preinit_1</STRONG> (Thumb, 0 bytes, Stack size unknown bytes, libinit2.o(.ARM.Collect$$libinit$$00000004))

<P><STRONG><a name="[a8]"></a>__rt_lib_init_rand_1</STRONG> (Thumb, 0 bytes, Stack size unknown bytes, libinit2.o(.ARM.Collect$$libinit$$0000000E))

<P><STRONG><a name="[a9]"></a>__rt_lib_init_return</STRONG> (Thumb, 0 bytes, Stack size unknown bytes, libinit2.o(.ARM.Collect$$libinit$$00000033))

<P><STRONG><a name="[aa]"></a>__rt_lib_init_signal_1</STRONG> (Thumb, 0 bytes, Stack size unknown bytes, libinit2.o(.ARM.Collect$$libinit$$0000001D))

<P><STRONG><a name="[ab]"></a>__rt_lib_init_stdio_1</STRONG> (Thumb, 0 bytes, Stack size unknown bytes, libinit2.o(.ARM.Collect$$libinit$$00000025))

<P><STRONG><a name="[ac]"></a>__rt_lib_init_user_alloc_1</STRONG> (Thumb, 0 bytes, Stack size unknown bytes, libinit2.o(.ARM.Collect$$libinit$$0000000C))

<P><STRONG><a name="[51]"></a>__rt_lib_shutdown</STRONG> (Thumb, 0 bytes, Stack size unknown bytes, libshutdown.o(.ARM.Collect$$libshutdown$$00000000))
<BR><BR>[Called By]<UL><LI><a href="#[50]">&gt;&gt;</a>&nbsp;&nbsp;&nbsp;__rt_exit_ls
</UL>

<P><STRONG><a name="[ad]"></a>__rt_lib_shutdown_cpp_1</STRONG> (Thumb, 0 bytes, Stack size unknown bytes, libshutdown2.o(.ARM.Collect$$libshutdown$$00000002))

<P><STRONG><a name="[ae]"></a>__rt_lib_shutdown_fp_trap_1</STRONG> (Thumb, 0 bytes, Stack size unknown bytes, libshutdown2.o(.ARM.Collect$$libshutdown$$00000007))

<P><STRONG><a name="[af]"></a>__rt_lib_shutdown_heap_1</STRONG> (Thumb, 0 bytes, Stack size unknown bytes, libshutdown2.o(.ARM.Collect$$libshutdown$$0000000F))

<P><STRONG><a name="[b0]"></a>__rt_lib_shutdown_return</STRONG> (Thumb, 0 bytes, Stack size unknown bytes, libshutdown2.o(.ARM.Collect$$libshutdown$$00000010))

<P><STRONG><a name="[b1]"></a>__rt_lib_shutdown_signal_1</STRONG> (Thumb, 0 bytes, Stack size unknown bytes, libshutdown2.o(.ARM.Collect$$libshutdown$$0000000A))

<P><STRONG><a name="[b2]"></a>__rt_lib_shutdown_stdio_1</STRONG> (Thumb, 0 bytes, Stack size unknown bytes, libshutdown2.o(.ARM.Collect$$libshutdown$$00000004))

<P><STRONG><a name="[b3]"></a>__rt_lib_shutdown_user_alloc_1</STRONG> (Thumb, 0 bytes, Stack size unknown bytes, libshutdown2.o(.ARM.Collect$$libshutdown$$0000000C))

<P><STRONG><a name="[44]"></a>__rt_entry</STRONG> (Thumb, 0 bytes, Stack size unknown bytes, __rtentry.o(.ARM.Collect$$rtentry$$00000000))
<BR><BR>[Called By]<UL><LI><a href="#[45]">&gt;&gt;</a>&nbsp;&nbsp;&nbsp;__scatterload_rt2
<LI><a href="#[42]">&gt;&gt;</a>&nbsp;&nbsp;&nbsp;__main
</UL>

<P><STRONG><a name="[b4]"></a>__rt_entry_presh_1</STRONG> (Thumb, 0 bytes, Stack size unknown bytes, __rtentry2.o(.ARM.Collect$$rtentry$$00000002))

<P><STRONG><a name="[49]"></a>__rt_entry_sh</STRONG> (Thumb, 0 bytes, Stack size unknown bytes, __rtentry4.o(.ARM.Collect$$rtentry$$00000004))
<BR><BR>[Stack]<UL><LI>Max Depth = 8 + Unknown Stack Size
<LI>Call Chain = __rt_entry_sh &rArr; __user_setup_stackheap
</UL>
<BR>[Calls]<UL><LI><a href="#[4a]">&gt;&gt;</a>&nbsp;&nbsp;&nbsp;__user_setup_stackheap
</UL>

<P><STRONG><a name="[4b]"></a>__rt_entry_li</STRONG> (Thumb, 0 bytes, Stack size unknown bytes, __rtentry2.o(.ARM.Collect$$rtentry$$0000000A))
<BR><BR>[Calls]<UL><LI><a href="#[4c]">&gt;&gt;</a>&nbsp;&nbsp;&nbsp;__rt_lib_init
</UL>

<P><STRONG><a name="[b5]"></a>__rt_entry_postsh_1</STRONG> (Thumb, 0 bytes, Stack size unknown bytes, __rtentry2.o(.ARM.Collect$$rtentry$$00000009))

<P><STRONG><a name="[4d]"></a>__rt_entry_main</STRONG> (Thumb, 0 bytes, Stack size unknown bytes, __rtentry2.o(.ARM.Collect$$rtentry$$0000000D))
<BR><BR>[Stack]<UL><LI>Max Depth = 96 + Unknown Stack Size
<LI>Call Chain = __rt_entry_main &rArr; main &rArr; Sys_Config &rArr; FLASH_SetTiming &rArr; __aeabi_uldivmod
</UL>
<BR>[Calls]<UL><LI><a href="#[4e]">&gt;&gt;</a>&nbsp;&nbsp;&nbsp;main
<LI><a href="#[4f]">&gt;&gt;</a>&nbsp;&nbsp;&nbsp;exit
</UL>

<P><STRONG><a name="[b6]"></a>__rt_entry_postli_1</STRONG> (Thumb, 0 bytes, Stack size unknown bytes, __rtentry2.o(.ARM.Collect$$rtentry$$0000000C))

<P><STRONG><a name="[58]"></a>__rt_exit</STRONG> (Thumb, 0 bytes, Stack size unknown bytes, rtexit.o(.ARM.Collect$$rtexit$$00000000))
<BR><BR>[Called By]<UL><LI><a href="#[4f]">&gt;&gt;</a>&nbsp;&nbsp;&nbsp;exit
</UL>

<P><STRONG><a name="[50]"></a>__rt_exit_ls</STRONG> (Thumb, 0 bytes, Stack size unknown bytes, rtexit2.o(.ARM.Collect$$rtexit$$00000003))
<BR><BR>[Calls]<UL><LI><a href="#[51]">&gt;&gt;</a>&nbsp;&nbsp;&nbsp;__rt_lib_shutdown
</UL>

<P><STRONG><a name="[b7]"></a>__rt_exit_prels_1</STRONG> (Thumb, 0 bytes, Stack size unknown bytes, rtexit2.o(.ARM.Collect$$rtexit$$00000002))

<P><STRONG><a name="[52]"></a>__rt_exit_exit</STRONG> (Thumb, 0 bytes, Stack size unknown bytes, rtexit2.o(.ARM.Collect$$rtexit$$00000004))
<BR><BR>[Calls]<UL><LI><a href="#[53]">&gt;&gt;</a>&nbsp;&nbsp;&nbsp;_sys_exit
</UL>

<P><STRONG><a name="[3]"></a>Reset_Handler</STRONG> (Thumb, 22 bytes, Stack size 0 bytes, startup_spc1168.o(.text))
<BR>[Address Reference Count : 1]<UL><LI> startup_spc1168.o(RESET)
</UL>
<P><STRONG><a name="[2e]"></a>PWM0_IRQHandler</STRONG> (Thumb, 0 bytes, Stack size 0 bytes, startup_spc1168.o(.text))
<BR><BR>[Calls]<UL><LI><a href="#[2e]">&gt;&gt;</a>&nbsp;&nbsp;&nbsp;PWM0_IRQHandler
</UL>
<BR>[Called By]<UL><LI><a href="#[2e]">&gt;&gt;</a>&nbsp;&nbsp;&nbsp;PWM0_IRQHandler
</UL>
<BR>[Address Reference Count : 1]<UL><LI> startup_spc1168.o(RESET)
</UL>
<P><STRONG><a name="[55]"></a>__user_initial_stackheap</STRONG> (Thumb, 10 bytes, Stack size 0 bytes, startup_spc1168.o(.text))
<BR><BR>[Called By]<UL><LI><a href="#[4a]">&gt;&gt;</a>&nbsp;&nbsp;&nbsp;__user_setup_stackheap
</UL>

<P><STRONG><a name="[6f]"></a>arm_cos_f32</STRONG> (Thumb, 108 bytes, Stack size 0 bytes, arm_cos_f32.o(.text))
<BR><BR>[Called By]<UL><LI><a href="#[2f]">&gt;&gt;</a>&nbsp;&nbsp;&nbsp;PWM1_IRQHandler
</UL>

<P><STRONG><a name="[6e]"></a>arm_sin_f32</STRONG> (Thumb, 104 bytes, Stack size 0 bytes, arm_sin_f32.o(.text))
<BR><BR>[Called By]<UL><LI><a href="#[2f]">&gt;&gt;</a>&nbsp;&nbsp;&nbsp;PWM1_IRQHandler
</UL>

<P><STRONG><a name="[6b]"></a>__aeabi_uldivmod</STRONG> (Thumb, 0 bytes, Stack size 48 bytes, lludivv7m.o(.text))
<BR><BR>[Stack]<UL><LI>Max Depth = 48<LI>Call Chain = __aeabi_uldivmod
</UL>
<BR>[Called By]<UL><LI><a href="#[6a]">&gt;&gt;</a>&nbsp;&nbsp;&nbsp;FLASH_SetTiming
</UL>

<P><STRONG><a name="[b8]"></a>_ll_udiv</STRONG> (Thumb, 238 bytes, Stack size 48 bytes, lludivv7m.o(.text), UNUSED)

<P><STRONG><a name="[7f]"></a>__aeabi_memclr4</STRONG> (Thumb, 0 bytes, Stack size 4 bytes, rt_memclr_w.o(.text))
<BR><BR>[Stack]<UL><LI>Max Depth = 4<LI>Call Chain = __aeabi_memclr4
</UL>
<BR>[Called By]<UL><LI><a href="#[6d]">&gt;&gt;</a>&nbsp;&nbsp;&nbsp;ResetVal
</UL>

<P><STRONG><a name="[b9]"></a>__aeabi_memclr8</STRONG> (Thumb, 0 bytes, Stack size 4 bytes, rt_memclr_w.o(.text), UNUSED)

<P><STRONG><a name="[ba]"></a>__rt_memclr_w</STRONG> (Thumb, 78 bytes, Stack size 4 bytes, rt_memclr_w.o(.text), UNUSED)

<P><STRONG><a name="[bb]"></a>_memset_w</STRONG> (Thumb, 0 bytes, Stack size unknown bytes, rt_memclr_w.o(.text), UNUSED)

<P><STRONG><a name="[bc]"></a>__use_two_region_memory</STRONG> (Thumb, 2 bytes, Stack size 0 bytes, heapauxi.o(.text), UNUSED)

<P><STRONG><a name="[bd]"></a>__rt_heap_escrow$2region</STRONG> (Thumb, 2 bytes, Stack size 0 bytes, heapauxi.o(.text), UNUSED)

<P><STRONG><a name="[be]"></a>__rt_heap_expand$2region</STRONG> (Thumb, 2 bytes, Stack size 0 bytes, heapauxi.o(.text), UNUSED)

<P><STRONG><a name="[4a]"></a>__user_setup_stackheap</STRONG> (Thumb, 74 bytes, Stack size 8 bytes, sys_stackheap_outer.o(.text))
<BR><BR>[Stack]<UL><LI>Max Depth = 8<LI>Call Chain = __user_setup_stackheap
</UL>
<BR>[Calls]<UL><LI><a href="#[55]">&gt;&gt;</a>&nbsp;&nbsp;&nbsp;__user_initial_stackheap
<LI><a href="#[54]">&gt;&gt;</a>&nbsp;&nbsp;&nbsp;__user_perproc_libspace
</UL>
<BR>[Called By]<UL><LI><a href="#[49]">&gt;&gt;</a>&nbsp;&nbsp;&nbsp;__rt_entry_sh
</UL>

<P><STRONG><a name="[56]"></a>_fp_trap</STRONG> (Thumb, 44 bytes, Stack size 40 bytes, _fptrap.o(.text), UNUSED)
<BR><BR>[Calls]<UL><LI><a href="#[57]">&gt;&gt;</a>&nbsp;&nbsp;&nbsp;__rt_SIGFPE
</UL>
<BR>[Called By]<UL><LI><a href="#[93]">&gt;&gt;</a>&nbsp;&nbsp;&nbsp;_fp_trapveneer
</UL>

<P><STRONG><a name="[4f]"></a>exit</STRONG> (Thumb, 18 bytes, Stack size 8 bytes, exit.o(.text))
<BR><BR>[Stack]<UL><LI>Max Depth = 8 + Unknown Stack Size
<LI>Call Chain = exit
</UL>
<BR>[Calls]<UL><LI><a href="#[58]">&gt;&gt;</a>&nbsp;&nbsp;&nbsp;__rt_exit
</UL>
<BR>[Called By]<UL><LI><a href="#[4d]">&gt;&gt;</a>&nbsp;&nbsp;&nbsp;__rt_entry_main
</UL>

<P><STRONG><a name="[57]"></a>__rt_SIGFPE</STRONG> (Thumb, 14 bytes, Stack size 8 bytes, defsig_fpe_outer.o(.text), UNUSED)
<BR><BR>[Calls]<UL><LI><a href="#[59]">&gt;&gt;</a>&nbsp;&nbsp;&nbsp;__rt_SIGFPE_inner
<LI><a href="#[5a]">&gt;&gt;</a>&nbsp;&nbsp;&nbsp;__sig_exit
</UL>
<BR>[Called By]<UL><LI><a href="#[56]">&gt;&gt;</a>&nbsp;&nbsp;&nbsp;_fp_trap
</UL>

<P><STRONG><a name="[bf]"></a>__user_libspace</STRONG> (Thumb, 8 bytes, Stack size 0 bytes, libspace.o(.text), UNUSED)

<P><STRONG><a name="[54]"></a>__user_perproc_libspace</STRONG> (Thumb, 0 bytes, Stack size 0 bytes, libspace.o(.text))
<BR><BR>[Called By]<UL><LI><a href="#[4a]">&gt;&gt;</a>&nbsp;&nbsp;&nbsp;__user_setup_stackheap
</UL>

<P><STRONG><a name="[c0]"></a>__user_perthread_libspace</STRONG> (Thumb, 0 bytes, Stack size 0 bytes, libspace.o(.text), UNUSED)

<P><STRONG><a name="[5a]"></a>__sig_exit</STRONG> (Thumb, 10 bytes, Stack size 0 bytes, defsig_exit.o(.text), UNUSED)
<BR><BR>[Calls]<UL><LI><a href="#[53]">&gt;&gt;</a>&nbsp;&nbsp;&nbsp;_sys_exit
</UL>
<BR>[Called By]<UL><LI><a href="#[57]">&gt;&gt;</a>&nbsp;&nbsp;&nbsp;__rt_SIGFPE
</UL>

<P><STRONG><a name="[59]"></a>__rt_SIGFPE_inner</STRONG> (Thumb, 62 bytes, Stack size 8 bytes, defsig_fpe_inner.o(.text), UNUSED)
<BR><BR>[Calls]<UL><LI><a href="#[5b]">&gt;&gt;</a>&nbsp;&nbsp;&nbsp;__default_signal_display
</UL>
<BR>[Called By]<UL><LI><a href="#[57]">&gt;&gt;</a>&nbsp;&nbsp;&nbsp;__rt_SIGFPE
</UL>

<P><STRONG><a name="[53]"></a>_sys_exit</STRONG> (Thumb, 8 bytes, Stack size 0 bytes, sys_exit.o(.text))
<BR><BR>[Called By]<UL><LI><a href="#[52]">&gt;&gt;</a>&nbsp;&nbsp;&nbsp;__rt_exit_exit
<LI><a href="#[5a]">&gt;&gt;</a>&nbsp;&nbsp;&nbsp;__sig_exit
</UL>

<P><STRONG><a name="[5b]"></a>__default_signal_display</STRONG> (Thumb, 50 bytes, Stack size 16 bytes, defsig_general.o(.text), UNUSED)
<BR><BR>[Calls]<UL><LI><a href="#[5c]">&gt;&gt;</a>&nbsp;&nbsp;&nbsp;_ttywrch
</UL>
<BR>[Called By]<UL><LI><a href="#[59]">&gt;&gt;</a>&nbsp;&nbsp;&nbsp;__rt_SIGFPE_inner
</UL>

<P><STRONG><a name="[5c]"></a>_ttywrch</STRONG> (Thumb, 14 bytes, Stack size 8 bytes, sys_wrch.o(.text), UNUSED)
<BR><BR>[Called By]<UL><LI><a href="#[5b]">&gt;&gt;</a>&nbsp;&nbsp;&nbsp;__default_signal_display
</UL>

<P><STRONG><a name="[c1]"></a>__I$use$semihosting</STRONG> (Thumb, 0 bytes, Stack size 0 bytes, use_no_semi.o(.text), UNUSED)

<P><STRONG><a name="[c2]"></a>__use_no_semihosting_swi</STRONG> (Thumb, 2 bytes, Stack size 0 bytes, use_no_semi.o(.text), UNUSED)

<P><STRONG><a name="[18]"></a>ADC0_IRQHandler</STRONG> (Thumb, 2 bytes, Stack size 0 bytes, isr.o(i.ADC0_IRQHandler))
<BR>[Address Reference Count : 1]<UL><LI> startup_spc1168.o(RESET)
</UL>
<P><STRONG><a name="[c3]"></a>__semihosting_library_function</STRONG> (Thumb, 0 bytes, Stack size 0 bytes, indicate_semi.o(.text), UNUSED)

<P><STRONG><a name="[22]"></a>ADC10_IRQHandler</STRONG> (Thumb, 2 bytes, Stack size 0 bytes, isr.o(i.ADC10_IRQHandler))
<BR>[Address Reference Count : 1]<UL><LI> startup_spc1168.o(RESET)
</UL>
<P><STRONG><a name="[23]"></a>ADC11_IRQHandler</STRONG> (Thumb, 2 bytes, Stack size 0 bytes, isr.o(i.ADC11_IRQHandler))
<BR>[Address Reference Count : 1]<UL><LI> startup_spc1168.o(RESET)
</UL>
<P><STRONG><a name="[24]"></a>ADC12_IRQHandler</STRONG> (Thumb, 2 bytes, Stack size 0 bytes, isr.o(i.ADC12_IRQHandler))
<BR>[Address Reference Count : 1]<UL><LI> startup_spc1168.o(RESET)
</UL>
<P><STRONG><a name="[25]"></a>ADC13_IRQHandler</STRONG> (Thumb, 2 bytes, Stack size 0 bytes, isr.o(i.ADC13_IRQHandler))
<BR>[Address Reference Count : 1]<UL><LI> startup_spc1168.o(RESET)
</UL>
<P><STRONG><a name="[26]"></a>ADC14_IRQHandler</STRONG> (Thumb, 2 bytes, Stack size 0 bytes, isr.o(i.ADC14_IRQHandler))
<BR>[Address Reference Count : 1]<UL><LI> startup_spc1168.o(RESET)
</UL>
<P><STRONG><a name="[27]"></a>ADC15_IRQHandler</STRONG> (Thumb, 2 bytes, Stack size 0 bytes, isr.o(i.ADC15_IRQHandler))
<BR>[Address Reference Count : 1]<UL><LI> startup_spc1168.o(RESET)
</UL>
<P><STRONG><a name="[19]"></a>ADC1_IRQHandler</STRONG> (Thumb, 122 bytes, Stack size 4 bytes, adcfunction.o(i.ADC1_IRQHandler))
<BR><BR>[Stack]<UL><LI>Max Depth = 4<LI>Call Chain = ADC1_IRQHandler
</UL>
<BR>[Address Reference Count : 1]<UL><LI> startup_spc1168.o(RESET)
</UL>
<P><STRONG><a name="[1a]"></a>ADC2_IRQHandler</STRONG> (Thumb, 2 bytes, Stack size 0 bytes, isr.o(i.ADC2_IRQHandler))
<BR>[Address Reference Count : 1]<UL><LI> startup_spc1168.o(RESET)
</UL>
<P><STRONG><a name="[1b]"></a>ADC3_IRQHandler</STRONG> (Thumb, 2 bytes, Stack size 0 bytes, isr.o(i.ADC3_IRQHandler))
<BR>[Address Reference Count : 1]<UL><LI> startup_spc1168.o(RESET)
</UL>
<P><STRONG><a name="[1c]"></a>ADC4_IRQHandler</STRONG> (Thumb, 2 bytes, Stack size 0 bytes, isr.o(i.ADC4_IRQHandler))
<BR>[Address Reference Count : 1]<UL><LI> startup_spc1168.o(RESET)
</UL>
<P><STRONG><a name="[1d]"></a>ADC5_IRQHandler</STRONG> (Thumb, 10 bytes, Stack size 0 bytes, adcfunction.o(i.ADC5_IRQHandler))
<BR>[Address Reference Count : 1]<UL><LI> startup_spc1168.o(RESET)
</UL>
<P><STRONG><a name="[1e]"></a>ADC6_IRQHandler</STRONG> (Thumb, 2 bytes, Stack size 0 bytes, isr.o(i.ADC6_IRQHandler))
<BR>[Address Reference Count : 1]<UL><LI> startup_spc1168.o(RESET)
</UL>
<P><STRONG><a name="[1f]"></a>ADC7_IRQHandler</STRONG> (Thumb, 2 bytes, Stack size 0 bytes, isr.o(i.ADC7_IRQHandler))
<BR>[Address Reference Count : 1]<UL><LI> startup_spc1168.o(RESET)
</UL>
<P><STRONG><a name="[20]"></a>ADC8_IRQHandler</STRONG> (Thumb, 2 bytes, Stack size 0 bytes, isr.o(i.ADC8_IRQHandler))
<BR>[Address Reference Count : 1]<UL><LI> startup_spc1168.o(RESET)
</UL>
<P><STRONG><a name="[21]"></a>ADC9_IRQHandler</STRONG> (Thumb, 2 bytes, Stack size 0 bytes, isr.o(i.ADC9_IRQHandler))
<BR>[Address Reference Count : 1]<UL><LI> startup_spc1168.o(RESET)
</UL>
<P><STRONG><a name="[28]"></a>ADCPPU0_IRQHandler</STRONG> (Thumb, 2 bytes, Stack size 0 bytes, isr.o(i.ADCPPU0_IRQHandler))
<BR>[Address Reference Count : 1]<UL><LI> startup_spc1168.o(RESET)
</UL>
<P><STRONG><a name="[29]"></a>ADCPPU1_IRQHandler</STRONG> (Thumb, 2 bytes, Stack size 0 bytes, isr.o(i.ADCPPU1_IRQHandler))
<BR>[Address Reference Count : 1]<UL><LI> startup_spc1168.o(RESET)
</UL>
<P><STRONG><a name="[2a]"></a>ADCPPU2_IRQHandler</STRONG> (Thumb, 2 bytes, Stack size 0 bytes, isr.o(i.ADCPPU2_IRQHandler))
<BR>[Address Reference Count : 1]<UL><LI> startup_spc1168.o(RESET)
</UL>
<P><STRONG><a name="[2b]"></a>ADCPPU3_IRQHandler</STRONG> (Thumb, 2 bytes, Stack size 0 bytes, isr.o(i.ADCPPU3_IRQHandler))
<BR>[Address Reference Count : 1]<UL><LI> startup_spc1168.o(RESET)
</UL>
<P><STRONG><a name="[2c]"></a>ADCPPU4_IRQHandler</STRONG> (Thumb, 2 bytes, Stack size 0 bytes, isr.o(i.ADCPPU4_IRQHandler))
<BR>[Address Reference Count : 1]<UL><LI> startup_spc1168.o(RESET)
</UL>
<P><STRONG><a name="[2d]"></a>ADCPPU5_IRQHandler</STRONG> (Thumb, 2 bytes, Stack size 0 bytes, isr.o(i.ADCPPU5_IRQHandler))
<BR>[Address Reference Count : 1]<UL><LI> startup_spc1168.o(RESET)
</UL>
<P><STRONG><a name="[5d]"></a>ADC_Config</STRONG> (Thumb, 64 bytes, Stack size 8 bytes, adcfunction.o(i.ADC_Config))
<BR><BR>[Stack]<UL><LI>Max Depth = 48<LI>Call Chain = ADC_Config &rArr; ADC_EasyInit1 &rArr; ADC_SetGainAndOffset
</UL>
<BR>[Calls]<UL><LI><a href="#[5e]">&gt;&gt;</a>&nbsp;&nbsp;&nbsp;ADC_EasyInit1
</UL>
<BR>[Called By]<UL><LI><a href="#[4e]">&gt;&gt;</a>&nbsp;&nbsp;&nbsp;main
</UL>

<P><STRONG><a name="[5e]"></a>ADC_EasyInit1</STRONG> (Thumb, 66 bytes, Stack size 16 bytes, adc.o(i.ADC_EasyInit1))
<BR><BR>[Stack]<UL><LI>Max Depth = 40<LI>Call Chain = ADC_EasyInit1 &rArr; ADC_SetGainAndOffset
</UL>
<BR>[Calls]<UL><LI><a href="#[63]">&gt;&gt;</a>&nbsp;&nbsp;&nbsp;GPIO_SetPinAsAnalog
<LI><a href="#[61]">&gt;&gt;</a>&nbsp;&nbsp;&nbsp;ADC_SetSampleAndConvertTime
<LI><a href="#[62]">&gt;&gt;</a>&nbsp;&nbsp;&nbsp;ADC_SetGainAndOffset
<LI><a href="#[60]">&gt;&gt;</a>&nbsp;&nbsp;&nbsp;ADC_SelectPinSingleEnded
<LI><a href="#[5f]">&gt;&gt;</a>&nbsp;&nbsp;&nbsp;ADC_PowerUp
</UL>
<BR>[Called By]<UL><LI><a href="#[5d]">&gt;&gt;</a>&nbsp;&nbsp;&nbsp;ADC_Config
</UL>

<P><STRONG><a name="[65]"></a>ADC_GetInputPinCode</STRONG> (Thumb, 88 bytes, Stack size 0 bytes, adc.o(i.ADC_GetInputPinCode))
<BR><BR>[Called By]<UL><LI><a href="#[60]">&gt;&gt;</a>&nbsp;&nbsp;&nbsp;ADC_SelectPinSingleEnded
</UL>

<P><STRONG><a name="[5f]"></a>ADC_PowerUp</STRONG> (Thumb, 112 bytes, Stack size 16 bytes, adc.o(i.ADC_PowerUp))
<BR><BR>[Stack]<UL><LI>Max Depth = 16<LI>Call Chain = ADC_PowerUp
</UL>
<BR>[Calls]<UL><LI><a href="#[64]">&gt;&gt;</a>&nbsp;&nbsp;&nbsp;CLOCK_EnableModule
</UL>
<BR>[Called By]<UL><LI><a href="#[5e]">&gt;&gt;</a>&nbsp;&nbsp;&nbsp;ADC_EasyInit1
</UL>

<P><STRONG><a name="[60]"></a>ADC_SelectPinSingleEnded</STRONG> (Thumb, 110 bytes, Stack size 16 bytes, adc.o(i.ADC_SelectPinSingleEnded))
<BR><BR>[Stack]<UL><LI>Max Depth = 16<LI>Call Chain = ADC_SelectPinSingleEnded
</UL>
<BR>[Calls]<UL><LI><a href="#[65]">&gt;&gt;</a>&nbsp;&nbsp;&nbsp;ADC_GetInputPinCode
</UL>
<BR>[Called By]<UL><LI><a href="#[5e]">&gt;&gt;</a>&nbsp;&nbsp;&nbsp;ADC_EasyInit1
</UL>

<P><STRONG><a name="[62]"></a>ADC_SetGainAndOffset</STRONG> (Thumb, 274 bytes, Stack size 24 bytes, adc.o(i.ADC_SetGainAndOffset))
<BR><BR>[Stack]<UL><LI>Max Depth = 24<LI>Call Chain = ADC_SetGainAndOffset
</UL>
<BR>[Called By]<UL><LI><a href="#[5e]">&gt;&gt;</a>&nbsp;&nbsp;&nbsp;ADC_EasyInit1
</UL>

<P><STRONG><a name="[61]"></a>ADC_SetSampleAndConvertTime</STRONG> (Thumb, 90 bytes, Stack size 16 bytes, adc.o(i.ADC_SetSampleAndConvertTime))
<BR><BR>[Stack]<UL><LI>Max Depth = 20<LI>Call Chain = ADC_SetSampleAndConvertTime &rArr; CLOCK_GetModuleClock
</UL>
<BR>[Calls]<UL><LI><a href="#[66]">&gt;&gt;</a>&nbsp;&nbsp;&nbsp;CLOCK_GetModuleClock
</UL>
<BR>[Called By]<UL><LI><a href="#[5e]">&gt;&gt;</a>&nbsp;&nbsp;&nbsp;ADC_EasyInit1
</UL>

<P><STRONG><a name="[3f]"></a>AES_IRQHandler</STRONG> (Thumb, 2 bytes, Stack size 0 bytes, isr.o(i.AES_IRQHandler))
<BR>[Address Reference Count : 1]<UL><LI> startup_spc1168.o(RESET)
</UL>
<P><STRONG><a name="[7]"></a>BusFault_Handler</STRONG> (Thumb, 2 bytes, Stack size 0 bytes, isr.o(i.BusFault_Handler))
<BR>[Address Reference Count : 1]<UL><LI> startup_spc1168.o(RESET)
</UL>
<P><STRONG><a name="[69]"></a>CLOCK_ConfigurePLLWithRCO</STRONG> (Thumb, 232 bytes, Stack size 0 bytes, clock.o(i.CLOCK_ConfigurePLLWithRCO))
<BR><BR>[Called By]<UL><LI><a href="#[68]">&gt;&gt;</a>&nbsp;&nbsp;&nbsp;CLOCK_InitWithRCO
</UL>

<P><STRONG><a name="[64]"></a>CLOCK_EnableModule</STRONG> (Thumb, 34 bytes, Stack size 0 bytes, clock.o(i.CLOCK_EnableModule))
<BR><BR>[Called By]<UL><LI><a href="#[80]">&gt;&gt;</a>&nbsp;&nbsp;&nbsp;Sys_Config
<LI><a href="#[5f]">&gt;&gt;</a>&nbsp;&nbsp;&nbsp;ADC_PowerUp
<LI><a href="#[82]">&gt;&gt;</a>&nbsp;&nbsp;&nbsp;WDT_Init
<LI><a href="#[85]">&gt;&gt;</a>&nbsp;&nbsp;&nbsp;UART_Init
<LI><a href="#[71]">&gt;&gt;</a>&nbsp;&nbsp;&nbsp;PWM_ComplementaryPairChannelInit
<LI><a href="#[83]">&gt;&gt;</a>&nbsp;&nbsp;&nbsp;TIMER1_Init
</UL>

<P><STRONG><a name="[66]"></a>CLOCK_GetModuleClock</STRONG> (Thumb, 16 bytes, Stack size 4 bytes, clock.o(i.CLOCK_GetModuleClock))
<BR><BR>[Stack]<UL><LI>Max Depth = 4<LI>Call Chain = CLOCK_GetModuleClock
</UL>
<BR>[Calls]<UL><LI><a href="#[67]">&gt;&gt;</a>&nbsp;&nbsp;&nbsp;CLOCK_GetModuleDiv
</UL>
<BR>[Called By]<UL><LI><a href="#[61]">&gt;&gt;</a>&nbsp;&nbsp;&nbsp;ADC_SetSampleAndConvertTime
<LI><a href="#[82]">&gt;&gt;</a>&nbsp;&nbsp;&nbsp;WDT_Init
<LI><a href="#[85]">&gt;&gt;</a>&nbsp;&nbsp;&nbsp;UART_Init
<LI><a href="#[71]">&gt;&gt;</a>&nbsp;&nbsp;&nbsp;PWM_ComplementaryPairChannelInit
<LI><a href="#[83]">&gt;&gt;</a>&nbsp;&nbsp;&nbsp;TIMER1_Init
</UL>

<P><STRONG><a name="[67]"></a>CLOCK_GetModuleDiv</STRONG> (Thumb, 26 bytes, Stack size 0 bytes, clock.o(i.CLOCK_GetModuleDiv))
<BR><BR>[Called By]<UL><LI><a href="#[66]">&gt;&gt;</a>&nbsp;&nbsp;&nbsp;CLOCK_GetModuleClock
</UL>

<P><STRONG><a name="[f]"></a>CLOCK_IRQHandler</STRONG> (Thumb, 2 bytes, Stack size 0 bytes, isr.o(i.CLOCK_IRQHandler))
<BR>[Address Reference Count : 1]<UL><LI> startup_spc1168.o(RESET)
</UL>
<P><STRONG><a name="[68]"></a>CLOCK_InitWithRCO</STRONG> (Thumb, 186 bytes, Stack size 16 bytes, clock.o(i.CLOCK_InitWithRCO))
<BR><BR>[Stack]<UL><LI>Max Depth = 16<LI>Call Chain = CLOCK_InitWithRCO
</UL>
<BR>[Calls]<UL><LI><a href="#[69]">&gt;&gt;</a>&nbsp;&nbsp;&nbsp;CLOCK_ConfigurePLLWithRCO
</UL>
<BR>[Called By]<UL><LI><a href="#[80]">&gt;&gt;</a>&nbsp;&nbsp;&nbsp;Sys_Config
</UL>

<P><STRONG><a name="[81]"></a>CLOCK_SetModuleDiv</STRONG> (Thumb, 36 bytes, Stack size 0 bytes, clock.o(i.CLOCK_SetModuleDiv))
<BR><BR>[Called By]<UL><LI><a href="#[80]">&gt;&gt;</a>&nbsp;&nbsp;&nbsp;Sys_Config
</UL>

<P><STRONG><a name="[3e]"></a>CRC_IRQHandler</STRONG> (Thumb, 2 bytes, Stack size 0 bytes, isr.o(i.CRC_IRQHandler))
<BR>[Address Reference Count : 1]<UL><LI> startup_spc1168.o(RESET)
</UL>
<P><STRONG><a name="[88]"></a>ChargeProtect</STRONG> (Thumb, 214 bytes, Stack size 4 bytes, chargefunction.o(i.ChargeProtect))
<BR><BR>[Stack]<UL><LI>Max Depth = 4<LI>Call Chain = ChargeProtect
</UL>
<BR>[Called By]<UL><LI><a href="#[4e]">&gt;&gt;</a>&nbsp;&nbsp;&nbsp;main
</UL>

<P><STRONG><a name="[a]"></a>DebugMon_Handler</STRONG> (Thumb, 2 bytes, Stack size 0 bytes, isr.o(i.DebugMon_Handler))
<BR>[Address Reference Count : 1]<UL><LI> startup_spc1168.o(RESET)
</UL>
<P><STRONG><a name="[84]"></a>Delay_Init</STRONG> (Thumb, 36 bytes, Stack size 0 bytes, delay.o(i.Delay_Init))
<BR><BR>[Called By]<UL><LI><a href="#[80]">&gt;&gt;</a>&nbsp;&nbsp;&nbsp;Sys_Config
</UL>

<P><STRONG><a name="[3a]"></a>ECAP_IRQHandler</STRONG> (Thumb, 2 bytes, Stack size 0 bytes, isr.o(i.ECAP_IRQHandler))
<BR>[Address Reference Count : 1]<UL><LI> startup_spc1168.o(RESET)
</UL>
<P><STRONG><a name="[6a]"></a>FLASH_SetTiming</STRONG> (Thumb, 374 bytes, Stack size 40 bytes, flash.o(i.FLASH_SetTiming))
<BR><BR>[Stack]<UL><LI>Max Depth = 88<LI>Call Chain = FLASH_SetTiming &rArr; __aeabi_uldivmod
</UL>
<BR>[Calls]<UL><LI><a href="#[6b]">&gt;&gt;</a>&nbsp;&nbsp;&nbsp;__aeabi_uldivmod
</UL>
<BR>[Called By]<UL><LI><a href="#[80]">&gt;&gt;</a>&nbsp;&nbsp;&nbsp;Sys_Config
</UL>

<P><STRONG><a name="[6c]"></a>FSM_Handle</STRONG> (Thumb, 404 bytes, Stack size 24 bytes, fsm.o(i.FSM_Handle))
<BR><BR>[Stack]<UL><LI>Max Depth = 96<LI>Call Chain = FSM_Handle &rArr; ResetVal &rArr; Parameter_Loading &rArr; __aeabi_d2uiz
</UL>
<BR>[Calls]<UL><LI><a href="#[6d]">&gt;&gt;</a>&nbsp;&nbsp;&nbsp;ResetVal
</UL>
<BR>[Called By]<UL><LI><a href="#[4e]">&gt;&gt;</a>&nbsp;&nbsp;&nbsp;main
</UL>

<P><STRONG><a name="[12]"></a>GPIO_EDGE_IRQHandler</STRONG> (Thumb, 2 bytes, Stack size 0 bytes, isr.o(i.GPIO_EDGE_IRQHandler))
<BR>[Address Reference Count : 1]<UL><LI> startup_spc1168.o(RESET)
</UL>
<P><STRONG><a name="[11]"></a>GPIO_LEVEL_IRQHandler</STRONG> (Thumb, 2 bytes, Stack size 0 bytes, isr.o(i.GPIO_LEVEL_IRQHandler))
<BR>[Address Reference Count : 1]<UL><LI> startup_spc1168.o(RESET)
</UL>
<P><STRONG><a name="[63]"></a>GPIO_SetPinAsAnalog</STRONG> (Thumb, 26 bytes, Stack size 0 bytes, gpio.o(i.GPIO_SetPinAsAnalog))
<BR><BR>[Called By]<UL><LI><a href="#[5e]">&gt;&gt;</a>&nbsp;&nbsp;&nbsp;ADC_EasyInit1
</UL>

<P><STRONG><a name="[75]"></a>GPIO_SetPinAsGPIO</STRONG> (Thumb, 20 bytes, Stack size 0 bytes, gpio.o(i.GPIO_SetPinAsGPIO))
<BR><BR>[Called By]<UL><LI><a href="#[80]">&gt;&gt;</a>&nbsp;&nbsp;&nbsp;Sys_Config
<LI><a href="#[74]">&gt;&gt;</a>&nbsp;&nbsp;&nbsp;PWM_SetTZ1FromGPIO
<LI><a href="#[73]">&gt;&gt;</a>&nbsp;&nbsp;&nbsp;PWM_SetTZ0FromGPIO
</UL>

<P><STRONG><a name="[76]"></a>GPIO_SetPinDir</STRONG> (Thumb, 38 bytes, Stack size 0 bytes, gpio.o(i.GPIO_SetPinDir))
<BR><BR>[Called By]<UL><LI><a href="#[80]">&gt;&gt;</a>&nbsp;&nbsp;&nbsp;Sys_Config
<LI><a href="#[74]">&gt;&gt;</a>&nbsp;&nbsp;&nbsp;PWM_SetTZ1FromGPIO
<LI><a href="#[73]">&gt;&gt;</a>&nbsp;&nbsp;&nbsp;PWM_SetTZ0FromGPIO
</UL>

<P><STRONG><a name="[5]"></a>HardFault_Handler</STRONG> (Thumb, 2 bytes, Stack size 0 bytes, isr.o(i.HardFault_Handler))
<BR>[Address Reference Count : 1]<UL><LI> startup_spc1168.o(RESET)
</UL>
<P><STRONG><a name="[17]"></a>I2C_IRQHandler</STRONG> (Thumb, 2 bytes, Stack size 0 bytes, isr.o(i.I2C_IRQHandler))
<BR>[Address Reference Count : 1]<UL><LI> startup_spc1168.o(RESET)
</UL>
<P><STRONG><a name="[d]"></a>MEM_IRQHandler</STRONG> (Thumb, 2 bytes, Stack size 0 bytes, isr.o(i.MEM_IRQHandler))
<BR>[Address Reference Count : 1]<UL><LI> startup_spc1168.o(RESET)
</UL>
<P><STRONG><a name="[87]"></a>MeasureVoltage</STRONG> (Thumb, 94 bytes, Stack size 0 bytes, adcfunction.o(i.MeasureVoltage))
<BR><BR>[Called By]<UL><LI><a href="#[3c]">&gt;&gt;</a>&nbsp;&nbsp;&nbsp;TIMER1_IRQHandler
</UL>

<P><STRONG><a name="[6]"></a>MemManage_Handler</STRONG> (Thumb, 2 bytes, Stack size 0 bytes, isr.o(i.MemManage_Handler))
<BR>[Address Reference Count : 1]<UL><LI> startup_spc1168.o(RESET)
</UL>
<P><STRONG><a name="[4]"></a>NMI_Handler</STRONG> (Thumb, 2 bytes, Stack size 0 bytes, isr.o(i.NMI_Handler))
<BR>[Address Reference Count : 1]<UL><LI> startup_spc1168.o(RESET)
</UL>
<P><STRONG><a name="[e]"></a>POWER_IRQHandler</STRONG> (Thumb, 2 bytes, Stack size 0 bytes, isr.o(i.POWER_IRQHandler))
<BR>[Address Reference Count : 1]<UL><LI> startup_spc1168.o(RESET)
</UL>
<P><STRONG><a name="[34]"></a>PWM0TZ_IRQHandler</STRONG> (Thumb, 2 bytes, Stack size 0 bytes, isr.o(i.PWM0TZ_IRQHandler))
<BR>[Address Reference Count : 1]<UL><LI> startup_spc1168.o(RESET)
</UL>
<P><STRONG><a name="[35]"></a>PWM1TZ_IRQHandler</STRONG> (Thumb, 2 bytes, Stack size 0 bytes, isr.o(i.PWM1TZ_IRQHandler))
<BR>[Address Reference Count : 1]<UL><LI> startup_spc1168.o(RESET)
</UL>
<P><STRONG><a name="[2f]"></a>PWM1_IRQHandler</STRONG> (Thumb, 630 bytes, Stack size 32 bytes, chargefunction.o(i.PWM1_IRQHandler))
<BR><BR>[Stack]<UL><LI>Max Depth = 32<LI>Call Chain = PWM1_IRQHandler
</UL>
<BR>[Calls]<UL><LI><a href="#[6e]">&gt;&gt;</a>&nbsp;&nbsp;&nbsp;arm_sin_f32
<LI><a href="#[6f]">&gt;&gt;</a>&nbsp;&nbsp;&nbsp;arm_cos_f32
<LI><a href="#[70]">&gt;&gt;</a>&nbsp;&nbsp;&nbsp;PWMcal
</UL>
<BR>[Address Reference Count : 1]<UL><LI> startup_spc1168.o(RESET)
</UL>
<P><STRONG><a name="[36]"></a>PWM2TZ_IRQHandler</STRONG> (Thumb, 2 bytes, Stack size 0 bytes, isr.o(i.PWM2TZ_IRQHandler))
<BR>[Address Reference Count : 1]<UL><LI> startup_spc1168.o(RESET)
</UL>
<P><STRONG><a name="[30]"></a>PWM2_IRQHandler</STRONG> (Thumb, 2 bytes, Stack size 0 bytes, isr.o(i.PWM2_IRQHandler))
<BR>[Address Reference Count : 1]<UL><LI> startup_spc1168.o(RESET)
</UL>
<P><STRONG><a name="[37]"></a>PWM3TZ_IRQHandler</STRONG> (Thumb, 2 bytes, Stack size 0 bytes, isr.o(i.PWM3TZ_IRQHandler))
<BR>[Address Reference Count : 1]<UL><LI> startup_spc1168.o(RESET)
</UL>
<P><STRONG><a name="[31]"></a>PWM3_IRQHandler</STRONG> (Thumb, 2 bytes, Stack size 0 bytes, isr.o(i.PWM3_IRQHandler))
<BR>[Address Reference Count : 1]<UL><LI> startup_spc1168.o(RESET)
</UL>
<P><STRONG><a name="[38]"></a>PWM4TZ_IRQHandler</STRONG> (Thumb, 2 bytes, Stack size 0 bytes, isr.o(i.PWM4TZ_IRQHandler))
<BR>[Address Reference Count : 1]<UL><LI> startup_spc1168.o(RESET)
</UL>
<P><STRONG><a name="[32]"></a>PWM4_IRQHandler</STRONG> (Thumb, 2 bytes, Stack size 0 bytes, isr.o(i.PWM4_IRQHandler))
<BR>[Address Reference Count : 1]<UL><LI> startup_spc1168.o(RESET)
</UL>
<P><STRONG><a name="[39]"></a>PWM5TZ_IRQHandler</STRONG> (Thumb, 2 bytes, Stack size 0 bytes, isr.o(i.PWM5TZ_IRQHandler))
<BR>[Address Reference Count : 1]<UL><LI> startup_spc1168.o(RESET)
</UL>
<P><STRONG><a name="[33]"></a>PWM5_IRQHandler</STRONG> (Thumb, 2 bytes, Stack size 0 bytes, isr.o(i.PWM5_IRQHandler))
<BR>[Address Reference Count : 1]<UL><LI> startup_spc1168.o(RESET)
</UL>
<P><STRONG><a name="[71]"></a>PWM_ComplementaryPairChannelInit</STRONG> (Thumb, 112 bytes, Stack size 16 bytes, pwm.o(i.PWM_ComplementaryPairChannelInit))
<BR><BR>[Stack]<UL><LI>Max Depth = 20<LI>Call Chain = PWM_ComplementaryPairChannelInit &rArr; CLOCK_GetModuleClock
</UL>
<BR>[Calls]<UL><LI><a href="#[66]">&gt;&gt;</a>&nbsp;&nbsp;&nbsp;CLOCK_GetModuleClock
<LI><a href="#[64]">&gt;&gt;</a>&nbsp;&nbsp;&nbsp;CLOCK_EnableModule
</UL>
<BR>[Called By]<UL><LI><a href="#[72]">&gt;&gt;</a>&nbsp;&nbsp;&nbsp;PWM_Config
</UL>

<P><STRONG><a name="[72]"></a>PWM_Config</STRONG> (Thumb, 232 bytes, Stack size 8 bytes, systemconfig.o(i.PWM_Config))
<BR><BR>[Stack]<UL><LI>Max Depth = 28<LI>Call Chain = PWM_Config &rArr; PWM_ComplementaryPairChannelInit &rArr; CLOCK_GetModuleClock
</UL>
<BR>[Calls]<UL><LI><a href="#[74]">&gt;&gt;</a>&nbsp;&nbsp;&nbsp;PWM_SetTZ1FromGPIO
<LI><a href="#[73]">&gt;&gt;</a>&nbsp;&nbsp;&nbsp;PWM_SetTZ0FromGPIO
<LI><a href="#[71]">&gt;&gt;</a>&nbsp;&nbsp;&nbsp;PWM_ComplementaryPairChannelInit
</UL>
<BR>[Called By]<UL><LI><a href="#[4e]">&gt;&gt;</a>&nbsp;&nbsp;&nbsp;main
</UL>

<P><STRONG><a name="[73]"></a>PWM_SetTZ0FromGPIO</STRONG> (Thumb, 30 bytes, Stack size 16 bytes, pwm.o(i.PWM_SetTZ0FromGPIO))
<BR><BR>[Stack]<UL><LI>Max Depth = 16<LI>Call Chain = PWM_SetTZ0FromGPIO
</UL>
<BR>[Calls]<UL><LI><a href="#[76]">&gt;&gt;</a>&nbsp;&nbsp;&nbsp;GPIO_SetPinDir
<LI><a href="#[75]">&gt;&gt;</a>&nbsp;&nbsp;&nbsp;GPIO_SetPinAsGPIO
</UL>
<BR>[Called By]<UL><LI><a href="#[72]">&gt;&gt;</a>&nbsp;&nbsp;&nbsp;PWM_Config
</UL>

<P><STRONG><a name="[74]"></a>PWM_SetTZ1FromGPIO</STRONG> (Thumb, 30 bytes, Stack size 16 bytes, pwm.o(i.PWM_SetTZ1FromGPIO))
<BR><BR>[Stack]<UL><LI>Max Depth = 16<LI>Call Chain = PWM_SetTZ1FromGPIO
</UL>
<BR>[Calls]<UL><LI><a href="#[76]">&gt;&gt;</a>&nbsp;&nbsp;&nbsp;GPIO_SetPinDir
<LI><a href="#[75]">&gt;&gt;</a>&nbsp;&nbsp;&nbsp;GPIO_SetPinAsGPIO
</UL>
<BR>[Called By]<UL><LI><a href="#[72]">&gt;&gt;</a>&nbsp;&nbsp;&nbsp;PWM_Config
</UL>

<P><STRONG><a name="[70]"></a>PWMcal</STRONG> (Thumb, 960 bytes, Stack size 0 bytes, chargefunction.o(i.PWMcal))
<BR><BR>[Called By]<UL><LI><a href="#[2f]">&gt;&gt;</a>&nbsp;&nbsp;&nbsp;PWM1_IRQHandler
</UL>

<P><STRONG><a name="[77]"></a>Parameter_Loading</STRONG> (Thumb, 342 bytes, Stack size 24 bytes, chargefunction.o(i.Parameter_Loading))
<BR><BR>[Stack]<UL><LI>Max Depth = 64<LI>Call Chain = Parameter_Loading &rArr; __aeabi_d2uiz
</UL>
<BR>[Calls]<UL><LI><a href="#[7c]">&gt;&gt;</a>&nbsp;&nbsp;&nbsp;set_sogi_coff
<LI><a href="#[7b]">&gt;&gt;</a>&nbsp;&nbsp;&nbsp;set_pwm
<LI><a href="#[7e]">&gt;&gt;</a>&nbsp;&nbsp;&nbsp;set_pll_conf
<LI><a href="#[7d]">&gt;&gt;</a>&nbsp;&nbsp;&nbsp;set_p1z1_coff
<LI><a href="#[79]">&gt;&gt;</a>&nbsp;&nbsp;&nbsp;__aeabi_dmul
<LI><a href="#[78]">&gt;&gt;</a>&nbsp;&nbsp;&nbsp;__aeabi_ui2d
<LI><a href="#[7a]">&gt;&gt;</a>&nbsp;&nbsp;&nbsp;__aeabi_d2uiz
</UL>
<BR>[Called By]<UL><LI><a href="#[4e]">&gt;&gt;</a>&nbsp;&nbsp;&nbsp;main
<LI><a href="#[6d]">&gt;&gt;</a>&nbsp;&nbsp;&nbsp;ResetVal
</UL>

<P><STRONG><a name="[b]"></a>PendSV_Handler</STRONG> (Thumb, 2 bytes, Stack size 0 bytes, isr.o(i.PendSV_Handler))
<BR>[Address Reference Count : 1]<UL><LI> startup_spc1168.o(RESET)
</UL>
<P><STRONG><a name="[89]"></a>PowerControl</STRONG> (Thumb, 56 bytes, Stack size 0 bytes, fsm.o(i.PowerControl))
<BR><BR>[Called By]<UL><LI><a href="#[4e]">&gt;&gt;</a>&nbsp;&nbsp;&nbsp;main
</UL>

<P><STRONG><a name="[6d]"></a>ResetVal</STRONG> (Thumb, 56 bytes, Stack size 8 bytes, chargefunction.o(i.ResetVal))
<BR><BR>[Stack]<UL><LI>Max Depth = 72<LI>Call Chain = ResetVal &rArr; Parameter_Loading &rArr; __aeabi_d2uiz
</UL>
<BR>[Calls]<UL><LI><a href="#[77]">&gt;&gt;</a>&nbsp;&nbsp;&nbsp;Parameter_Loading
<LI><a href="#[7f]">&gt;&gt;</a>&nbsp;&nbsp;&nbsp;__aeabi_memclr4
</UL>
<BR>[Called By]<UL><LI><a href="#[6c]">&gt;&gt;</a>&nbsp;&nbsp;&nbsp;FSM_Handle
</UL>

<P><STRONG><a name="[13]"></a>SIO0A_IRQHandler</STRONG> (Thumb, 2 bytes, Stack size 0 bytes, isr.o(i.SIO0A_IRQHandler))
<BR>[Address Reference Count : 1]<UL><LI> startup_spc1168.o(RESET)
</UL>
<P><STRONG><a name="[14]"></a>SIO0B_IRQHandler</STRONG> (Thumb, 2 bytes, Stack size 0 bytes, isr.o(i.SIO0B_IRQHandler))
<BR>[Address Reference Count : 1]<UL><LI> startup_spc1168.o(RESET)
</UL>
<P><STRONG><a name="[16]"></a>SSP_IRQHandler</STRONG> (Thumb, 2 bytes, Stack size 0 bytes, isr.o(i.SSP_IRQHandler))
<BR>[Address Reference Count : 1]<UL><LI> startup_spc1168.o(RESET)
</UL>
<P><STRONG><a name="[9]"></a>SVC_Handler</STRONG> (Thumb, 2 bytes, Stack size 0 bytes, isr.o(i.SVC_Handler))
<BR>[Address Reference Count : 1]<UL><LI> startup_spc1168.o(RESET)
</UL>
<P><STRONG><a name="[c]"></a>SysTick_Handler</STRONG> (Thumb, 2 bytes, Stack size 0 bytes, isr.o(i.SysTick_Handler))
<BR>[Address Reference Count : 1]<UL><LI> startup_spc1168.o(RESET)
</UL>
<P><STRONG><a name="[80]"></a>Sys_Config</STRONG> (Thumb, 152 bytes, Stack size 8 bytes, systemconfig.o(i.Sys_Config))
<BR><BR>[Stack]<UL><LI>Max Depth = 96<LI>Call Chain = Sys_Config &rArr; FLASH_SetTiming &rArr; __aeabi_uldivmod
</UL>
<BR>[Calls]<UL><LI><a href="#[84]">&gt;&gt;</a>&nbsp;&nbsp;&nbsp;Delay_Init
<LI><a href="#[82]">&gt;&gt;</a>&nbsp;&nbsp;&nbsp;WDT_Init
<LI><a href="#[85]">&gt;&gt;</a>&nbsp;&nbsp;&nbsp;UART_Init
<LI><a href="#[76]">&gt;&gt;</a>&nbsp;&nbsp;&nbsp;GPIO_SetPinDir
<LI><a href="#[75]">&gt;&gt;</a>&nbsp;&nbsp;&nbsp;GPIO_SetPinAsGPIO
<LI><a href="#[6a]">&gt;&gt;</a>&nbsp;&nbsp;&nbsp;FLASH_SetTiming
<LI><a href="#[81]">&gt;&gt;</a>&nbsp;&nbsp;&nbsp;CLOCK_SetModuleDiv
<LI><a href="#[68]">&gt;&gt;</a>&nbsp;&nbsp;&nbsp;CLOCK_InitWithRCO
<LI><a href="#[64]">&gt;&gt;</a>&nbsp;&nbsp;&nbsp;CLOCK_EnableModule
<LI><a href="#[83]">&gt;&gt;</a>&nbsp;&nbsp;&nbsp;TIMER1_Init
</UL>
<BR>[Called By]<UL><LI><a href="#[4e]">&gt;&gt;</a>&nbsp;&nbsp;&nbsp;main
</UL>

<P><STRONG><a name="[40]"></a>SystemInit</STRONG> (Thumb, 18 bytes, Stack size 0 bytes, system_spc1168.o(i.SystemInit))
<BR>[Address Reference Count : 1]<UL><LI> startup_spc1168.o(.text)
</UL>
<P><STRONG><a name="[3b]"></a>TIMER0_IRQHandler</STRONG> (Thumb, 8 bytes, Stack size 0 bytes, adcfunction.o(i.TIMER0_IRQHandler))
<BR>[Address Reference Count : 1]<UL><LI> startup_spc1168.o(RESET)
</UL>
<P><STRONG><a name="[3c]"></a>TIMER1_IRQHandler</STRONG> (Thumb, 420 bytes, Stack size 16 bytes, systemconfig.o(i.TIMER1_IRQHandler))
<BR><BR>[Stack]<UL><LI>Max Depth = 16<LI>Call Chain = TIMER1_IRQHandler
</UL>
<BR>[Calls]<UL><LI><a href="#[86]">&gt;&gt;</a>&nbsp;&nbsp;&nbsp;pll_chk_phase_lock
<LI><a href="#[87]">&gt;&gt;</a>&nbsp;&nbsp;&nbsp;MeasureVoltage
</UL>
<BR>[Address Reference Count : 1]<UL><LI> startup_spc1168.o(RESET)
</UL>
<P><STRONG><a name="[83]"></a>TIMER1_Init</STRONG> (Thumb, 48 bytes, Stack size 8 bytes, systemconfig.o(i.TIMER1_Init))
<BR><BR>[Stack]<UL><LI>Max Depth = 12<LI>Call Chain = TIMER1_Init &rArr; CLOCK_GetModuleClock
</UL>
<BR>[Calls]<UL><LI><a href="#[66]">&gt;&gt;</a>&nbsp;&nbsp;&nbsp;CLOCK_GetModuleClock
<LI><a href="#[64]">&gt;&gt;</a>&nbsp;&nbsp;&nbsp;CLOCK_EnableModule
</UL>
<BR>[Called By]<UL><LI><a href="#[80]">&gt;&gt;</a>&nbsp;&nbsp;&nbsp;Sys_Config
</UL>

<P><STRONG><a name="[3d]"></a>TIMER2_IRQHandler</STRONG> (Thumb, 2 bytes, Stack size 0 bytes, adcfunction.o(i.TIMER2_IRQHandler))
<BR>[Address Reference Count : 1]<UL><LI> startup_spc1168.o(RESET)
</UL>
<P><STRONG><a name="[15]"></a>UART_IRQHandler</STRONG> (Thumb, 2 bytes, Stack size 0 bytes, isr.o(i.UART_IRQHandler))
<BR>[Address Reference Count : 1]<UL><LI> startup_spc1168.o(RESET)
</UL>
<P><STRONG><a name="[85]"></a>UART_Init</STRONG> (Thumb, 92 bytes, Stack size 16 bytes, uart.o(i.UART_Init))
<BR><BR>[Stack]<UL><LI>Max Depth = 20<LI>Call Chain = UART_Init &rArr; CLOCK_GetModuleClock
</UL>
<BR>[Calls]<UL><LI><a href="#[66]">&gt;&gt;</a>&nbsp;&nbsp;&nbsp;CLOCK_GetModuleClock
<LI><a href="#[64]">&gt;&gt;</a>&nbsp;&nbsp;&nbsp;CLOCK_EnableModule
</UL>
<BR>[Called By]<UL><LI><a href="#[80]">&gt;&gt;</a>&nbsp;&nbsp;&nbsp;Sys_Config
</UL>

<P><STRONG><a name="[8]"></a>UsageFault_Handler</STRONG> (Thumb, 2 bytes, Stack size 0 bytes, isr.o(i.UsageFault_Handler))
<BR>[Address Reference Count : 1]<UL><LI> startup_spc1168.o(RESET)
</UL>
<P><STRONG><a name="[10]"></a>WDT1_IRQHandler</STRONG> (Thumb, 32 bytes, Stack size 0 bytes, systemconfig.o(i.WDT1_IRQHandler))
<BR>[Address Reference Count : 1]<UL><LI> startup_spc1168.o(RESET)
</UL>
<P><STRONG><a name="[82]"></a>WDT_Init</STRONG> (Thumb, 74 bytes, Stack size 16 bytes, wdt.o(i.WDT_Init))
<BR><BR>[Stack]<UL><LI>Max Depth = 20<LI>Call Chain = WDT_Init &rArr; CLOCK_GetModuleClock
</UL>
<BR>[Calls]<UL><LI><a href="#[66]">&gt;&gt;</a>&nbsp;&nbsp;&nbsp;CLOCK_GetModuleClock
<LI><a href="#[64]">&gt;&gt;</a>&nbsp;&nbsp;&nbsp;CLOCK_EnableModule
</UL>
<BR>[Called By]<UL><LI><a href="#[80]">&gt;&gt;</a>&nbsp;&nbsp;&nbsp;Sys_Config
</UL>

<P><STRONG><a name="[4e]"></a>main</STRONG> (Thumb, 36 bytes, Stack size 0 bytes, main.o(i.main))
<BR><BR>[Stack]<UL><LI>Max Depth = 96<LI>Call Chain = main &rArr; Sys_Config &rArr; FLASH_SetTiming &rArr; __aeabi_uldivmod
</UL>
<BR>[Calls]<UL><LI><a href="#[80]">&gt;&gt;</a>&nbsp;&nbsp;&nbsp;Sys_Config
<LI><a href="#[89]">&gt;&gt;</a>&nbsp;&nbsp;&nbsp;PowerControl
<LI><a href="#[72]">&gt;&gt;</a>&nbsp;&nbsp;&nbsp;PWM_Config
<LI><a href="#[6c]">&gt;&gt;</a>&nbsp;&nbsp;&nbsp;FSM_Handle
<LI><a href="#[77]">&gt;&gt;</a>&nbsp;&nbsp;&nbsp;Parameter_Loading
<LI><a href="#[88]">&gt;&gt;</a>&nbsp;&nbsp;&nbsp;ChargeProtect
<LI><a href="#[5d]">&gt;&gt;</a>&nbsp;&nbsp;&nbsp;ADC_Config
</UL>
<BR>[Called By]<UL><LI><a href="#[4d]">&gt;&gt;</a>&nbsp;&nbsp;&nbsp;__rt_entry_main
</UL>

<P><STRONG><a name="[86]"></a>pll_chk_phase_lock</STRONG> (Thumb, 80 bytes, Stack size 0 bytes, chargefunction.o(i.pll_chk_phase_lock))
<BR><BR>[Called By]<UL><LI><a href="#[3c]">&gt;&gt;</a>&nbsp;&nbsp;&nbsp;TIMER1_IRQHandler
</UL>

<P><STRONG><a name="[7d]"></a>set_p1z1_coff</STRONG> (Thumb, 86 bytes, Stack size 0 bytes, chargefunction.o(i.set_p1z1_coff))
<BR><BR>[Called By]<UL><LI><a href="#[77]">&gt;&gt;</a>&nbsp;&nbsp;&nbsp;Parameter_Loading
</UL>

<P><STRONG><a name="[7e]"></a>set_pll_conf</STRONG> (Thumb, 146 bytes, Stack size 0 bytes, chargefunction.o(i.set_pll_conf))
<BR><BR>[Called By]<UL><LI><a href="#[77]">&gt;&gt;</a>&nbsp;&nbsp;&nbsp;Parameter_Loading
</UL>

<P><STRONG><a name="[7b]"></a>set_pwm</STRONG> (Thumb, 94 bytes, Stack size 0 bytes, chargefunction.o(i.set_pwm))
<BR><BR>[Called By]<UL><LI><a href="#[77]">&gt;&gt;</a>&nbsp;&nbsp;&nbsp;Parameter_Loading
</UL>

<P><STRONG><a name="[7c]"></a>set_sogi_coff</STRONG> (Thumb, 108 bytes, Stack size 0 bytes, chargefunction.o(i.set_sogi_coff))
<BR><BR>[Called By]<UL><LI><a href="#[77]">&gt;&gt;</a>&nbsp;&nbsp;&nbsp;Parameter_Loading
</UL>

<P><STRONG><a name="[7a]"></a>__aeabi_d2uiz</STRONG> (Thumb, 0 bytes, Stack size 40 bytes, dfixu.o(x$fpl$dfixu))
<BR><BR>[Stack]<UL><LI>Max Depth = 40<LI>Call Chain = __aeabi_d2uiz
</UL>
<BR>[Called By]<UL><LI><a href="#[77]">&gt;&gt;</a>&nbsp;&nbsp;&nbsp;Parameter_Loading
</UL>

<P><STRONG><a name="[8a]"></a>_dfixu</STRONG> (Thumb, 212 bytes, Stack size 40 bytes, dfixu.o(x$fpl$dfixu), UNUSED)
<BR><BR>[Calls]<UL><LI><a href="#[8b]">&gt;&gt;</a>&nbsp;&nbsp;&nbsp;__fpl_exception
<LI><a href="#[8c]">&gt;&gt;</a>&nbsp;&nbsp;&nbsp;__fpl_dnaninf
</UL>

<P><STRONG><a name="[78]"></a>__aeabi_ui2d</STRONG> (Thumb, 0 bytes, Stack size 0 bytes, dflt_clz.o(x$fpl$dfltu))
<BR><BR>[Called By]<UL><LI><a href="#[77]">&gt;&gt;</a>&nbsp;&nbsp;&nbsp;Parameter_Loading
</UL>

<P><STRONG><a name="[c4]"></a>_dfltu</STRONG> (Thumb, 38 bytes, Stack size 0 bytes, dflt_clz.o(x$fpl$dfltu), UNUSED)

<P><STRONG><a name="[79]"></a>__aeabi_dmul</STRONG> (Thumb, 0 bytes, Stack size 32 bytes, dmul_clz.o(x$fpl$dmul))
<BR><BR>[Stack]<UL><LI>Max Depth = 32<LI>Call Chain = __aeabi_dmul
</UL>
<BR>[Called By]<UL><LI><a href="#[77]">&gt;&gt;</a>&nbsp;&nbsp;&nbsp;Parameter_Loading
</UL>

<P><STRONG><a name="[8d]"></a>_dmul</STRONG> (Thumb, 440 bytes, Stack size 32 bytes, dmul_clz.o(x$fpl$dmul), UNUSED)
<BR><BR>[Calls]<UL><LI><a href="#[8b]">&gt;&gt;</a>&nbsp;&nbsp;&nbsp;__fpl_exception
<LI><a href="#[8e]">&gt;&gt;</a>&nbsp;&nbsp;&nbsp;__dunder
<LI><a href="#[90]">&gt;&gt;</a>&nbsp;&nbsp;&nbsp;__fpl_dretinf
<LI><a href="#[8f]">&gt;&gt;</a>&nbsp;&nbsp;&nbsp;__fpl_drenorm2
<LI><a href="#[8c]">&gt;&gt;</a>&nbsp;&nbsp;&nbsp;__fpl_dnaninf
</UL>

<P><STRONG><a name="[8c]"></a>__fpl_dnaninf</STRONG> (Thumb, 258 bytes, Stack size 16 bytes, dnaninf.o(x$fpl$dnaninf), UNUSED)
<BR><BR>[Calls]<UL><LI><a href="#[8b]">&gt;&gt;</a>&nbsp;&nbsp;&nbsp;__fpl_exception
<LI><a href="#[91]">&gt;&gt;</a>&nbsp;&nbsp;&nbsp;__dunder_d
</UL>
<BR>[Called By]<UL><LI><a href="#[8d]">&gt;&gt;</a>&nbsp;&nbsp;&nbsp;_dmul
<LI><a href="#[8a]">&gt;&gt;</a>&nbsp;&nbsp;&nbsp;_dfixu
</UL>

<P><STRONG><a name="[8f]"></a>__fpl_drenorm2</STRONG> (Thumb, 106 bytes, Stack size 24 bytes, drenorm_clz.o(x$fpl$drenorm), UNUSED)
<BR><BR>[Called By]<UL><LI><a href="#[8d]">&gt;&gt;</a>&nbsp;&nbsp;&nbsp;_dmul
</UL>

<P><STRONG><a name="[92]"></a>__fpl_drenorm1</STRONG> (Thumb, 6 bytes, Stack size 8 bytes, drenorm_clz.o(x$fpl$drenorm), UNUSED)
<BR><BR>[Called By]<UL><LI><a href="#[91]">&gt;&gt;</a>&nbsp;&nbsp;&nbsp;__dunder_d
</UL>

<P><STRONG><a name="[90]"></a>__fpl_dretinf</STRONG> (Thumb, 12 bytes, Stack size 0 bytes, dretinf.o(x$fpl$dretinf), UNUSED)
<BR><BR>[Called By]<UL><LI><a href="#[8d]">&gt;&gt;</a>&nbsp;&nbsp;&nbsp;_dmul
</UL>

<P><STRONG><a name="[8e]"></a>__dunder</STRONG> (Thumb, 314 bytes, Stack size 4 bytes, dunder_clz.o(x$fpl$dunder), UNUSED)
<BR><BR>[Calls]<UL><LI><a href="#[8b]">&gt;&gt;</a>&nbsp;&nbsp;&nbsp;__fpl_exception
</UL>
<BR>[Called By]<UL><LI><a href="#[8d]">&gt;&gt;</a>&nbsp;&nbsp;&nbsp;_dmul
</UL>

<P><STRONG><a name="[91]"></a>__dunder_d</STRONG> (Thumb, 64 bytes, Stack size 24 bytes, dunder_clz.o(x$fpl$dunder), UNUSED)
<BR><BR>[Calls]<UL><LI><a href="#[93]">&gt;&gt;</a>&nbsp;&nbsp;&nbsp;_fp_trapveneer
<LI><a href="#[92]">&gt;&gt;</a>&nbsp;&nbsp;&nbsp;__fpl_drenorm1
</UL>
<BR>[Called By]<UL><LI><a href="#[8c]">&gt;&gt;</a>&nbsp;&nbsp;&nbsp;__fpl_dnaninf
</UL>

<P><STRONG><a name="[8b]"></a>__fpl_exception</STRONG> (Thumb, 454 bytes, Stack size 16 bytes, except.o(x$fpl$exception), UNUSED)
<BR><BR>[Calls]<UL><LI><a href="#[93]">&gt;&gt;</a>&nbsp;&nbsp;&nbsp;_fp_trapveneer
<LI><a href="#[94]">&gt;&gt;</a>&nbsp;&nbsp;&nbsp;__fpl_return_NaN
</UL>
<BR>[Called By]<UL><LI><a href="#[8e]">&gt;&gt;</a>&nbsp;&nbsp;&nbsp;__dunder
<LI><a href="#[8c]">&gt;&gt;</a>&nbsp;&nbsp;&nbsp;__fpl_dnaninf
<LI><a href="#[8d]">&gt;&gt;</a>&nbsp;&nbsp;&nbsp;_dmul
<LI><a href="#[8a]">&gt;&gt;</a>&nbsp;&nbsp;&nbsp;_dfixu
</UL>

<P><STRONG><a name="[48]"></a>_fp_init</STRONG> (Thumb, 10 bytes, Stack size 0 bytes, fpinit.o(x$fpl$fpinit))
<BR><BR>[Called By]<UL><LI><a href="#[47]">&gt;&gt;</a>&nbsp;&nbsp;&nbsp;__rt_lib_init_fp_1
</UL>

<P><STRONG><a name="[c5]"></a>__fplib_config_fpu_vfp</STRONG> (Thumb, 0 bytes, Stack size unknown bytes, fpinit.o(x$fpl$fpinit), UNUSED)

<P><STRONG><a name="[c6]"></a>__fplib_config_pureend_doubles</STRONG> (Thumb, 0 bytes, Stack size unknown bytes, fpinit.o(x$fpl$fpinit), UNUSED)

<P><STRONG><a name="[94]"></a>__fpl_return_NaN</STRONG> (Thumb, 178 bytes, Stack size 0 bytes, retnan.o(x$fpl$retnan), UNUSED)
<BR><BR>[Calls]<UL><LI><a href="#[95]">&gt;&gt;</a>&nbsp;&nbsp;&nbsp;__fpl_cmpreturn
</UL>
<BR>[Called By]<UL><LI><a href="#[8b]">&gt;&gt;</a>&nbsp;&nbsp;&nbsp;__fpl_exception
</UL>

<P><STRONG><a name="[93]"></a>_fp_trapveneer</STRONG> (Thumb, 36 bytes, Stack size 16 bytes, trapv.o(x$fpl$trapveneer), UNUSED)
<BR><BR>[Calls]<UL><LI><a href="#[56]">&gt;&gt;</a>&nbsp;&nbsp;&nbsp;_fp_trap
</UL>
<BR>[Called By]<UL><LI><a href="#[8b]">&gt;&gt;</a>&nbsp;&nbsp;&nbsp;__fpl_exception
<LI><a href="#[91]">&gt;&gt;</a>&nbsp;&nbsp;&nbsp;__dunder_d
</UL>

<P><STRONG><a name="[95]"></a>__fpl_cmpreturn</STRONG> (Thumb, 90 bytes, Stack size 0 bytes, trapv.o(x$fpl$trapveneer), UNUSED)
<BR><BR>[Called By]<UL><LI><a href="#[94]">&gt;&gt;</a>&nbsp;&nbsp;&nbsp;__fpl_return_NaN
</UL>
<P>
<H3>
Local Symbols
</H3><P>
<H3>
Undefined Global Symbols
</H3><HR></body></html>
