<html>
<body>
<pre>
<h1>µVision Build Log</h1>
<h2>Tool Versions:</h2>
IDE-Version: ¦ÌVision V5.14.0.0
Copyright (C) 2015 ARM Ltd and ARM Germany GmbH. All rights reserved.
License Information: FU CG, ADVANTAGE POWER, LIC=----
 
Tool Versions:
Toolchain:       MDK-Lite  Version: 5.14.0.0
Toolchain Path:  D:\ARM\ARM\ARMCC\Bin
C Compiler:      Armcc.exe V5.05 update 1 (build 106)
Assembler:       Armasm.exe V5.05 update 1 (build 106)
Linker/Locator:  ArmLink.exe V5.05 update 1 (build 106)
Library Manager: ArmAr.exe V5.05 update 1 (build 106)
Hex Converter:   FromElf.exe V5.05 update 1 (build 106)
CPU DLL:         SARMCM3.DLL V5.14.0.0
Dialog DLL:      DCM.DLL V1.13.1.0
Target DLL:      Segger\JL2CM3.dll V2.99.13.0
Dialog DLL:      TCM.DLL V1.14.4.0
 
<h2>Project:</h2>
D:\2019Project\3_3KW_TotemPole\Proj\3_3kw_TotemPole.uvprojx
Project File Date:  10/23/2019

<h2>Output:</h2>
Rebuild target 'Code'
compiling AdcFunction.c...
compiling ChargeFunction.c...
compiling delay.c...
compiling isr.c...
compiling main.c...
compiling SystemConfig.c...
compiling system_spc1168.c...
compiling fsm.c...
compiling algorithm.c...
assembling startup_spc1168.s...
compiling adc.c...
compiling clock.c...
compiling flash.c...
compiling gpio.c...
compiling pwm.c...
compiling system.c...
compiling timer.c...
compiling aes.c...
compiling comp.c...
compiling crc.c...
compiling ecap.c...
compiling i2c.c...
compiling pga.c...
compiling power.c...
compiling ssp.c...
compiling uart.c...
compiling wdt.c...
linking...
Program Size: Code=9180 RO-data=2392 RW-data=100 ZI-data=3172  
FromELF: creating hex file...
"..\Output\3_3kw_TotemPole.axf" - 0 Error(s), 0 Warning(s).

<h2>Collection of Component include folders:</h2>
  D:\2019Project\3_3KW_TotemPole\Proj\RTE
  D:\\ARM\PACK\ARM\CMSIS\4.2.0\Device\ARM\ARMCM4\Include

<h2>Collection of Component Files used:</h2>
</pre>
</body>
</html>
