Component: ARM Compiler 5.05 update 1 (build 106) Tool: armlink [4d0efa]

==============================================================================

Section Cross References

    adcfunction.o(i.ADC1_IRQHandler) refers to adcfunction.o(.data) for ADCvalue
    adcfunction.o(i.ADC5_IRQHandler) refers to adcfunction.o(.data) for ADCvalue
    adcfunction.o(i.ADC_Config) refers to adc.o(i.ADC_EasyInit1) for ADC_EasyInit1
    adcfunction.o(i.ADC_Config) refers to adcfunction.o(i.NVIC_EnableIRQ) for NVIC_EnableIRQ
    adcfunction.o(i.CalVin_rms) refers to adcfunction.o(i.Cal_RMS) for Cal_RMS
    adcfunction.o(i.CalVin_rms) refers to adcfunction.o(.data) for fg_rms
    adcfunction.o(i.CalVin_rms) refers to adcfunction.o(.bss) for Vinbuff
    adcfunction.o(i.CalVin_rms) refers to chargefunction.o(.bss) for pwmcalval
    chargefunction.o(i.ChargeProtect) refers to chargefunction.o(.data) for FaultState
    chargefunction.o(i.ChargeProtect) refers to adcfunction.o(.bss) for protectval
    chargefunction.o(i.PLLCal) refers to arm_sin_f32.o(.text) for arm_sin_f32
    chargefunction.o(i.PLLCal) refers to arm_cos_f32.o(.text) for arm_cos_f32
    chargefunction.o(i.PLLCal) refers to chargefunction.o(.bss) for pll_val
    chargefunction.o(i.PLL_Status) refers to chargefunction.o(.bss) for pll_val
    chargefunction.o(i.PLL_Status) refers to chargefunction.o(.data) for pllstatus
    chargefunction.o(i.PWM2_IRQHandler) refers to adcfunction.o(i.MeasureVoltage) for MeasureVoltage
    chargefunction.o(i.PWM2_IRQHandler) refers to adcfunction.o(i.MeasureCurrent) for MeasureCurrent
    chargefunction.o(i.PWM2_IRQHandler) refers to chargefunction.o(i.PLLCal) for PLLCal
    chargefunction.o(i.PWM2_IRQHandler) refers to chargefunction.o(i.pll_chk_phase_lock) for pll_chk_phase_lock
    chargefunction.o(i.PWM2_IRQHandler) refers to chargefunction.o(i.PLL_Status) for PLL_Status
    chargefunction.o(i.PWM2_IRQHandler) refers to chargefunction.o(i.PWMcal) for PWMcal
    chargefunction.o(i.PWM2_IRQHandler) refers to chargefunction.o(i.ChargeProtect) for ChargeProtect
    chargefunction.o(i.PWM2_IRQHandler) refers to fsm.o(.data) for SysState
    chargefunction.o(i.PWMcal) refers to chargefunction.o(.bss) for pwmcalval
    chargefunction.o(i.PWMcal) refers to chargefunction.o(.data) for pllstatus
    chargefunction.o(i.PWMcal) refers to fsm.o(.data) for SysFlag
    chargefunction.o(i.Parameter_Loading) refers to chargefunction.o(i.set_pwm) for set_pwm
    chargefunction.o(i.Parameter_Loading) refers to chargefunction.o(i.set_sogi_coff) for set_sogi_coff
    chargefunction.o(i.Parameter_Loading) refers to chargefunction.o(i.set_p1z1_coff) for set_p1z1_coff
    chargefunction.o(i.Parameter_Loading) refers to chargefunction.o(i.set_pll_conf) for set_pll_conf
    chargefunction.o(i.Parameter_Loading) refers to chargefunction.o(.bss) for pwmcalval
    chargefunction.o(i.Parameter_Loading) refers to adcfunction.o(.bss) for protectval
    chargefunction.o(i.ResetVal) refers to chargefunction.o(.bss) for pwmcalval
    chargefunction.o(i.ResetVal) refers to fsm.o(.data) for SysFlag
    chargefunction.o(i.ResetVal) refers to chargefunction.o(.data) for DelayPWM
    chargefunction.o(i.VoltageCal) refers to chargefunction.o(.bss) for pwmcalval
    chargefunction.o(i.VoltageCal) refers to chargefunction.o(.data) for pllstatus
    chargefunction.o(i.pll_chk_phase_lock) refers to chargefunction.o(.bss) for pll_val
    chargefunction.o(i.set_p1z1_coff) refers to chargefunction.o(.bss) for pll_cqr
    chargefunction.o(i.set_pll_conf) refers to rt_memclr_w.o(.text) for __aeabi_memclr4
    chargefunction.o(i.set_pll_conf) refers to chargefunction.o(.bss) for pll_conf
    chargefunction.o(i.set_pwm) refers to chargefunction.o(.bss) for bdc_pwm
    chargefunction.o(i.set_sogi_coff) refers to chargefunction.o(.bss) for sogi_val
    delay.o(i.Delay_Init) refers to system_spc1168.o(.bss) for SysInfo
    delay.o(i.Delay_Init) refers to delay.o(.data) for u32DelayLoopPerUs
    delay.o(i.Delay_Ms) refers to delay.o(i.Delay_Us) for Delay_Us
    delay.o(i.Delay_Us) refers to delay.o(.data) for u32DelayLoopPerUs
    main.o(i.main) refers to systemconfig.o(i.Sys_Config) for Sys_Config
    main.o(i.main) refers to systemconfig.o(i.PWM_Config) for PWM_Config
    main.o(i.main) refers to adcfunction.o(i.ADC_Config) for ADC_Config
    main.o(i.main) refers to chargefunction.o(i.Parameter_Loading) for Parameter_Loading
    main.o(i.main) refers to fsm.o(i.FSM_Handle) for FSM_Handle
    main.o(i.main) refers to fsm.o(i.PowerControl) for PowerControl
    systemconfig.o(i.PWM_Config) refers to pwm.o(i.PWM_ComplementaryPairChannelInit) for PWM_ComplementaryPairChannelInit
    systemconfig.o(i.Sys_Config) refers to flash.o(i.FLASH_SetTiming) for FLASH_SetTiming
    systemconfig.o(i.Sys_Config) refers to clock.o(i.CLOCK_InitWithRCO) for CLOCK_InitWithRCO
    systemconfig.o(i.Sys_Config) refers to clock.o(i.CLOCK_SetModuleDiv) for CLOCK_SetModuleDiv
[...]
    libshutdown.o(.ARM.Collect$$libshutdown$$00000000) refers (Special) to libshutdown2.o(.ARM.Collect$$libshutdown$$00000003) for __rt_lib_shutdown_stdio_1
    libshutdown.o(.ARM.Collect$$libshutdown$$00000000) refers (Special) to libshutdown2.o(.ARM.Collect$$libshutdown$$0000000B) for __rt_lib_shutdown_user_alloc_1
    sys_command.o(.text) refers (Special) to use_no_semi.o(.text) for __I$use$semihosting
    sys_command.o(.text) refers (Special) to indicate_semi.o(.text) for __semihosting_library_function
    defsig_abrt_inner.o(.text) refers to defsig_general.o(.text) for __default_signal_display
    defsig_rtred_inner.o(.text) refers to defsig_general.o(.text) for __default_signal_display
    defsig_rtmem_inner.o(.text) refers to defsig_general.o(.text) for __default_signal_display
    defsig_rtmem_outer.o(.text) refers to defsig_rtmem_inner.o(.text) for __rt_SIGRTMEM_inner
    defsig_rtmem_outer.o(.text) refers to defsig_exit.o(.text) for __sig_exit
    defsig_rtmem_formal.o(.text) refers to rt_raise.o(.text) for __rt_raise
    defsig_stak_inner.o(.text) refers to defsig_general.o(.text) for __default_signal_display
    defsig_pvfn_inner.o(.text) refers to defsig_general.o(.text) for __default_signal_display
    defsig_cppl_inner.o(.text) refers to defsig_general.o(.text) for __default_signal_display
    defsig_segv_inner.o(.text) refers to defsig_general.o(.text) for __default_signal_display
    defsig_other.o(.text) refers to defsig_general.o(.text) for __default_signal_display
    adcfunction.o(i.MeasureVoltage) refers to adcfunction.o(.data) for ADCvalue
    adcfunction.o(i.MeasureVoltage) refers to chargefunction.o(.bss) for pwmcalval
    adcfunction.o(i.MeasureVoltage) refers to adcfunction.o(.bss) for protectval
    adcfunction.o(i.MeasureCurrent) refers to chargefunction.o(.data) for pllstatus
    adcfunction.o(i.MeasureCurrent) refers to adcfunction.o(.data) for ADCvalue
    adcfunction.o(i.MeasureCurrent) refers to chargefunction.o(.bss) for pwmcalval
    adcfunction.o(i.MeasureCurrent) refers to adcfunction.o(.bss) for protectval


==============================================================================

Removing Unused input sections from the image.

    Removing adcfunction.o(.rev16_text), (4 bytes).
    Removing adcfunction.o(.revsh_text), (4 bytes).
    Removing adcfunction.o(.rrx_text), (6 bytes).
    Removing adcfunction.o(i.CalVin_rms), (36 bytes).
    Removing adcfunction.o(i.Cal_RMS), (68 bytes).
    Removing adcfunction.o(i.MeasureSumVol), (2 bytes).
    Removing adcfunction.o(i.maxnum), (34 bytes).
    Removing adcfunction.o(i.minnum), (34 bytes).
    Removing chargefunction.o(.rev16_text), (4 bytes).
    Removing chargefunction.o(.revsh_text), (4 bytes).
    Removing chargefunction.o(.rrx_text), (6 bytes).
    Removing chargefunction.o(i.VoltageCal), (40 bytes).
    Removing delay.o(.rev16_text), (4 bytes).
    Removing delay.o(.revsh_text), (4 bytes).
    Removing delay.o(.rrx_text), (6 bytes).
    Removing delay.o(i.Delay_Ms), (18 bytes).
    Removing delay.o(i.Delay_Us), (20 bytes).
    Removing isr.o(.rev16_text), (4 bytes).
    Removing isr.o(.revsh_text), (4 bytes).
    Removing isr.o(.rrx_text), (6 bytes).
    Removing main.o(.rev16_text), (4 bytes).
    Removing main.o(.revsh_text), (4 bytes).
    Removing main.o(.rrx_text), (6 bytes).
    Removing main.o(.data), (46 bytes).
    Removing systemconfig.o(.rev16_text), (4 bytes).
    Removing systemconfig.o(.revsh_text), (4 bytes).
    Removing systemconfig.o(.rrx_text), (6 bytes).
    Removing system_spc1168.o(.rev16_text), (4 bytes).
    Removing system_spc1168.o(.revsh_text), (4 bytes).
    Removing system_spc1168.o(.rrx_text), (6 bytes).
    Removing system_spc1168.o(i.SystemCoreClockUpdate), (16 bytes).
    Removing fsm.o(.rev16_text), (4 bytes).
    Removing fsm.o(.revsh_text), (4 bytes).
    Removing fsm.o(.rrx_text), (6 bytes).
    Removing algorithm.o(.rev16_text), (4 bytes).
    Removing algorithm.o(.revsh_text), (4 bytes).
    Removing algorithm.o(.rrx_text), (6 bytes).
    Removing algorithm.o(i.CalRms), (272 bytes).
    Removing algorithm.o(.bss), (20 bytes).
    Removing adc.o(.rev16_text), (4 bytes).
    Removing adc.o(.revsh_text), (4 bytes).
    Removing adc.o(.rrx_text), (6 bytes).
    Removing adc.o(i.ADC_CalculatePreciseTemperature), (640 bytes).
    Removing adc.o(i.ADC_CalculateTemperature), (608 bytes).
    Removing adc.o(i.ADC_EasyInit2), (88 bytes).
    Removing adc.o(i.ADC_PPUInit), (44 bytes).
    Removing adc.o(i.ADC_SelectPinDifferetial), (176 bytes).
    Removing adc.o(i.ADC_SetExternalSOC), (36 bytes).
    Removing adc.o(i.ADC_TrigFromPWMxSOCA), (14 bytes).
    Removing adc.o(i.ADC_TrigFromPWMxSOCB), (14 bytes).
    Removing adc.o(i.ADC_TrigFromPWMxSOCC), (14 bytes).
    Removing clock.o(.rev16_text), (4 bytes).
    Removing clock.o(.revsh_text), (4 bytes).
    Removing clock.o(.rrx_text), (6 bytes).
    Removing clock.o(i.CLOCK_ConfigurePLL), (528 bytes).
    Removing clock.o(i.CLOCK_DisableModule), (44 bytes).
    Removing clock.o(i.CLOCK_Init), (440 bytes).
    Removing clock.o(i.CLOCK_TrimPLL), (188 bytes).
    Removing flash.o(.rev16_text), (4 bytes).
    Removing flash.o(.revsh_text), (4 bytes).
    Removing flash.o(.rrx_text), (6 bytes).
    Removing flash.o(i.FLASH_EraseChip), (64 bytes).
    Removing flash.o(i.FLASH_EraseSector), (60 bytes).
    Removing flash.o(i.FLASH_Program), (140 bytes).
    Removing flash.o(i.FLASH_ProgramWord), (96 bytes).
    Removing flash.o(i.FLASH_Read), (92 bytes).
    Removing flash.o(i.FLASH_WriteProtect), (128 bytes).
    Removing gpio.o(.rev16_text), (4 bytes).
    Removing gpio.o(.revsh_text), (4 bytes).
    Removing gpio.o(.rrx_text), (6 bytes).
    Removing gpio.o(i.GPIO_ResetAllPin), (92 bytes).
    Removing gpio.o(i.GPIO_SetEdgeIntMode), (176 bytes).
    Removing pwm.o(.rev16_text), (4 bytes).
    Removing pwm.o(.revsh_text), (4 bytes).
    Removing pwm.o(.rrx_text), (6 bytes).
    Removing pwm.o(i.PWM_CalculateSyncReloadValue), (84 bytes).
    Removing pwm.o(i.PWM_SetSyncFromGPIO), (36 bytes).
    Removing pwm.o(i.PWM_SetTZ0FromGPIO), (36 bytes).
    Removing pwm.o(i.PWM_SetTZ1FromGPIO), (36 bytes).
    Removing pwm.o(i.PWM_SetTZ2FromGPIO), (36 bytes).
    Removing pwm.o(i.PWM_SetTZ3FromGPIO), (36 bytes).
    Removing pwm.o(i.PWM_SetTZ4FromGPIO), (36 bytes).
    Removing pwm.o(i.PWM_SingleChannelInit), (84 bytes).
    Removing system.o(.rev16_text), (4 bytes).
    Removing system.o(.revsh_text), (4 bytes).
    Removing system.o(.rrx_text), (6 bytes).
    Removing system.o(i.SYSTEM_GetRandomNum), (22 bytes).
    Removing system.o(i.SYSTEM_GetUID), (22 bytes).
    Removing timer.o(.rev16_text), (4 bytes).
    Removing timer.o(.revsh_text), (4 bytes).
    Removing timer.o(.rrx_text), (6 bytes).
    Removing timer.o(i.TIMER_Init), (96 bytes).
    Removing aes.o(.rev16_text), (4 bytes).
    Removing aes.o(.revsh_text), (4 bytes).
    Removing aes.o(.rrx_text), (6 bytes).
    Removing aes.o(i.AES_CBCModeInit), (116 bytes).
    Removing aes.o(i.AES_CCMModeInit), (170 bytes).
    Removing aes.o(i.AES_DecryptData), (174 bytes).
    Removing aes.o(i.AES_EncryptData), (170 bytes).
    Removing aes.o(i.AES_ReadMIC), (70 bytes).
    Removing comp.o(.rev16_text), (4 bytes).
    Removing comp.o(.revsh_text), (4 bytes).
    Removing comp.o(.rrx_text), (6 bytes).
    Removing comp.o(i.COMP_DACBufferInit), (68 bytes).
    Removing comp.o(i.COMP_Enable), (220 bytes).
    Removing comp.o(i.COMP_EnableDAC), (100 bytes).
    Removing comp.o(i.COMP_Init), (292 bytes).
    Removing comp.o(i.COMP_SelectChannel), (124 bytes).
    Removing comp.o(i.COMP_SetDACVoltage), (92 bytes).
    Removing comp.o(i.COMP_SetFilterClockDiv), (236 bytes).
    Removing comp.o(i.COMP_SetFilterWindow), (420 bytes).
    Removing comp.o(i.COMP_SetFilterWindowTimeNs), (300 bytes).
    Removing comp.o(i.COMP_SetHysteresis), (124 bytes).
    Removing comp.o(i.COMP_SetOutputType), (204 bytes).
    Removing crc.o(.rev16_text), (4 bytes).
    Removing crc.o(.revsh_text), (4 bytes).
    Removing crc.o(.rrx_text), (6 bytes).
    Removing crc.o(i.CRC_Calculate), (158 bytes).
    Removing crc.o(i.CRC_FeedStream), (136 bytes).
    Removing ecap.o(.rev16_text), (4 bytes).
    Removing ecap.o(.revsh_text), (4 bytes).
    Removing ecap.o(.rrx_text), (6 bytes).
    Removing ecap.o(i.ECAP_APWMModeInit), (60 bytes).
    Removing ecap.o(i.ECAP_APWMSetDuty), (30 bytes).
    Removing ecap.o(i.ECAP_CaptureModeInit), (40 bytes).
    Removing ecap.o(i.ECAP_SetInputPin), (30 bytes).
    Removing ecap.o(i.ECAP_SetSyncFromGPIO), (30 bytes).
    Removing i2c.o(.rev16_text), (4 bytes).
    Removing i2c.o(.revsh_text), (4 bytes).
    Removing i2c.o(.rrx_text), (6 bytes).
    Removing i2c.o(i.I2C_ClearInt), (96 bytes).
    Removing i2c.o(i.I2C_DisableGeneralCall), (10 bytes).
    Removing i2c.o(i.I2C_DisableStartByte), (10 bytes).
    Removing i2c.o(i.I2C_EnableGeneralCall), (22 bytes).
    Removing i2c.o(i.I2C_EnableStartByte), (26 bytes).
    Removing i2c.o(i.I2C_MasterBulkRead), (164 bytes).
    Removing i2c.o(i.I2C_MasterBulkWrite), (136 bytes).
    Removing i2c.o(i.I2C_MasterInit), (84 bytes).
    Removing i2c.o(i.I2C_MasterRead), (112 bytes).
    Removing i2c.o(i.I2C_MasterWrite), (108 bytes).
    Removing i2c.o(i.I2C_SlaveBulkRead), (32 bytes).
    Removing i2c.o(i.I2C_SlaveBulkWrite), (84 bytes).
    Removing i2c.o(i.I2C_SlaveInit), (164 bytes).
    Removing i2c.o(i.I2C_SlaveRead), (32 bytes).
    Removing i2c.o(i.I2C_SlaveWrite), (64 bytes).
    Removing i2c.o(i.I2C_SpeedInit), (364 bytes).
    Removing pga.o(.rev16_text), (4 bytes).
    Removing pga.o(.revsh_text), (4 bytes).
    Removing pga.o(.rrx_text), (6 bytes).
    Removing pga.o(i.PGA_DifferentialInit), (136 bytes).
    Removing pga.o(i.PGA_SelectNegativeChannelAsCommonInput), (72 bytes).
    Removing pga.o(i.PGA_SelectPositiveChannelAsCommonInput), (76 bytes).
    Removing power.o(.rev16_text), (4 bytes).
    Removing power.o(.revsh_text), (4 bytes).
    Removing power.o(.rrx_text), (6 bytes).
    Removing power.o(i.POWER_VDD12HBODInit), (52 bytes).
    Removing power.o(i.POWER_VDD12L0BODInit), (52 bytes).
    Removing power.o(i.POWER_VDD12L1BODInit), (52 bytes).
    Removing power.o(i.POWER_VDD33HBODInit), (52 bytes).
    Removing power.o(i.POWER_VDD33LBODInit), (52 bytes).
    Removing ssp.o(.rev16_text), (4 bytes).
    Removing ssp.o(.revsh_text), (4 bytes).
    Removing ssp.o(.rrx_text), (6 bytes).
    Removing ssp.o(i.SSP_Init), (244 bytes).
    Removing ssp.o(i.SSP_InitEasy), (32 bytes).
    Removing ssp.o(i.SSP_MasterB2BTransceive), (146 bytes).
    Removing ssp.o(i.SSP_MasterTransceive), (56 bytes).
    Removing ssp.o(i.SSP_Receive), (34 bytes).
    Removing ssp.o(i.SSP_Send), (44 bytes).
    Removing ssp.o(i.SSP_SlaveTransceive), (80 bytes).
    Removing uart.o(.rev16_text), (4 bytes).
    Removing uart.o(.revsh_text), (4 bytes).
    Removing uart.o(.rrx_text), (6 bytes).
    Removing uart.o(i.UART_Read), (34 bytes).
    Removing uart.o(i.UART_SetFIFOTriggerThreshold), (22 bytes).
    Removing uart.o(i.UART_Write), (36 bytes).
    Removing uart.o(i.UART_WriteText), (28 bytes).
    Removing wdt.o(.rev16_text), (4 bytes).
    Removing wdt.o(.revsh_text), (4 bytes).
    Removing wdt.o(.rrx_text), (6 bytes).
    Removing wdt.o(i.WDT_Init), (84 bytes).
    Removing arm_cos_f32.o(.rev16_text), (4 bytes).
    Removing arm_cos_f32.o(.revsh_text), (4 bytes).
    Removing arm_cos_f32.o(.rrx_text), (6 bytes).
    Removing arm_sin_f32.o(.rev16_text), (4 bytes).
    Removing arm_sin_f32.o(.revsh_text), (4 bytes).
    Removing arm_sin_f32.o(.rrx_text), (6 bytes).
    Removing arm_common_tables.o(.rev16_text), (4 bytes).
    Removing arm_common_tables.o(.revsh_text), (4 bytes).
    Removing arm_common_tables.o(.rrx_text), (6 bytes).
    Removing arm_common_tables.o(.constdata), (2048 bytes).
    Removing arm_common_tables.o(.constdata), (128 bytes).
    Removing arm_common_tables.o(.constdata), (256 bytes).
    Removing arm_common_tables.o(.constdata), (512 bytes).
    Removing arm_common_tables.o(.constdata), (1024 bytes).
    Removing arm_common_tables.o(.constdata), (2048 bytes).
    Removing arm_common_tables.o(.constdata), (4096 bytes).
    Removing arm_common_tables.o(.constdata), (8192 bytes).
    Removing arm_common_tables.o(.constdata), (16384 bytes).
    Removing arm_common_tables.o(.constdata), (32768 bytes).
    Removing arm_common_tables.o(.constdata), (96 bytes).
    Removing arm_common_tables.o(.constdata), (192 bytes).
    Removing arm_common_tables.o(.constdata), (384 bytes).
    Removing arm_common_tables.o(.constdata), (768 bytes).
    Removing arm_common_tables.o(.constdata), (1536 bytes).
    Removing arm_common_tables.o(.constdata), (3072 bytes).
    Removing arm_common_tables.o(.constdata), (6144 bytes).
    Removing arm_common_tables.o(.constdata), (12288 bytes).
    Removing arm_common_tables.o(.constdata), (24576 bytes).
    Removing arm_common_tables.o(.constdata), (48 bytes).
    Removing arm_common_tables.o(.constdata), (96 bytes).
    Removing arm_common_tables.o(.constdata), (192 bytes).
    Removing arm_common_tables.o(.constdata), (384 bytes).
    Removing arm_common_tables.o(.constdata), (768 bytes).
    Removing arm_common_tables.o(.constdata), (1536 bytes).
    Removing arm_common_tables.o(.constdata), (3072 bytes).
    Removing arm_common_tables.o(.constdata), (6144 bytes).
    Removing arm_common_tables.o(.constdata), (12288 bytes).
    Removing arm_common_tables.o(.constdata), (128 bytes).
    Removing arm_common_tables.o(.constdata), (256 bytes).
    Removing arm_common_tables.o(.constdata), (40 bytes).
    Removing arm_common_tables.o(.constdata), (96 bytes).
    Removing arm_common_tables.o(.constdata), (112 bytes).
    Removing arm_common_tables.o(.constdata), (416 bytes).
    Removing arm_common_tables.o(.constdata), (880 bytes).
    Removing arm_common_tables.o(.constdata), (896 bytes).
    Removing arm_common_tables.o(.constdata), (3600 bytes).
    Removing arm_common_tables.o(.constdata), (7616 bytes).
    Removing arm_common_tables.o(.constdata), (8064 bytes).
    Removing arm_common_tables.o(.constdata), (24 bytes).
    Removing arm_common_tables.o(.constdata), (48 bytes).
    Removing arm_common_tables.o(.constdata), (112 bytes).
    Removing arm_common_tables.o(.constdata), (224 bytes).
    Removing arm_common_tables.o(.constdata), (480 bytes).
    Removing arm_common_tables.o(.constdata), (960 bytes).
    Removing arm_common_tables.o(.constdata), (1984 bytes).
    Removing arm_common_tables.o(.constdata), (3968 bytes).
    Removing arm_common_tables.o(.constdata), (8064 bytes).
    Removing arm_common_tables.o(.constdata), (128 bytes).
    Removing arm_common_tables.o(.constdata), (256 bytes).
    Removing arm_common_tables.o(.constdata), (512 bytes).
    Removing arm_common_tables.o(.constdata), (1024 bytes).
    Removing arm_common_tables.o(.constdata), (2048 bytes).
    Removing arm_common_tables.o(.constdata), (4096 bytes).
    Removing arm_common_tables.o(.constdata), (8192 bytes).
    Removing arm_common_tables.o(.constdata), (16384 bytes).
    Removing arm_common_tables.o(.constdata), (2052 bytes).
    Removing arm_common_tables.o(.constdata), (1026 bytes).

248 unused section(s) (total 226200 bytes) removed from the image.

==============================================================================

Image Symbol Table

    Local Symbols

    Symbol Name                              Value     Ov Type        Size  Object(Section)

    ../clib/angel/boardlib.s                 0x00000000   Number         0  boardshut.o ABSOLUTE
    ../clib/angel/boardlib.s                 0x00000000   Number         0  boardinit3.o ABSOLUTE
    ../clib/angel/boardlib.s                 0x00000000   Number         0  boardinit2.o ABSOLUTE
    ../clib/angel/boardlib.s                 0x00000000   Number         0  boardinit1.o ABSOLUTE
    ../clib/angel/handlers.s                 0x00000000   Number         0  __scatter_zi.o ABSOLUTE
    ../clib/angel/handlers.s                 0x00000000   Number         0  __scatter_copy.o ABSOLUTE
    ../clib/angel/kernel.s                   0x00000000   Number         0  __rtentry4.o ABSOLUTE
    ../clib/angel/kernel.s                   0x00000000   Number         0  rtexit.o ABSOLUTE
    ../clib/angel/kernel.s                   0x00000000   Number         0  __rtentry2.o ABSOLUTE
    ../clib/angel/kernel.s                   0x00000000   Number         0  __rtentry.o ABSOLUTE
    ../clib/angel/kernel.s                   0x00000000   Number         0  rtexit2.o ABSOLUTE
    ../clib/angel/rt.s                       0x00000000   Number         0  rt_div0.o ABSOLUTE
    ../clib/angel/rt.s                       0x00000000   Number         0  aeabi_ldiv0_sigfpe.o ABSOLUTE
    ../clib/angel/rt.s                       0x00000000   Number         0  rt_raise.o ABSOLUTE
    ../clib/angel/rt.s                       0x00000000   Number         0  aeabi_ldiv0.o ABSOLUTE
    ../clib/angel/scatter.s                  0x00000000   Number         0  __scatter.o ABSOLUTE
    ../clib/angel/startup.s                  0x00000000   Number         0  __main.o ABSOLUTE
    ../clib/angel/sys.s                      0x00000000   Number         0  libspace.o ABSOLUTE
    ../clib/angel/sys.s                      0x00000000   Number         0  use_no_semi.o ABSOLUTE
    ../clib/angel/sys.s                      0x00000000   Number         0  indicate_semi.o ABSOLUTE
    ../clib/angel/sys.s                      0x00000000   Number         0  sys_stackheap_outer.o ABSOLUTE
    ../clib/angel/sysapp.c                   0x00000000   Number         0  sys_command.o ABSOLUTE
    ../clib/angel/sysapp.c                   0x00000000   Number         0  sys_wrch.o ABSOLUTE
    ../clib/angel/sysapp.c                   0x00000000   Number         0  sys_exit.o ABSOLUTE
    ../clib/armsys.c                         0x00000000   Number         0  argv_veneer.o ABSOLUTE
    ../clib/armsys.c                         0x00000000   Number         0  argv_veneer.o ABSOLUTE
    ../clib/armsys.c                         0x00000000   Number         0  no_argv.o ABSOLUTE
    ../clib/armsys.c                         0x00000000   Number         0  _get_argv_nomalloc.o ABSOLUTE
    ../clib/heapalloc.c                      0x00000000   Number         0  hrguard.o ABSOLUTE
    ../clib/heapaux.c                        0x00000000   Number         0  heapauxi.o ABSOLUTE
    ../clib/libinit.s                        0x00000000   Number         0  libinit2.o ABSOLUTE
    ../clib/libinit.s                        0x00000000   Number         0  libshutdown2.o ABSOLUTE
    ../clib/libinit.s                        0x00000000   Number         0  libinit.o ABSOLUTE
    ../clib/libinit.s                        0x00000000   Number         0  libshutdown.o ABSOLUTE
    ../clib/longlong.s                       0x00000000   Number         0  lludivv7m.o ABSOLUTE
    ../clib/memcpset.s                       0x00000000   Number         0  rt_memclr_w.o ABSOLUTE
    ../clib/signal.c                         0x00000000   Number         0  defsig_rtmem_outer.o ABSOLUTE
    ../clib/signal.c                         0x00000000   Number         0  defsig_rtmem_inner.o ABSOLUTE
    ../clib/signal.c                         0x00000000   Number         0  defsig_rtred_inner.o ABSOLUTE
    ../clib/signal.c                         0x00000000   Number         0  defsig_abrt_inner.o ABSOLUTE
    ../clib/signal.c                         0x00000000   Number         0  defsig_general.o ABSOLUTE
    ../clib/signal.c                         0x00000000   Number         0  __raise.o ABSOLUTE
    ../clib/signal.c                         0x00000000   Number         0  defsig_exit.o ABSOLUTE
    ../clib/signal.c                         0x00000000   Number         0  defsig_fpe_inner.o ABSOLUTE
    ../clib/signal.c                         0x00000000   Number         0  defsig_other.o ABSOLUTE
    ../clib/signal.c                         0x00000000   Number         0  defsig_segv_inner.o ABSOLUTE
    ../clib/signal.c                         0x00000000   Number         0  defsig_cppl_inner.o ABSOLUTE
    ../clib/signal.c                         0x00000000   Number         0  defsig_pvfn_inner.o ABSOLUTE
    ../clib/signal.c                         0x00000000   Number         0  defsig_fpe_outer.o ABSOLUTE
    ../clib/signal.c                         0x00000000   Number         0  defsig_stak_inner.o ABSOLUTE
    ../clib/signal.c                         0x00000000   Number         0  defsig_rtmem_formal.o ABSOLUTE
    ../clib/signal.c                         0x00000000   Number         0  defsig_fpe_formal.o ABSOLUTE
    ../clib/signal.s                         0x00000000   Number         0  defsig.o ABSOLUTE
    ../clib/stdlib.c                         0x00000000   Number         0  exit.o ABSOLUTE
    ../fplib/fpinit.s                        0x00000000   Number         0  fpinit.o ABSOLUTE
    ..\App\AdcFunction.c                     0x00000000   Number         0  adcfunction.o ABSOLUTE
    ..\App\ChargeFunction.c                  0x00000000   Number         0  chargefunction.o ABSOLUTE
    ..\App\SystemConfig.c                    0x00000000   Number         0  systemconfig.o ABSOLUTE
    ..\App\algorithm.c                       0x00000000   Number         0  algorithm.o ABSOLUTE
    ..\App\delay.c                           0x00000000   Number         0  delay.o ABSOLUTE
    ..\App\fsm.c                             0x00000000   Number         0  fsm.o ABSOLUTE
    ..\App\isr.c                             0x00000000   Number         0  isr.o ABSOLUTE
    ..\App\main.c                            0x00000000   Number         0  main.o ABSOLUTE
    ..\App\system_spc1168.c                  0x00000000   Number         0  system_spc1168.o ABSOLUTE
    ..\CommonTables\arm_common_tables.c      0x00000000   Number         0  arm_common_tables.o ABSOLUTE
    ..\Core\startup_spc1168.s                0x00000000   Number         0  startup_spc1168.o ABSOLUTE
    ..\FastMathFunctions\arm_cos_f32.c       0x00000000   Number         0  arm_cos_f32.o ABSOLUTE
    ..\FastMathFunctions\arm_sin_f32.c       0x00000000   Number         0  arm_sin_f32.o ABSOLUTE
    ..\Libraries\src\adc.c                   0x00000000   Number         0  adc.o ABSOLUTE
    ..\Libraries\src\aes.c                   0x00000000   Number         0  aes.o ABSOLUTE
    ..\Libraries\src\clock.c                 0x00000000   Number         0  clock.o ABSOLUTE
    ..\Libraries\src\comp.c                  0x00000000   Number         0  comp.o ABSOLUTE
    ..\Libraries\src\crc.c                   0x00000000   Number         0  crc.o ABSOLUTE
    ..\Libraries\src\ecap.c                  0x00000000   Number         0  ecap.o ABSOLUTE
    ..\Libraries\src\flash.c                 0x00000000   Number         0  flash.o ABSOLUTE
    ..\Libraries\src\gpio.c                  0x00000000   Number         0  gpio.o ABSOLUTE
    ..\Libraries\src\i2c.c                   0x00000000   Number         0  i2c.o ABSOLUTE
    ..\Libraries\src\pga.c                   0x00000000   Number         0  pga.o ABSOLUTE
    ..\Libraries\src\power.c                 0x00000000   Number         0  power.o ABSOLUTE
    ..\Libraries\src\pwm.c                   0x00000000   Number         0  pwm.o ABSOLUTE
    ..\Libraries\src\ssp.c                   0x00000000   Number         0  ssp.o ABSOLUTE
    ..\Libraries\src\system.c                0x00000000   Number         0  system.o ABSOLUTE
    ..\Libraries\src\timer.c                 0x00000000   Number         0  timer.o ABSOLUTE
    ..\Libraries\src\uart.c                  0x00000000   Number         0  uart.o ABSOLUTE
    ..\Libraries\src\wdt.c                   0x00000000   Number         0  wdt.o ABSOLUTE
    ..\\App\\AdcFunction.c                   0x00000000   Number         0  adcfunction.o ABSOLUTE
    ..\\App\\ChargeFunction.c                0x00000000   Number         0  chargefunction.o ABSOLUTE
    ..\\App\\SystemConfig.c                  0x00000000   Number         0  systemconfig.o ABSOLUTE
    ..\\App\\algorithm.c                     0x00000000   Number         0  algorithm.o ABSOLUTE
    ..\\App\\delay.c                         0x00000000   Number         0  delay.o ABSOLUTE
    ..\\App\\fsm.c                           0x00000000   Number         0  fsm.o ABSOLUTE
    ..\\App\\isr.c                           0x00000000   Number         0  isr.o ABSOLUTE
    ..\\App\\main.c                          0x00000000   Number         0  main.o ABSOLUTE
    ..\\App\\system_spc1168.c                0x00000000   Number         0  system_spc1168.o ABSOLUTE
    ..\\CommonTables\\arm_common_tables.c    0x00000000   Number         0  arm_common_tables.o ABSOLUTE
    ..\\FastMathFunctions\\arm_cos_f32.c     0x00000000   Number         0  arm_cos_f32.o ABSOLUTE
    ..\\FastMathFunctions\\arm_sin_f32.c     0x00000000   Number         0  arm_sin_f32.o ABSOLUTE
    ..\\Libraries\\src\\adc.c                0x00000000   Number         0  adc.o ABSOLUTE
    ..\\Libraries\\src\\aes.c                0x00000000   Number         0  aes.o ABSOLUTE
    ..\\Libraries\\src\\clock.c              0x00000000   Number         0  clock.o ABSOLUTE
    ..\\Libraries\\src\\comp.c               0x00000000   Number         0  comp.o ABSOLUTE
    ..\\Libraries\\src\\crc.c                0x00000000   Number         0  crc.o ABSOLUTE
    ..\\Libraries\\src\\ecap.c               0x00000000   Number         0  ecap.o ABSOLUTE
    ..\\Libraries\\src\\flash.c              0x00000000   Number         0  flash.o ABSOLUTE
    ..\\Libraries\\src\\gpio.c               0x00000000   Number         0  gpio.o ABSOLUTE
    ..\\Libraries\\src\\i2c.c                0x00000000   Number         0  i2c.o ABSOLUTE
    ..\\Libraries\\src\\pga.c                0x00000000   Number         0  pga.o ABSOLUTE
    ..\\Libraries\\src\\power.c              0x00000000   Number         0  power.o ABSOLUTE
    ..\\Libraries\\src\\pwm.c                0x00000000   Number         0  pwm.o ABSOLUTE
    ..\\Libraries\\src\\ssp.c                0x00000000   Number         0  ssp.o ABSOLUTE
    ..\\Libraries\\src\\system.c             0x00000000   Number         0  system.o ABSOLUTE
    ..\\Libraries\\src\\timer.c              0x00000000   Number         0  timer.o ABSOLUTE
    ..\\Libraries\\src\\uart.c               0x00000000   Number         0  uart.o ABSOLUTE
    ..\\Libraries\\src\\wdt.c                0x00000000   Number         0  wdt.o ABSOLUTE
    dc.s                                     0x00000000   Number         0  dc.o ABSOLUTE
    RESET                                    0x10000000   Section      308  startup_spc1168.o(RESET)
    !!!main                                  0x10000134   Section        8  __main.o(!!!main)
    !!!scatter                               0x1000013c   Section       52  __scatter.o(!!!scatter)
    !!handler_copy                           0x10000170   Section       26  __scatter_copy.o(!!handler_copy)
    !!handler_zi                             0x1000018c   Section       28  __scatter_zi.o(!!handler_zi)
    .ARM.Collect$$libinit$$00000000          0x100001a8   Section        2  libinit.o(.ARM.Collect$$libinit$$00000000)
    .ARM.Collect$$libinit$$00000001          0x100001aa   Section        4  libinit2.o(.ARM.Collect$$libinit$$00000001)
    .ARM.Collect$$libinit$$00000004          0x100001ae   Section        0  libinit2.o(.ARM.Collect$$libinit$$00000004)
    .ARM.Collect$$libinit$$0000000A          0x100001ae   Section        0  libinit2.o(.ARM.Collect$$libinit$$0000000A)
    .ARM.Collect$$libinit$$0000000C          0x100001ae   Section        0  libinit2.o(.ARM.Collect$$libinit$$0000000C)
    .ARM.Collect$$libinit$$0000000E          0x100001ae   Section        0  libinit2.o(.ARM.Collect$$libinit$$0000000E)
    .ARM.Collect$$libinit$$00000011          0x100001ae   Section        0  libinit2.o(.ARM.Collect$$libinit$$00000011)
    .ARM.Collect$$libinit$$00000013          0x100001ae   Section        0  libinit2.o(.ARM.Collect$$libinit$$00000013)
    .ARM.Collect$$libinit$$00000015          0x100001ae   Section        0  libinit2.o(.ARM.Collect$$libinit$$00000015)
    .ARM.Collect$$libinit$$00000017          0x100001ae   Section        0  libinit2.o(.ARM.Collect$$libinit$$00000017)
    .ARM.Collect$$libinit$$00000019          0x100001ae   Section        0  libinit2.o(.ARM.Collect$$libinit$$00000019)
    .ARM.Collect$$libinit$$0000001B          0x100001ae   Section        0  libinit2.o(.ARM.Collect$$libinit$$0000001B)
    .ARM.Collect$$libinit$$0000001D          0x100001ae   Section        0  libinit2.o(.ARM.Collect$$libinit$$0000001D)
    .ARM.Collect$$libinit$$0000001F          0x100001ae   Section        0  libinit2.o(.ARM.Collect$$libinit$$0000001F)
    .ARM.Collect$$libinit$$00000021          0x100001ae   Section        0  libinit2.o(.ARM.Collect$$libinit$$00000021)
    .ARM.Collect$$libinit$$00000023          0x100001ae   Section        0  libinit2.o(.ARM.Collect$$libinit$$00000023)
    .ARM.Collect$$libinit$$00000025          0x100001ae   Section        0  libinit2.o(.ARM.Collect$$libinit$$00000025)
    .ARM.Collect$$libinit$$0000002C          0x100001ae   Section        0  libinit2.o(.ARM.Collect$$libinit$$0000002C)
    .ARM.Collect$$libinit$$0000002E          0x100001ae   Section        0  libinit2.o(.ARM.Collect$$libinit$$0000002E)
    .ARM.Collect$$libinit$$00000030          0x100001ae   Section        0  libinit2.o(.ARM.Collect$$libinit$$00000030)
    .ARM.Collect$$libinit$$00000032          0x100001ae   Section        0  libinit2.o(.ARM.Collect$$libinit$$00000032)
    .ARM.Collect$$libinit$$00000033          0x100001ae   Section        2  libinit2.o(.ARM.Collect$$libinit$$00000033)
    .ARM.Collect$$libshutdown$$00000000      0x100001b0   Section        2  libshutdown.o(.ARM.Collect$$libshutdown$$00000000)
    .ARM.Collect$$libshutdown$$00000003      0x100001b2   Section        0  libshutdown2.o(.ARM.Collect$$libshutdown$$00000003)
    .ARM.Collect$$libshutdown$$00000006      0x100001b2   Section        0  libshutdown2.o(.ARM.Collect$$libshutdown$$00000006)
    .ARM.Collect$$libshutdown$$00000009      0x100001b2   Section        0  libshutdown2.o(.ARM.Collect$$libshutdown$$00000009)
    .ARM.Collect$$libshutdown$$0000000B      0x100001b2   Section        0  libshutdown2.o(.ARM.Collect$$libshutdown$$0000000B)
    .ARM.Collect$$libshutdown$$0000000E      0x100001b2   Section        0  libshutdown2.o(.ARM.Collect$$libshutdown$$0000000E)
    .ARM.Collect$$libshutdown$$0000000F      0x100001b2   Section        2  libshutdown2.o(.ARM.Collect$$libshutdown$$0000000F)
    .ARM.Collect$$rtentry$$00000000          0x100001b4   Section        0  __rtentry.o(.ARM.Collect$$rtentry$$00000000)
    .ARM.Collect$$rtentry$$00000002          0x100001b4   Section        0  __rtentry2.o(.ARM.Collect$$rtentry$$00000002)
    .ARM.Collect$$rtentry$$00000004          0x100001b4   Section        6  __rtentry4.o(.ARM.Collect$$rtentry$$00000004)
    .ARM.Collect$$rtentry$$00000009          0x100001ba   Section        0  __rtentry2.o(.ARM.Collect$$rtentry$$00000009)
    .ARM.Collect$$rtentry$$0000000A          0x100001ba   Section        4  __rtentry2.o(.ARM.Collect$$rtentry$$0000000A)
    .ARM.Collect$$rtentry$$0000000C          0x100001be   Section        0  __rtentry2.o(.ARM.Collect$$rtentry$$0000000C)
    .ARM.Collect$$rtentry$$0000000D          0x100001be   Section        8  __rtentry2.o(.ARM.Collect$$rtentry$$0000000D)
    .ARM.Collect$$rtexit$$00000000           0x100001c6   Section        2  rtexit.o(.ARM.Collect$$rtexit$$00000000)
    .ARM.Collect$$rtexit$$00000002           0x100001c8   Section        0  rtexit2.o(.ARM.Collect$$rtexit$$00000002)
    .ARM.Collect$$rtexit$$00000003           0x100001c8   Section        4  rtexit2.o(.ARM.Collect$$rtexit$$00000003)
    .ARM.Collect$$rtexit$$00000004           0x100001cc   Section        6  rtexit2.o(.ARM.Collect$$rtexit$$00000004)
    .text                                    0x100001d4   Section       92  startup_spc1168.o(.text)
    $v0                                      0x100001d4   Number         0  startup_spc1168.o(.text)
    .text                                    0x10000230   Section        0  arm_cos_f32.o(.text)
    .text                                    0x100002a8   Section        0  arm_sin_f32.o(.text)
    .text                                    0x1000031c   Section      238  lludivv7m.o(.text)
    .text                                    0x1000040a   Section       78  rt_memclr_w.o(.text)
    .text                                    0x10000458   Section        0  heapauxi.o(.text)
    .text                                    0x1000045e   Section       74  sys_stackheap_outer.o(.text)
    .text                                    0x100004a8   Section        0  exit.o(.text)
    .text                                    0x100004b4   Section        8  libspace.o(.text)
    .text                                    0x100004bc   Section        0  sys_exit.o(.text)
    .text                                    0x100004c8   Section        2  use_no_semi.o(.text)
    .text                                    0x100004ca   Section        0  indicate_semi.o(.text)
    i.ADC0_IRQHandler                        0x100004ca   Section        0  isr.o(i.ADC0_IRQHandler)
    i.ADC10_IRQHandler                       0x100004cc   Section        0  isr.o(i.ADC10_IRQHandler)
    i.ADC11_IRQHandler                       0x100004ce   Section        0  isr.o(i.ADC11_IRQHandler)
    i.ADC12_IRQHandler                       0x100004d0   Section        0  isr.o(i.ADC12_IRQHandler)
    i.ADC13_IRQHandler                       0x100004d2   Section        0  isr.o(i.ADC13_IRQHandler)
    i.ADC14_IRQHandler                       0x100004d4   Section        0  isr.o(i.ADC14_IRQHandler)
    i.ADC15_IRQHandler                       0x100004d6   Section        0  isr.o(i.ADC15_IRQHandler)
    i.ADC1_IRQHandler                        0x100004d8   Section        0  adcfunction.o(i.ADC1_IRQHandler)
    i.ADC2_IRQHandler                        0x10000520   Section        0  isr.o(i.ADC2_IRQHandler)
    i.ADC3_IRQHandler                        0x10000522   Section        0  isr.o(i.ADC3_IRQHandler)
    i.ADC4_IRQHandler                        0x10000524   Section        0  isr.o(i.ADC4_IRQHandler)
    i.ADC5_IRQHandler                        0x10000528   Section        0  adcfunction.o(i.ADC5_IRQHandler)
    i.ADC6_IRQHandler                        0x10000548   Section        0  isr.o(i.ADC6_IRQHandler)
    i.ADC7_IRQHandler                        0x1000054a   Section        0  isr.o(i.ADC7_IRQHandler)
    i.ADC8_IRQHandler                        0x1000054c   Section        0  isr.o(i.ADC8_IRQHandler)
    i.ADC9_IRQHandler                        0x1000054e   Section        0  isr.o(i.ADC9_IRQHandler)
    i.ADCPPU0_IRQHandler                     0x10000550   Section        0  isr.o(i.ADCPPU0_IRQHandler)
    i.ADCPPU1_IRQHandler                     0x10000552   Section        0  isr.o(i.ADCPPU1_IRQHandler)
    i.ADCPPU2_IRQHandler                     0x10000554   Section        0  isr.o(i.ADCPPU2_IRQHandler)
    i.ADCPPU3_IRQHandler                     0x10000556   Section        0  isr.o(i.ADCPPU3_IRQHandler)
    i.ADCPPU4_IRQHandler                     0x10000558   Section        0  isr.o(i.ADCPPU4_IRQHandler)
    i.ADCPPU5_IRQHandler                     0x1000055a   Section        0  isr.o(i.ADCPPU5_IRQHandler)
    i.ADC_Config                             0x1000055c   Section        0  adcfunction.o(i.ADC_Config)
    i.ADC_EasyInit1                          0x100005a4   Section        0  adc.o(i.ADC_EasyInit1)
    i.ADC_GetInputPinCode                    0x100005e8   Section        0  adc.o(i.ADC_GetInputPinCode)
    i.ADC_PowerUp                            0x1000064c   Section        0  adc.o(i.ADC_PowerUp)
    i.ADC_SelectPinSingleEnded               0x100006f8   Section        0  adc.o(i.ADC_SelectPinSingleEnded)
    i.ADC_SetGainAndOffset                   0x1000078c   Section        0  adc.o(i.ADC_SetGainAndOffset)
    i.ADC_SetSampleAndConvertTime            0x1000091c   Section        0  adc.o(i.ADC_SetSampleAndConvertTime)
    i.AES_IRQHandler                         0x1000098c   Section        0  isr.o(i.AES_IRQHandler)
    i.BusFault_Handler                       0x1000098e   Section        0  isr.o(i.BusFault_Handler)
    i.CLOCK_ConfigurePLLWithRCO              0x10000990   Section        0  clock.o(i.CLOCK_ConfigurePLLWithRCO)
    i.CLOCK_EnableModule                     0x10000aa4   Section        0  clock.o(i.CLOCK_EnableModule)
    i.CLOCK_GetModuleClock                   0x10000ad8   Section        0  clock.o(i.CLOCK_GetModuleClock)
    i.CLOCK_GetModuleDiv                     0x10000af4   Section        0  clock.o(i.CLOCK_GetModuleDiv)
    i.CLOCK_IRQHandler                       0x10000b14   Section        0  isr.o(i.CLOCK_IRQHandler)
    i.CLOCK_InitWithRCO                      0x10000b18   Section        0  clock.o(i.CLOCK_InitWithRCO)
    i.CLOCK_SetModuleDiv                     0x10000cb0   Section        0  clock.o(i.CLOCK_SetModuleDiv)
    i.CRC_IRQHandler                         0x10000ce0   Section        0  isr.o(i.CRC_IRQHandler)
    i.ChargeProtect                          0x10000ce4   Section        0  chargefunction.o(i.ChargeProtect)
    i.DebugMon_Handler                       0x10000e54   Section        0  isr.o(i.DebugMon_Handler)
    i.Delay_Init                             0x10000e58   Section        0  delay.o(i.Delay_Init)
    i.ECAP_IRQHandler                        0x10000e9c   Section        0  isr.o(i.ECAP_IRQHandler)
    i.FLASH_SetTiming                        0x10000ea0   Section        0  flash.o(i.FLASH_SetTiming)
    i.FSM_Handle                             0x100010f8   Section        0  fsm.o(i.FSM_Handle)
    i.GPIO_EDGE_IRQHandler                   0x10001218   Section        0  isr.o(i.GPIO_EDGE_IRQHandler)
    i.GPIO_LEVEL_IRQHandler                  0x1000121a   Section        0  isr.o(i.GPIO_LEVEL_IRQHandler)
    i.GPIO_SetPinAsAnalog                    0x1000121c   Section        0  gpio.o(i.GPIO_SetPinAsAnalog)
    i.GPIO_SetPinAsGPIO                      0x1000123c   Section        0  gpio.o(i.GPIO_SetPinAsGPIO)
    i.GPIO_SetPinDir                         0x10001258   Section        0  gpio.o(i.GPIO_SetPinDir)
    i.HardFault_Handler                      0x10001290   Section        0  isr.o(i.HardFault_Handler)
    i.I2C_IRQHandler                         0x10001292   Section        0  isr.o(i.I2C_IRQHandler)
    i.MEM_IRQHandler                         0x10001294   Section        0  isr.o(i.MEM_IRQHandler)
    i.MeasureCurrent                         0x10001298   Section        0  adcfunction.o(i.MeasureCurrent)
    i.MeasureVoltage                         0x10001338   Section        0  adcfunction.o(i.MeasureVoltage)
    i.MemManage_Handler                      0x100013c4   Section        0  isr.o(i.MemManage_Handler)
    i.NMI_Handler                            0x100013c6   Section        0  isr.o(i.NMI_Handler)
    i.NVIC_EnableIRQ                         0x100013c8   Section        0  adcfunction.o(i.NVIC_EnableIRQ)
    NVIC_EnableIRQ                           0x100013c9   Thumb Code    22  adcfunction.o(i.NVIC_EnableIRQ)
    i.PLLCal                                 0x100013e0   Section        0  chargefunction.o(i.PLLCal)
    i.PLL_Status                             0x1000161c   Section        0  chargefunction.o(i.PLL_Status)
    i.POWER_IRQHandler                       0x100016a8   Section        0  isr.o(i.POWER_IRQHandler)
    i.PWM0TZ_IRQHandler                      0x100016aa   Section        0  isr.o(i.PWM0TZ_IRQHandler)
    i.PWM1TZ_IRQHandler                      0x100016ac   Section        0  isr.o(i.PWM1TZ_IRQHandler)
    i.PWM1_IRQHandler                        0x100016ae   Section        0  isr.o(i.PWM1_IRQHandler)
    i.PWM2TZ_IRQHandler                      0x100016b0   Section        0  isr.o(i.PWM2TZ_IRQHandler)
    i.PWM2_IRQHandler                        0x100016b4   Section        0  chargefunction.o(i.PWM2_IRQHandler)
    i.PWM3TZ_IRQHandler                      0x1000170c   Section        0  isr.o(i.PWM3TZ_IRQHandler)
    i.PWM3_IRQHandler                        0x1000170e   Section        0  isr.o(i.PWM3_IRQHandler)
    i.PWM4TZ_IRQHandler                      0x10001710   Section        0  isr.o(i.PWM4TZ_IRQHandler)
    i.PWM4_IRQHandler                        0x10001712   Section        0  isr.o(i.PWM4_IRQHandler)
    i.PWM5TZ_IRQHandler                      0x10001714   Section        0  isr.o(i.PWM5TZ_IRQHandler)
    i.PWM5_IRQHandler                        0x10001716   Section        0  isr.o(i.PWM5_IRQHandler)
    i.PWM_ComplementaryPairChannelInit       0x10001718   Section        0  pwm.o(i.PWM_ComplementaryPairChannelInit)
    i.PWM_Config                             0x10001798   Section        0  systemconfig.o(i.PWM_Config)
    i.PWMcal                                 0x1000188c   Section        0  chargefunction.o(i.PWMcal)
    i.Parameter_Loading                      0x10001e30   Section        0  chargefunction.o(i.Parameter_Loading)
    i.PendSV_Handler                         0x10001f84   Section        0  isr.o(i.PendSV_Handler)
    i.PowerControl                           0x10001f88   Section        0  fsm.o(i.PowerControl)
    i.ResetVal                               0x10001fdc   Section        0  chargefunction.o(i.ResetVal)
    i.SIO0A_IRQHandler                       0x10002054   Section        0  isr.o(i.SIO0A_IRQHandler)
    i.SIO0B_IRQHandler                       0x10002056   Section        0  isr.o(i.SIO0B_IRQHandler)
    i.SSP_IRQHandler                         0x10002058   Section        0  isr.o(i.SSP_IRQHandler)
    i.SVC_Handler                            0x1000205a   Section        0  isr.o(i.SVC_Handler)
    i.SysTick_Handler                        0x1000205c   Section        0  isr.o(i.SysTick_Handler)
    i.Sys_Config                             0x10002060   Section        0  systemconfig.o(i.Sys_Config)
    i.SystemInit                             0x10002114   Section        0  system_spc1168.o(i.SystemInit)
    i.TIMER0_IRQHandler                      0x10002134   Section        0  adcfunction.o(i.TIMER0_IRQHandler)
    i.TIMER1_IRQHandler                      0x10002140   Section        0  systemconfig.o(i.TIMER1_IRQHandler)
    i.TIMER2_IRQHandler                      0x100021bc   Section        0  adcfunction.o(i.TIMER2_IRQHandler)
    i.UART_IRQHandler                        0x100021be   Section        0  isr.o(i.UART_IRQHandler)
    i.UART_Init                              0x100021c0   Section        0  uart.o(i.UART_Init)
    i.UsageFault_Handler                     0x10002222   Section        0  isr.o(i.UsageFault_Handler)
    i.WDT1_IRQHandler                        0x10002224   Section        0  isr.o(i.WDT1_IRQHandler)
    i.main                                   0x10002226   Section        0  main.o(i.main)
    i.pll_chk_phase_lock                     0x10002244   Section        0  chargefunction.o(i.pll_chk_phase_lock)
    pll_chk_phase_lock                       0x10002245   Thumb Code   108  chargefunction.o(i.pll_chk_phase_lock)
    i.set_p1z1_coff                          0x100022c0   Section        0  chargefunction.o(i.set_p1z1_coff)
    i.set_pll_conf                           0x10002330   Section        0  chargefunction.o(i.set_pll_conf)
    i.set_pwm                                0x100023e0   Section        0  chargefunction.o(i.set_pwm)
    i.set_sogi_coff                          0x1000246c   Section        0  chargefunction.o(i.set_sogi_coff)
    x$fpl$fpinit                             0x10002504   Section       10  fpinit.o(x$fpl$fpinit)
    $v0                                      0x10002504   Number         0  fpinit.o(x$fpl$fpinit)
    .constdata                               0x10002510   Section     2052  arm_common_tables.o(.constdata)
    .data                                    0x20000000   Section       10  adcfunction.o(.data)
    .data                                    0x2000000c   Section       28  chargefunction.o(.data)
    delay_Ifault                             0x20000024   Data           1  chargefunction.o(.data)
    delay_Vfault                             0x20000025   Data           1  chargefunction.o(.data)
    delay_HardwareOV                         0x20000026   Data           1  chargefunction.o(.data)
    delay_HardwareOC                         0x20000027   Data           1  chargefunction.o(.data)
    .data                                    0x20000028   Section        8  delay.o(.data)
    .data                                    0x20000030   Section       10  systemconfig.o(.data)
    .data                                    0x2000003c   Section        4  system_spc1168.o(.data)
    .data                                    0x20000040   Section       10  fsm.o(.data)
    .data                                    0x2000004c   Section       24  clock.o(.data)
    .bss                                     0x20000064   Section      320  adcfunction.o(.bss)
    .bss                                     0x200001a4   Section      688  chargefunction.o(.bss)
    .bss                                     0x20000454   Section       16  system_spc1168.o(.bss)
    .bss                                     0x20000464   Section       96  libspace.o(.bss)
    HEAP                                     0x200004c8   Section     1024  startup_spc1168.o(HEAP)
    Heap_Mem                                 0x200004c8   Data        1024  startup_spc1168.o(HEAP)
    STACK                                    0x200008c8   Section     1024  startup_spc1168.o(STACK)
    Stack_Mem                                0x200008c8   Data        1024  startup_spc1168.o(STACK)
    __initial_sp                             0x20000cc8   Data           0  startup_spc1168.o(STACK)

    Global Symbols

    Symbol Name                              Value     Ov Type        Size  Object(Section)

    BuildAttributes$$THM_ISAv4$E$P$D$K$B$S$7EM$VFPi3$EXTD16$VFPS$VFMA$PE$A:L22UL41UL21$X:L11$S22US41US21$IEEE1$IW$USESV6$~STKCKD$USESV7$~SHL$OTIME$ROPI$IEEEX$EBA8$UX$STANDARDLIB$REQ8$PRES8$EABIv2 0x00000000   Number         0  anon$$obj.o ABSOLUTE
    __ARM_use_no_argv                        0x00000000   Number         0  main.o ABSOLUTE
    __ARM_exceptions_init                     - Undefined Weak Reference
    __alloca_initialize                       - Undefined Weak Reference
    __arm_preinit_                            - Undefined Weak Reference
    __cpp_initialize__aeabi_                  - Undefined Weak Reference
    __cxa_finalize                            - Undefined Weak Reference
    __rt_locale                               - Undefined Weak Reference
    __sigvec_lookup                           - Undefined Weak Reference
    _atexit_init                              - Undefined Weak Reference
    _call_atexit_fns                          - Undefined Weak Reference
    _clock_init                               - Undefined Weak Reference
    _fp_trap_init                             - Undefined Weak Reference
    _fp_trap_shutdown                         - Undefined Weak Reference
    _get_lc_collate                           - Undefined Weak Reference
    _get_lc_ctype                             - Undefined Weak Reference
    _get_lc_monetary                          - Undefined Weak Reference
    _get_lc_numeric                           - Undefined Weak Reference
    _get_lc_time                              - Undefined Weak Reference
    _getenv_init                              - Undefined Weak Reference
    _handle_redirection                       - Undefined Weak Reference
    _init_alloc                               - Undefined Weak Reference
    _init_user_alloc                          - Undefined Weak Reference
    _initio                                   - Undefined Weak Reference
    _rand_init                                - Undefined Weak Reference
    _signal_finish                            - Undefined Weak Reference
    _signal_init                              - Undefined Weak Reference
    _terminate_alloc                          - Undefined Weak Reference
    _terminate_user_alloc                     - Undefined Weak Reference
    _terminateio                              - Undefined Weak Reference
    __Vectors_Size                           0x00000134   Number         0  startup_spc1168.o ABSOLUTE
    __Vectors                                0x10000000   Data           4  startup_spc1168.o(RESET)
    __Vectors_End                            0x10000134   Data           0  startup_spc1168.o(RESET)
    __main                                   0x10000135   Thumb Code     8  __main.o(!!!main)
    __scatterload                            0x1000013d   Thumb Code     0  __scatter.o(!!!scatter)
    __scatterload_rt2                        0x1000013d   Thumb Code    44  __scatter.o(!!!scatter)
    __scatterload_rt2_thumb_only             0x1000013d   Thumb Code     0  __scatter.o(!!!scatter)
    __scatterload_null                       0x1000014b   Thumb Code     0  __scatter.o(!!!scatter)
    __scatterload_copy                       0x10000171   Thumb Code    26  __scatter_copy.o(!!handler_copy)
    __scatterload_zeroinit                   0x1000018d   Thumb Code    28  __scatter_zi.o(!!handler_zi)
    __rt_lib_init                            0x100001a9   Thumb Code     0  libinit.o(.ARM.Collect$$libinit$$00000000)
    __rt_lib_init_fp_1                       0x100001ab   Thumb Code     0  libinit2.o(.ARM.Collect$$libinit$$00000001)
    __rt_lib_init_alloca_1                   0x100001af   Thumb Code     0  libinit2.o(.ARM.Collect$$libinit$$0000002E)
    __rt_lib_init_argv_1                     0x100001af   Thumb Code     0  libinit2.o(.ARM.Collect$$libinit$$0000002C)
    __rt_lib_init_atexit_1                   0x100001af   Thumb Code     0  libinit2.o(.ARM.Collect$$libinit$$0000001B)
    __rt_lib_init_clock_1                    0x100001af   Thumb Code     0  libinit2.o(.ARM.Collect$$libinit$$00000021)
    __rt_lib_init_cpp_1                      0x100001af   Thumb Code     0  libinit2.o(.ARM.Collect$$libinit$$00000032)
    __rt_lib_init_exceptions_1               0x100001af   Thumb Code     0  libinit2.o(.ARM.Collect$$libinit$$00000030)
    __rt_lib_init_fp_trap_1                  0x100001af   Thumb Code     0  libinit2.o(.ARM.Collect$$libinit$$0000001F)
    __rt_lib_init_getenv_1                   0x100001af   Thumb Code     0  libinit2.o(.ARM.Collect$$libinit$$00000023)
    __rt_lib_init_heap_1                     0x100001af   Thumb Code     0  libinit2.o(.ARM.Collect$$libinit$$0000000A)
    __rt_lib_init_lc_collate_1               0x100001af   Thumb Code     0  libinit2.o(.ARM.Collect$$libinit$$00000011)
    __rt_lib_init_lc_ctype_1                 0x100001af   Thumb Code     0  libinit2.o(.ARM.Collect$$libinit$$00000013)
    __rt_lib_init_lc_monetary_1              0x100001af   Thumb Code     0  libinit2.o(.ARM.Collect$$libinit$$00000015)
    __rt_lib_init_lc_numeric_1               0x100001af   Thumb Code     0  libinit2.o(.ARM.Collect$$libinit$$00000017)
    __rt_lib_init_lc_time_1                  0x100001af   Thumb Code     0  libinit2.o(.ARM.Collect$$libinit$$00000019)
    __rt_lib_init_preinit_1                  0x100001af   Thumb Code     0  libinit2.o(.ARM.Collect$$libinit$$00000004)
    __rt_lib_init_rand_1                     0x100001af   Thumb Code     0  libinit2.o(.ARM.Collect$$libinit$$0000000E)
    __rt_lib_init_return                     0x100001af   Thumb Code     0  libinit2.o(.ARM.Collect$$libinit$$00000033)
    __rt_lib_init_signal_1                   0x100001af   Thumb Code     0  libinit2.o(.ARM.Collect$$libinit$$0000001D)
    __rt_lib_init_stdio_1                    0x100001af   Thumb Code     0  libinit2.o(.ARM.Collect$$libinit$$00000025)
    __rt_lib_init_user_alloc_1               0x100001af   Thumb Code     0  libinit2.o(.ARM.Collect$$libinit$$0000000C)
    __rt_lib_shutdown                        0x100001b1   Thumb Code     0  libshutdown.o(.ARM.Collect$$libshutdown$$00000000)
    __rt_lib_shutdown_fp_trap_1              0x100001b3   Thumb Code     0  libshutdown2.o(.ARM.Collect$$libshutdown$$00000006)
    __rt_lib_shutdown_heap_1                 0x100001b3   Thumb Code     0  libshutdown2.o(.ARM.Collect$$libshutdown$$0000000E)
    __rt_lib_shutdown_return                 0x100001b3   Thumb Code     0  libshutdown2.o(.ARM.Collect$$libshutdown$$0000000F)
    __rt_lib_shutdown_signal_1               0x100001b3   Thumb Code     0  libshutdown2.o(.ARM.Collect$$libshutdown$$00000009)
    __rt_lib_shutdown_stdio_1                0x100001b3   Thumb Code     0  libshutdown2.o(.ARM.Collect$$libshutdown$$00000003)
    __rt_lib_shutdown_user_alloc_1           0x100001b3   Thumb Code     0  libshutdown2.o(.ARM.Collect$$libshutdown$$0000000B)
    __rt_entry                               0x100001b5   Thumb Code     0  __rtentry.o(.ARM.Collect$$rtentry$$00000000)
    __rt_entry_presh_1                       0x100001b5   Thumb Code     0  __rtentry2.o(.ARM.Collect$$rtentry$$00000002)
    __rt_entry_sh                            0x100001b5   Thumb Code     0  __rtentry4.o(.ARM.Collect$$rtentry$$00000004)
    __rt_entry_li                            0x100001bb   Thumb Code     0  __rtentry2.o(.ARM.Collect$$rtentry$$0000000A)
    __rt_entry_postsh_1                      0x100001bb   Thumb Code     0  __rtentry2.o(.ARM.Collect$$rtentry$$00000009)
    __rt_entry_main                          0x100001bf   Thumb Code     0  __rtentry2.o(.ARM.Collect$$rtentry$$0000000D)
    __rt_entry_postli_1                      0x100001bf   Thumb Code     0  __rtentry2.o(.ARM.Collect$$rtentry$$0000000C)
    __rt_exit                                0x100001c7   Thumb Code     0  rtexit.o(.ARM.Collect$$rtexit$$00000000)
    __rt_exit_ls                             0x100001c9   Thumb Code     0  rtexit2.o(.ARM.Collect$$rtexit$$00000003)
    __rt_exit_prels_1                        0x100001c9   Thumb Code     0  rtexit2.o(.ARM.Collect$$rtexit$$00000002)
    __rt_exit_exit                           0x100001cd   Thumb Code     0  rtexit2.o(.ARM.Collect$$rtexit$$00000004)
    Reset_Handler                            0x100001d5   Thumb Code    22  startup_spc1168.o(.text)
    PWM0_IRQHandler                          0x100001fd   Thumb Code     0  startup_spc1168.o(.text)
    __user_initial_stackheap                 0x10000201   Thumb Code    10  startup_spc1168.o(.text)
    arm_cos_f32                              0x10000231   Thumb Code   108  arm_cos_f32.o(.text)
    arm_sin_f32                              0x100002a9   Thumb Code   104  arm_sin_f32.o(.text)
    __aeabi_uldivmod                         0x1000031d   Thumb Code     0  lludivv7m.o(.text)
    _ll_udiv                                 0x1000031d   Thumb Code   238  lludivv7m.o(.text)
    __aeabi_memclr4                          0x1000040b   Thumb Code     0  rt_memclr_w.o(.text)
    __aeabi_memclr8                          0x1000040b   Thumb Code     0  rt_memclr_w.o(.text)
    __rt_memclr_w                            0x1000040b   Thumb Code    78  rt_memclr_w.o(.text)
    _memset_w                                0x1000040f   Thumb Code     0  rt_memclr_w.o(.text)
    __use_two_region_memory                  0x10000459   Thumb Code     2  heapauxi.o(.text)
    __rt_heap_escrow$2region                 0x1000045b   Thumb Code     2  heapauxi.o(.text)
    __rt_heap_expand$2region                 0x1000045d   Thumb Code     2  heapauxi.o(.text)
    __user_setup_stackheap                   0x1000045f   Thumb Code    74  sys_stackheap_outer.o(.text)
    exit                                     0x100004a9   Thumb Code    12  exit.o(.text)
    __user_libspace                          0x100004b5   Thumb Code     8  libspace.o(.text)
    __user_perproc_libspace                  0x100004b5   Thumb Code     0  libspace.o(.text)
    __user_perthread_libspace                0x100004b5   Thumb Code     0  libspace.o(.text)
    _sys_exit                                0x100004bd   Thumb Code     8  sys_exit.o(.text)
    __I$use$semihosting                      0x100004c9   Thumb Code     0  use_no_semi.o(.text)
    __use_no_semihosting_swi                 0x100004c9   Thumb Code     2  use_no_semi.o(.text)
    ADC0_IRQHandler                          0x100004cb   Thumb Code     2  isr.o(i.ADC0_IRQHandler)
    __semihosting_library_function           0x100004cb   Thumb Code     0  indicate_semi.o(.text)
    ADC10_IRQHandler                         0x100004cd   Thumb Code     2  isr.o(i.ADC10_IRQHandler)
    ADC11_IRQHandler                         0x100004cf   Thumb Code     2  isr.o(i.ADC11_IRQHandler)
    ADC12_IRQHandler                         0x100004d1   Thumb Code     2  isr.o(i.ADC12_IRQHandler)
    ADC13_IRQHandler                         0x100004d3   Thumb Code     2  isr.o(i.ADC13_IRQHandler)
    ADC14_IRQHandler                         0x100004d5   Thumb Code     2  isr.o(i.ADC14_IRQHandler)
    ADC15_IRQHandler                         0x100004d7   Thumb Code     2  isr.o(i.ADC15_IRQHandler)
    ADC1_IRQHandler                          0x100004d9   Thumb Code    60  adcfunction.o(i.ADC1_IRQHandler)
    ADC2_IRQHandler                          0x10000521   Thumb Code     2  isr.o(i.ADC2_IRQHandler)
    ADC3_IRQHandler                          0x10000523   Thumb Code     2  isr.o(i.ADC3_IRQHandler)
    ADC4_IRQHandler                          0x10000525   Thumb Code     2  isr.o(i.ADC4_IRQHandler)
    ADC5_IRQHandler                          0x10000529   Thumb Code    20  adcfunction.o(i.ADC5_IRQHandler)
    ADC6_IRQHandler                          0x10000549   Thumb Code     2  isr.o(i.ADC6_IRQHandler)
    ADC7_IRQHandler                          0x1000054b   Thumb Code     2  isr.o(i.ADC7_IRQHandler)
    ADC8_IRQHandler                          0x1000054d   Thumb Code     2  isr.o(i.ADC8_IRQHandler)
    ADC9_IRQHandler                          0x1000054f   Thumb Code     2  isr.o(i.ADC9_IRQHandler)
    ADCPPU0_IRQHandler                       0x10000551   Thumb Code     2  isr.o(i.ADCPPU0_IRQHandler)
    ADCPPU1_IRQHandler                       0x10000553   Thumb Code     2  isr.o(i.ADCPPU1_IRQHandler)
    ADCPPU2_IRQHandler                       0x10000555   Thumb Code     2  isr.o(i.ADCPPU2_IRQHandler)
    ADCPPU3_IRQHandler                       0x10000557   Thumb Code     2  isr.o(i.ADCPPU3_IRQHandler)
    ADCPPU4_IRQHandler                       0x10000559   Thumb Code     2  isr.o(i.ADCPPU4_IRQHandler)
    ADCPPU5_IRQHandler                       0x1000055b   Thumb Code     2  isr.o(i.ADCPPU5_IRQHandler)
    ADC_Config                               0x1000055d   Thumb Code    68  adcfunction.o(i.ADC_Config)
    ADC_EasyInit1                            0x100005a5   Thumb Code    64  adc.o(i.ADC_EasyInit1)
    ADC_GetInputPinCode                      0x100005e9   Thumb Code   100  adc.o(i.ADC_GetInputPinCode)
    ADC_PowerUp                              0x1000064d   Thumb Code   156  adc.o(i.ADC_PowerUp)
    ADC_SelectPinSingleEnded                 0x100006f9   Thumb Code   144  adc.o(i.ADC_SelectPinSingleEnded)
    ADC_SetGainAndOffset                     0x1000078d   Thumb Code   394  adc.o(i.ADC_SetGainAndOffset)
    ADC_SetSampleAndConvertTime              0x1000091d   Thumb Code   104  adc.o(i.ADC_SetSampleAndConvertTime)
    AES_IRQHandler                           0x1000098d   Thumb Code     2  isr.o(i.AES_IRQHandler)
    BusFault_Handler                         0x1000098f   Thumb Code     2  isr.o(i.BusFault_Handler)
    CLOCK_ConfigurePLLWithRCO                0x10000991   Thumb Code   260  clock.o(i.CLOCK_ConfigurePLLWithRCO)
    CLOCK_EnableModule                       0x10000aa5   Thumb Code    48  clock.o(i.CLOCK_EnableModule)
    CLOCK_GetModuleClock                     0x10000ad9   Thumb Code    24  clock.o(i.CLOCK_GetModuleClock)
    CLOCK_GetModuleDiv                       0x10000af5   Thumb Code    26  clock.o(i.CLOCK_GetModuleDiv)
    CLOCK_IRQHandler                         0x10000b15   Thumb Code     2  isr.o(i.CLOCK_IRQHandler)
    CLOCK_InitWithRCO                        0x10000b19   Thumb Code   384  clock.o(i.CLOCK_InitWithRCO)
    CLOCK_SetModuleDiv                       0x10000cb1   Thumb Code    44  clock.o(i.CLOCK_SetModuleDiv)
    CRC_IRQHandler                           0x10000ce1   Thumb Code     2  isr.o(i.CRC_IRQHandler)
    ChargeProtect                            0x10000ce5   Thumb Code   330  chargefunction.o(i.ChargeProtect)
    DebugMon_Handler                         0x10000e55   Thumb Code     2  isr.o(i.DebugMon_Handler)
    Delay_Init                               0x10000e59   Thumb Code    46  delay.o(i.Delay_Init)
    ECAP_IRQHandler                          0x10000e9d   Thumb Code     2  isr.o(i.ECAP_IRQHandler)
    FLASH_SetTiming                          0x10000ea1   Thumb Code   542  flash.o(i.FLASH_SetTiming)
    FSM_Handle                               0x100010f9   Thumb Code   262  fsm.o(i.FSM_Handle)
    GPIO_EDGE_IRQHandler                     0x10001219   Thumb Code     2  isr.o(i.GPIO_EDGE_IRQHandler)
    GPIO_LEVEL_IRQHandler                    0x1000121b   Thumb Code     2  isr.o(i.GPIO_LEVEL_IRQHandler)
    GPIO_SetPinAsAnalog                      0x1000121d   Thumb Code    32  gpio.o(i.GPIO_SetPinAsAnalog)
    GPIO_SetPinAsGPIO                        0x1000123d   Thumb Code    26  gpio.o(i.GPIO_SetPinAsGPIO)
    GPIO_SetPinDir                           0x10001259   Thumb Code    52  gpio.o(i.GPIO_SetPinDir)
    HardFault_Handler                        0x10001291   Thumb Code     2  isr.o(i.HardFault_Handler)
    I2C_IRQHandler                           0x10001293   Thumb Code     2  isr.o(i.I2C_IRQHandler)
    MEM_IRQHandler                           0x10001295   Thumb Code     2  isr.o(i.MEM_IRQHandler)
    MeasureCurrent                           0x10001299   Thumb Code   136  adcfunction.o(i.MeasureCurrent)
    MeasureVoltage                           0x10001339   Thumb Code   116  adcfunction.o(i.MeasureVoltage)
    MemManage_Handler                        0x100013c5   Thumb Code     2  isr.o(i.MemManage_Handler)
    NMI_Handler                              0x100013c7   Thumb Code     2  isr.o(i.NMI_Handler)
    PLLCal                                   0x100013e1   Thumb Code   538  chargefunction.o(i.PLLCal)
    PLL_Status                               0x1000161d   Thumb Code   120  chargefunction.o(i.PLL_Status)
    POWER_IRQHandler                         0x100016a9   Thumb Code     2  isr.o(i.POWER_IRQHandler)
    PWM0TZ_IRQHandler                        0x100016ab   Thumb Code     2  isr.o(i.PWM0TZ_IRQHandler)
    PWM1TZ_IRQHandler                        0x100016ad   Thumb Code     2  isr.o(i.PWM1TZ_IRQHandler)
    PWM1_IRQHandler                          0x100016af   Thumb Code     2  isr.o(i.PWM1_IRQHandler)
    PWM2TZ_IRQHandler                        0x100016b1   Thumb Code     2  isr.o(i.PWM2TZ_IRQHandler)
    PWM2_IRQHandler                          0x100016b5   Thumb Code    72  chargefunction.o(i.PWM2_IRQHandler)
    PWM3TZ_IRQHandler                        0x1000170d   Thumb Code     2  isr.o(i.PWM3TZ_IRQHandler)
    PWM3_IRQHandler                          0x1000170f   Thumb Code     2  isr.o(i.PWM3_IRQHandler)
    PWM4TZ_IRQHandler                        0x10001711   Thumb Code     2  isr.o(i.PWM4TZ_IRQHandler)
    PWM4_IRQHandler                          0x10001713   Thumb Code     2  isr.o(i.PWM4_IRQHandler)
    PWM5TZ_IRQHandler                        0x10001715   Thumb Code     2  isr.o(i.PWM5TZ_IRQHandler)
    PWM5_IRQHandler                          0x10001717   Thumb Code     2  isr.o(i.PWM5_IRQHandler)
    PWM_ComplementaryPairChannelInit         0x10001719   Thumb Code   122  pwm.o(i.PWM_ComplementaryPairChannelInit)
    PWM_Config                               0x10001799   Thumb Code   230  systemconfig.o(i.PWM_Config)
    PWMcal                                   0x1000188d   Thumb Code  1416  chargefunction.o(i.PWMcal)
    Parameter_Loading                        0x10001e31   Thumb Code   246  chargefunction.o(i.Parameter_Loading)
    PendSV_Handler                           0x10001f85   Thumb Code     2  isr.o(i.PendSV_Handler)
    PowerControl                             0x10001f89   Thumb Code    74  fsm.o(i.PowerControl)
    ResetVal                                 0x10001fdd   Thumb Code    78  chargefunction.o(i.ResetVal)
    SIO0A_IRQHandler                         0x10002055   Thumb Code     2  isr.o(i.SIO0A_IRQHandler)
    SIO0B_IRQHandler                         0x10002057   Thumb Code     2  isr.o(i.SIO0B_IRQHandler)
    SSP_IRQHandler                           0x10002059   Thumb Code     2  isr.o(i.SSP_IRQHandler)
    SVC_Handler                              0x1000205b   Thumb Code     2  isr.o(i.SVC_Handler)
    SysTick_Handler                          0x1000205d   Thumb Code     2  isr.o(i.SysTick_Handler)
    Sys_Config                               0x10002061   Thumb Code   162  systemconfig.o(i.Sys_Config)
    SystemInit                               0x10002115   Thumb Code    20  system_spc1168.o(i.SystemInit)
    TIMER0_IRQHandler                        0x10002135   Thumb Code     8  adcfunction.o(i.TIMER0_IRQHandler)
    TIMER1_IRQHandler                        0x10002141   Thumb Code    90  systemconfig.o(i.TIMER1_IRQHandler)
    TIMER2_IRQHandler                        0x100021bd   Thumb Code     2  adcfunction.o(i.TIMER2_IRQHandler)
    UART_IRQHandler                          0x100021bf   Thumb Code     2  isr.o(i.UART_IRQHandler)
    UART_Init                                0x100021c1   Thumb Code    98  uart.o(i.UART_Init)
    UsageFault_Handler                       0x10002223   Thumb Code     2  isr.o(i.UsageFault_Handler)
    WDT1_IRQHandler                          0x10002225   Thumb Code     2  isr.o(i.WDT1_IRQHandler)
    main                                     0x10002227   Thumb Code    28  main.o(i.main)
    set_p1z1_coff                            0x100022c1   Thumb Code    98  chargefunction.o(i.set_p1z1_coff)
    set_pll_conf                             0x10002331   Thumb Code   152  chargefunction.o(i.set_pll_conf)
    set_pwm                                  0x100023e1   Thumb Code   128  chargefunction.o(i.set_pwm)
    set_sogi_coff                            0x1000246d   Thumb Code   136  chargefunction.o(i.set_sogi_coff)
    _fp_init                                 0x10002505   Thumb Code    10  fpinit.o(x$fpl$fpinit)
    __fplib_config_fpu_vfp                   0x1000250d   Thumb Code     0  fpinit.o(x$fpl$fpinit)
    __fplib_config_pureend_doubles           0x1000250d   Thumb Code     0  fpinit.o(x$fpl$fpinit)
    sinTable_f32                             0x10002510   Data        2052  arm_common_tables.o(.constdata)
    Region$$Table$$Base                      0x10002d14   Number         0  anon$$obj.o(Region$$Table)
    Region$$Table$$Limit                     0x10002d34   Number         0  anon$$obj.o(Region$$Table)
    fg_rms                                   0x20000000   Data           1  adcfunction.o(.data)
    fg_SOCrms                                0x20000001   Data           1  adcfunction.o(.data)
    ADCvalue                                 0x20000002   Data           8  adcfunction.o(.data)
    pllstatus                                0x2000000c   Data           1  chargefunction.o(.data)
    fg_PWMset                                0x2000000d   Data           1  chargefunction.o(.data)
    fg_Ifault                                0x2000000e   Data           1  chargefunction.o(.data)
    fg_Vfault                                0x2000000f   Data           1  chargefunction.o(.data)
    SoftStartCount                           0x20000010   Data           2  chargefunction.o(.data)
    DelayPWM                                 0x20000012   Data           2  chargefunction.o(.data)
    Value_OVP                                0x20000014   Data           2  chargefunction.o(.data)
    Value_UVP                                0x20000016   Data           2  chargefunction.o(.data)
    fg_fault                                 0x20000018   Data           1  chargefunction.o(.data)
    fg_workon                                0x20000019   Data           1  chargefunction.o(.data)
    fg_16ms                                  0x2000001c   Data           4  chargefunction.o(.data)
    Count                                    0x20000020   Data           1  chargefunction.o(.data)
    Count2                                   0x20000021   Data           1  chargefunction.o(.data)
    FaultState                               0x20000022   Data           2  chargefunction.o(.data)
    u32DelayLoopPerUs                        0x20000028   Data           4  delay.o(.data)
    u32DelayClockPerUs                       0x2000002c   Data           4  delay.o(.data)
    cnt_2ms                                  0x20000030   Data           1  systemconfig.o(.data)
    cnt_10ms                                 0x20000031   Data           1  systemconfig.o(.data)
    cnt_100ms                                0x20000032   Data           1  systemconfig.o(.data)
    cnt_1s                                   0x20000033   Data           1  systemconfig.o(.data)
    cnt_20s                                  0x20000034   Data           1  systemconfig.o(.data)
    fg_1ms                                   0x20000035   Data           1  systemconfig.o(.data)
    fg_2ms                                   0x20000036   Data           1  systemconfig.o(.data)
    fg_10ms                                  0x20000037   Data           1  systemconfig.o(.data)
    fg_100ms                                 0x20000038   Data           1  systemconfig.o(.data)
    fg_EndofConversion                       0x20000039   Data           1  systemconfig.o(.data)
    SystemCoreClock                          0x2000003c   Data           4  system_spc1168.o(.data)
    SysState                                 0x20000040   Data           1  fsm.o(.data)
    SysFlag                                  0x20000041   Data           5  fsm.o(.data)
    Debounce                                 0x20000046   Data           4  fsm.o(.data)
    gau32PLL_Array                           0x2000004c   Data          16  clock.o(.data)
    gau8HCLK_DIV_Array                       0x2000005c   Data           4  clock.o(.data)
    gau8PCLK_DIV_Array                       0x20000060   Data           4  clock.o(.data)
    Vinbuff                                  0x20000064   Data         300  adcfunction.o(.bss)
    protectval                               0x20000190   Data          20  adcfunction.o(.bss)
    pll_val                                  0x200001a4   Data          40  chargefunction.o(.bss)
    sogi_val                                 0x200001cc   Data          80  chargefunction.o(.bss)
    pll_cqr                                  0x2000021c   Data          40  chargefunction.o(.bss)
    bdc_pwm                                  0x20000244   Data          24  chargefunction.o(.bss)
    svp_trans                                0x2000025c   Data          72  chargefunction.o(.bss)
    rmscalval                                0x200002a4   Data          24  chargefunction.o(.bss)
    pll_conf                                 0x200002bc   Data          32  chargefunction.o(.bss)
    bdc_val                                  0x200002dc   Data         224  chargefunction.o(.bss)
    pwmcalval                                0x200003bc   Data         152  chargefunction.o(.bss)
    SysInfo                                  0x20000454   Data          16  system_spc1168.o(.bss)
    __libspace_start                         0x20000464   Data          96  libspace.o(.bss)
    __temporary_stack_top$libspace           0x200004c4   Data           0  libspace.o(.bss)



==============================================================================

Memory Map of the image

  Image Entry point : 0x10000135

  Load Region LR_IROM1 (Base: 0x10000000, Size: 0x00002d98, Max: 0x00020000, ABSOLUTE)

    Execution Region ER_IROM1 (Base: 0x10000000, Size: 0x00002d34, Max: 0x00020000, ABSOLUTE)

    Base Addr    Size         Type   Attr      Idx    E Section Name        Object

    0x10000000   0x00000134   Data   RO          888    RESET               startup_spc1168.o
    0x10000134   0x00000008   Code   RO         2023  * !!!main             c_w.l(__main.o)
    0x1000013c   0x00000034   Code   RO         2189    !!!scatter          c_w.l(__scatter.o)
    0x10000170   0x0000001a   Code   RO         2191    !!handler_copy      c_w.l(__scatter_copy.o)
    0x1000018a   0x00000002   PAD
    0x1000018c   0x0000001c   Code   RO         2193    !!handler_zi        c_w.l(__scatter_zi.o)
    0x100001a8   0x00000002   Code   RO         2060    .ARM.Collect$$libinit$$00000000  c_w.l(libinit.o)
    0x100001aa   0x00000004   Code   RO         2072    .ARM.Collect$$libinit$$00000001  c_w.l(libinit2.o)
    0x100001ae   0x00000000   Code   RO         2075    .ARM.Collect$$libinit$$00000004  c_w.l(libinit2.o)
    0x100001ae   0x00000000   Code   RO         2078    .ARM.Collect$$libinit$$0000000A  c_w.l(libinit2.o)
    0x100001ae   0x00000000   Code   RO         2080    .ARM.Collect$$libinit$$0000000C  c_w.l(libinit2.o)
    0x100001ae   0x00000000   Code   RO         2082    .ARM.Collect$$libinit$$0000000E  c_w.l(libinit2.o)
    0x100001ae   0x00000000   Code   RO         2085    .ARM.Collect$$libinit$$00000011  c_w.l(libinit2.o)
    0x100001ae   0x00000000   Code   RO         2087    .ARM.Collect$$libinit$$00000013  c_w.l(libinit2.o)
    0x100001ae   0x00000000   Code   RO         2089    .ARM.Collect$$libinit$$00000015  c_w.l(libinit2.o)
    0x100001ae   0x00000000   Code   RO         2091    .ARM.Collect$$libinit$$00000017  c_w.l(libinit2.o)
    0x100001ae   0x00000000   Code   RO         2093    .ARM.Collect$$libinit$$00000019  c_w.l(libinit2.o)
    0x100001ae   0x00000000   Code   RO         2095    .ARM.Collect$$libinit$$0000001B  c_w.l(libinit2.o)
    0x100001ae   0x00000000   Code   RO         2097    .ARM.Collect$$libinit$$0000001D  c_w.l(libinit2.o)
    0x100001ae   0x00000000   Code   RO         2099    .ARM.Collect$$libinit$$0000001F  c_w.l(libinit2.o)
    0x100001ae   0x00000000   Code   RO         2101    .ARM.Collect$$libinit$$00000021  c_w.l(libinit2.o)
    0x100001ae   0x00000000   Code   RO         2103    .ARM.Collect$$libinit$$00000023  c_w.l(libinit2.o)
    0x100001ae   0x00000000   Code   RO         2105    .ARM.Collect$$libinit$$00000025  c_w.l(libinit2.o)
    0x100001ae   0x00000000   Code   RO         2109    .ARM.Collect$$libinit$$0000002C  c_w.l(libinit2.o)
    0x100001ae   0x00000000   Code   RO         2111    .ARM.Collect$$libinit$$0000002E  c_w.l(libinit2.o)
    0x100001ae   0x00000000   Code   RO         2113    .ARM.Collect$$libinit$$00000030  c_w.l(libinit2.o)
    0x100001ae   0x00000000   Code   RO         2115    .ARM.Collect$$libinit$$00000032  c_w.l(libinit2.o)
    0x100001ae   0x00000002   Code   RO         2116    .ARM.Collect$$libinit$$00000033  c_w.l(libinit2.o)
    0x100001b0   0x00000002   Code   RO         2147    .ARM.Collect$$libshutdown$$00000000  c_w.l(libshutdown.o)
    0x100001b2   0x00000000   Code   RO         2174    .ARM.Collect$$libshutdown$$00000003  c_w.l(libshutdown2.o)
    0x100001b2   0x00000000   Code   RO         2177    .ARM.Collect$$libshutdown$$00000006  c_w.l(libshutdown2.o)
    0x100001b2   0x00000000   Code   RO         2180    .ARM.Collect$$libshutdown$$00000009  c_w.l(libshutdown2.o)
    0x100001b2   0x00000000   Code   RO         2182    .ARM.Collect$$libshutdown$$0000000B  c_w.l(libshutdown2.o)
    0x100001b2   0x00000000   Code   RO         2185    .ARM.Collect$$libshutdown$$0000000E  c_w.l(libshutdown2.o)
    0x100001b2   0x00000002   Code   RO         2186    .ARM.Collect$$libshutdown$$0000000F  c_w.l(libshutdown2.o)
    0x100001b4   0x00000000   Code   RO         2025    .ARM.Collect$$rtentry$$00000000  c_w.l(__rtentry.o)
    0x100001b4   0x00000000   Code   RO         2031    .ARM.Collect$$rtentry$$00000002  c_w.l(__rtentry2.o)
    0x100001b4   0x00000006   Code   RO         2043    .ARM.Collect$$rtentry$$00000004  c_w.l(__rtentry4.o)
    0x100001ba   0x00000000   Code   RO         2033    .ARM.Collect$$rtentry$$00000009  c_w.l(__rtentry2.o)
    0x100001ba   0x00000004   Code   RO         2034    .ARM.Collect$$rtentry$$0000000A  c_w.l(__rtentry2.o)
    0x100001be   0x00000000   Code   RO         2036    .ARM.Collect$$rtentry$$0000000C  c_w.l(__rtentry2.o)
    0x100001be   0x00000008   Code   RO         2037    .ARM.Collect$$rtentry$$0000000D  c_w.l(__rtentry2.o)
    0x100001c6   0x00000002   Code   RO         2064    .ARM.Collect$$rtexit$$00000000  c_w.l(rtexit.o)
    0x100001c8   0x00000000   Code   RO         2120    .ARM.Collect$$rtexit$$00000002  c_w.l(rtexit2.o)
    0x100001c8   0x00000004   Code   RO         2121    .ARM.Collect$$rtexit$$00000003  c_w.l(rtexit2.o)
    0x100001cc   0x00000006   Code   RO         2122    .ARM.Collect$$rtexit$$00000004  c_w.l(rtexit2.o)
    0x100001d2   0x00000002   PAD
    0x100001d4   0x0000005c   Code   RO          889    .text               startup_spc1168.o
    0x10000230   0x00000078   Code   RO         1859    .text               arm_cortexM4lf_math.lib(arm_cos_f32.o)
    0x100002a8   0x00000074   Code   RO         1912    .text               arm_cortexM4lf_math.lib(arm_sin_f32.o)
    0x1000031c   0x000000ee   Code   RO         2017    .text               c_w.l(lludivv7m.o)
    0x1000040a   0x0000004e   Code   RO         2019    .text               c_w.l(rt_memclr_w.o)
    0x10000458   0x00000006   Code   RO         2021    .text               c_w.l(heapauxi.o)
    0x1000045e   0x0000004a   Code   RO         2047    .text               c_w.l(sys_stackheap_outer.o)
    0x100004a8   0x0000000c   Code   RO         2049    .text               c_w.l(exit.o)
    0x100004b4   0x00000008   Code   RO         2061    .text               c_w.l(libspace.o)
    0x100004bc   0x0000000c   Code   RO         2117    .text               c_w.l(sys_exit.o)
    0x100004c8   0x00000002   Code   RO         2136    .text               c_w.l(use_no_semi.o)
    0x100004ca   0x00000000   Code   RO         2138    .text               c_w.l(indicate_semi.o)
    0x100004ca   0x00000002   Code   RO          367    i.ADC0_IRQHandler   isr.o
    0x100004cc   0x00000002   Code   RO          368    i.ADC10_IRQHandler  isr.o
    0x100004ce   0x00000002   Code   RO          369    i.ADC11_IRQHandler  isr.o
    0x100004d0   0x00000002   Code   RO          370    i.ADC12_IRQHandler  isr.o
    0x100004d2   0x00000002   Code   RO          371    i.ADC13_IRQHandler  isr.o
    0x100004d4   0x00000002   Code   RO          372    i.ADC14_IRQHandler  isr.o
    0x100004d6   0x00000002   Code   RO          373    i.ADC15_IRQHandler  isr.o
    0x100004d8   0x00000048   Code   RO            4    i.ADC1_IRQHandler   adcfunction.o
    0x10000520   0x00000002   Code   RO          374    i.ADC2_IRQHandler   isr.o
    0x10000522   0x00000002   Code   RO          375    i.ADC3_IRQHandler   isr.o
    0x10000524   0x00000002   Code   RO          376    i.ADC4_IRQHandler   isr.o
    0x10000526   0x00000002   PAD
    0x10000528   0x00000020   Code   RO            5    i.ADC5_IRQHandler   adcfunction.o
    0x10000548   0x00000002   Code   RO          377    i.ADC6_IRQHandler   isr.o
    0x1000054a   0x00000002   Code   RO          378    i.ADC7_IRQHandler   isr.o
    0x1000054c   0x00000002   Code   RO          379    i.ADC8_IRQHandler   isr.o
    0x1000054e   0x00000002   Code   RO          380    i.ADC9_IRQHandler   isr.o
    0x10000550   0x00000002   Code   RO          381    i.ADCPPU0_IRQHandler  isr.o
    0x10000552   0x00000002   Code   RO          382    i.ADCPPU1_IRQHandler  isr.o
    0x10000554   0x00000002   Code   RO          383    i.ADCPPU2_IRQHandler  isr.o
    0x10000556   0x00000002   Code   RO          384    i.ADCPPU3_IRQHandler  isr.o
    0x10000558   0x00000002   Code   RO          385    i.ADCPPU4_IRQHandler  isr.o
    0x1000055a   0x00000002   Code   RO          386    i.ADCPPU5_IRQHandler  isr.o
    0x1000055c   0x00000048   Code   RO            6    i.ADC_Config        adcfunction.o
    0x100005a4   0x00000044   Code   RO          898    i.ADC_EasyInit1     adc.o
    0x100005e8   0x00000064   Code   RO          900    i.ADC_GetInputPinCode  adc.o
    0x1000064c   0x000000ac   Code   RO          902    i.ADC_PowerUp       adc.o
    0x100006f8   0x00000094   Code   RO          904    i.ADC_SelectPinSingleEnded  adc.o
    0x1000078c   0x00000190   Code   RO          906    i.ADC_SetGainAndOffset  adc.o
    0x1000091c   0x00000070   Code   RO          907    i.ADC_SetSampleAndConvertTime  adc.o
    0x1000098c   0x00000002   Code   RO          387    i.AES_IRQHandler    isr.o
    0x1000098e   0x00000002   Code   RO          388    i.BusFault_Handler  isr.o
    0x10000990   0x00000114   Code   RO         1005    i.CLOCK_ConfigurePLLWithRCO  clock.o
    0x10000aa4   0x00000034   Code   RO         1007    i.CLOCK_EnableModule  clock.o
    0x10000ad8   0x0000001c   Code   RO         1008    i.CLOCK_GetModuleClock  clock.o
    0x10000af4   0x00000020   Code   RO         1009    i.CLOCK_GetModuleDiv  clock.o
    0x10000b14   0x00000002   Code   RO          389    i.CLOCK_IRQHandler  isr.o
    0x10000b16   0x00000002   PAD
    0x10000b18   0x00000198   Code   RO         1011    i.CLOCK_InitWithRCO  clock.o
    0x10000cb0   0x00000030   Code   RO         1012    i.CLOCK_SetModuleDiv  clock.o
    0x10000ce0   0x00000002   Code   RO          390    i.CRC_IRQHandler    isr.o
    0x10000ce2   0x00000002   PAD
    0x10000ce4   0x00000170   Code   RO          214    i.ChargeProtect     chargefunction.o
    0x10000e54   0x00000002   Code   RO          391    i.DebugMon_Handler  isr.o
    0x10000e56   0x00000002   PAD
    0x10000e58   0x00000044   Code   RO          328    i.Delay_Init        delay.o
    0x10000e9c   0x00000002   Code   RO          392    i.ECAP_IRQHandler   isr.o
    0x10000e9e   0x00000002   PAD
    0x10000ea0   0x00000258   Code   RO         1090    i.FLASH_SetTiming   flash.o
    0x100010f8   0x00000120   Code   RO          824    i.FSM_Handle        fsm.o
    0x10001218   0x00000002   Code   RO          393    i.GPIO_EDGE_IRQHandler  isr.o
    0x1000121a   0x00000002   Code   RO          394    i.GPIO_LEVEL_IRQHandler  isr.o
    0x1000121c   0x00000020   Code   RO         1147    i.GPIO_SetPinAsAnalog  gpio.o
    0x1000123c   0x0000001a   Code   RO         1148    i.GPIO_SetPinAsGPIO  gpio.o
    0x10001256   0x00000002   PAD
    0x10001258   0x00000038   Code   RO         1149    i.GPIO_SetPinDir    gpio.o
    0x10001290   0x00000002   Code   RO          395    i.HardFault_Handler  isr.o
    0x10001292   0x00000002   Code   RO          396    i.I2C_IRQHandler    isr.o
    0x10001294   0x00000002   Code   RO          397    i.MEM_IRQHandler    isr.o
    0x10001296   0x00000002   PAD
    0x10001298   0x000000a0   Code   RO           92    i.MeasureCurrent    adcfunction.o
    0x10001338   0x0000008c   Code   RO           86    i.MeasureVoltage    adcfunction.o
    0x100013c4   0x00000002   Code   RO          398    i.MemManage_Handler  isr.o
    0x100013c6   0x00000002   Code   RO          399    i.NMI_Handler       isr.o
    0x100013c8   0x00000016   Code   RO           10    i.NVIC_EnableIRQ    adcfunction.o
    0x100013de   0x00000002   PAD
    0x100013e0   0x0000023c   Code   RO          215    i.PLLCal            chargefunction.o
    0x1000161c   0x0000008c   Code   RO          216    i.PLL_Status        chargefunction.o
    0x100016a8   0x00000002   Code   RO          400    i.POWER_IRQHandler  isr.o
    0x100016aa   0x00000002   Code   RO          401    i.PWM0TZ_IRQHandler  isr.o
    0x100016ac   0x00000002   Code   RO          402    i.PWM1TZ_IRQHandler  isr.o
    0x100016ae   0x00000002   Code   RO          403    i.PWM1_IRQHandler   isr.o
    0x100016b0   0x00000002   Code   RO          404    i.PWM2TZ_IRQHandler  isr.o
    0x100016b2   0x00000002   PAD
    0x100016b4   0x00000058   Code   RO          217    i.PWM2_IRQHandler   chargefunction.o
    0x1000170c   0x00000002   Code   RO          405    i.PWM3TZ_IRQHandler  isr.o
    0x1000170e   0x00000002   Code   RO          406    i.PWM3_IRQHandler   isr.o
    0x10001710   0x00000002   Code   RO          407    i.PWM4TZ_IRQHandler  isr.o
    0x10001712   0x00000002   Code   RO          408    i.PWM4_IRQHandler   isr.o
    0x10001714   0x00000002   Code   RO          409    i.PWM5TZ_IRQHandler  isr.o
    0x10001716   0x00000002   Code   RO          410    i.PWM5_IRQHandler   isr.o
    0x10001718   0x00000080   Code   RO         1194    i.PWM_ComplementaryPairChannelInit  pwm.o
    0x10001798   0x000000f4   Code   RO          741    i.PWM_Config        systemconfig.o
    0x1000188c   0x000005a4   Code   RO          218    i.PWMcal            chargefunction.o
    0x10001e30   0x00000154   Code   RO          219    i.Parameter_Loading  chargefunction.o
    0x10001f84   0x00000002   Code   RO          411    i.PendSV_Handler    isr.o
    0x10001f86   0x00000002   PAD
    0x10001f88   0x00000054   Code   RO          825    i.PowerControl      fsm.o
    0x10001fdc   0x00000078   Code   RO          220    i.ResetVal          chargefunction.o
    0x10002054   0x00000002   Code   RO          412    i.SIO0A_IRQHandler  isr.o
    0x10002056   0x00000002   Code   RO          413    i.SIO0B_IRQHandler  isr.o
    0x10002058   0x00000002   Code   RO          414    i.SSP_IRQHandler    isr.o
    0x1000205a   0x00000002   Code   RO          415    i.SVC_Handler       isr.o
    0x1000205c   0x00000002   Code   RO          416    i.SysTick_Handler   isr.o
    0x1000205e   0x00000002   PAD
    0x10002060   0x000000b4   Code   RO          742    i.Sys_Config        systemconfig.o
    0x10002114   0x00000020   Code   RO          788    i.SystemInit        system_spc1168.o
    0x10002134   0x0000000c   Code   RO           11    i.TIMER0_IRQHandler  adcfunction.o
    0x10002140   0x0000007c   Code   RO          743    i.TIMER1_IRQHandler  systemconfig.o
    0x100021bc   0x00000002   Code   RO           12    i.TIMER2_IRQHandler  adcfunction.o
    0x100021be   0x00000002   Code   RO          417    i.UART_IRQHandler   isr.o
    0x100021c0   0x00000062   Code   RO         1787    i.UART_Init         uart.o
    0x10002222   0x00000002   Code   RO          418    i.UsageFault_Handler  isr.o
    0x10002224   0x00000002   Code   RO          419    i.WDT1_IRQHandler   isr.o
    0x10002226   0x0000001c   Code   RO          703    i.main              main.o
    0x10002242   0x00000002   PAD
    0x10002244   0x0000007c   Code   RO          222    i.pll_chk_phase_lock  chargefunction.o
    0x100022c0   0x00000070   Code   RO          223    i.set_p1z1_coff     chargefunction.o
    0x10002330   0x000000b0   Code   RO          224    i.set_pll_conf      chargefunction.o
    0x100023e0   0x0000008c   Code   RO          225    i.set_pwm           chargefunction.o
    0x1000246c   0x00000098   Code   RO          226    i.set_sogi_coff     chargefunction.o
    0x10002504   0x0000000a   Code   RO         2132    x$fpl$fpinit        g_wm.l(fpinit.o)
    0x1000250e   0x00000002   PAD
    0x10002510   0x00000804   Data   RO         1992    .constdata          arm_cortexM4lf_math.lib(arm_common_tables.o)
    0x10002d14   0x00000020   Data   RO         2187    Region$$Table       anon$$obj.o


    Execution Region RW_IRAM1 (Base: 0x20000000, Size: 0x00000cc8, Max: 0x00004000, ABSOLUTE)

    Base Addr    Size         Type   Attr      Idx    E Section Name        Object

    0x20000000   0x0000000a   Data   RW           16    .data               adcfunction.o
    0x2000000a   0x00000002   PAD
    0x2000000c   0x0000001c   Data   RW          228    .data               chargefunction.o
    0x20000028   0x00000008   Data   RW          331    .data               delay.o
    0x20000030   0x0000000a   Data   RW          744    .data               systemconfig.o
    0x2000003a   0x00000002   PAD
    0x2000003c   0x00000004   Data   RW          790    .data               system_spc1168.o
    0x20000040   0x0000000a   Data   RW          826    .data               fsm.o
    0x2000004a   0x00000002   PAD
    0x2000004c   0x00000018   Data   RW         1014    .data               clock.o
    0x20000064   0x00000140   Zero   RW           15    .bss                adcfunction.o
    0x200001a4   0x000002b0   Zero   RW          227    .bss                chargefunction.o
    0x20000454   0x00000010   Zero   RW          789    .bss                system_spc1168.o
    0x20000464   0x00000060   Zero   RW         2062    .bss                c_w.l(libspace.o)
    0x200004c4   0x00000004   PAD
    0x200004c8   0x00000400   Zero   RW          887    HEAP                startup_spc1168.o
    0x200008c8   0x00000400   Zero   RW          886    STACK               startup_spc1168.o


==============================================================================

Image component sizes


      Code (inc. data)   RO Data    RW Data    ZI Data      Debug   Object Name

      1000         68          0          0          0       4188   adc.o
       512         80          0         10        320     150324   adcfunction.o
      3776        440          0         28        688      13107   chargefunction.o
       844         58          0         24          0       4441   clock.o
        68         22          0          8          0        700   delay.o
       600         58          0          0          0       2174   flash.o
       372         36          0         10          0       1300   fsm.o
       114          4          0          0          0       1567   gpio.o
       106          0          0          0          0      22796   isr.o
        28          0          0          0          0        467   main.o
       128          6          0          0          0       1003   pwm.o
        92         40        308          0       2048        880   startup_spc1168.o
        32         12          0          4         16       1043   system_spc1168.o
       548         66          0         10          0      21648   systemconfig.o
        98          0          0          0          0        888   uart.o

    ----------------------------------------------------------------------
      8342        890        340        100       3072     226526   Object Totals
         0          0         32          0          0          0   (incl. Generated)
        24          0          0          6          0          0   (incl. Padding)

    ----------------------------------------------------------------------

      Code (inc. data)   RO Data    RW Data    ZI Data      Debug   Library Member Name

         0          0       2052          0          0       4636   arm_common_tables.o
       120         12          0          0          0      16970   arm_cos_f32.o
       116         12          0          0          0        658   arm_sin_f32.o
         8          0          0          0          0         68   __main.o
         0          0          0          0          0          0   __rtentry.o
        12          0          0          0          0          0   __rtentry2.o
         6          0          0          0          0          0   __rtentry4.o
        52          8          0          0          0          0   __scatter.o
        26          0          0          0          0          0   __scatter_copy.o
        28          0          0          0          0          0   __scatter_zi.o
        12          0          0          0          0         72   exit.o
         6          0          0          0          0        152   heapauxi.o
         0          0          0          0          0          0   indicate_semi.o
         2          0          0          0          0          0   libinit.o
         6          0          0          0          0          0   libinit2.o
         2          0          0          0          0          0   libshutdown.o
         2          0          0          0          0          0   libshutdown2.o
         8          4          0          0         96         68   libspace.o
       238          0          0          0          0        100   lludivv7m.o
        78          0          0          0          0         80   rt_memclr_w.o
         2          0          0          0          0          0   rtexit.o
        10          0          0          0          0          0   rtexit2.o
        12          4          0          0          0         68   sys_exit.o
        74          0          0          0          0         80   sys_stackheap_outer.o
         2          0          0          0          0         68   use_no_semi.o
        10          0          0          0          0        116   fpinit.o

    ----------------------------------------------------------------------
       838         40       2052          0        100      23136   Library Totals
         6          0          0          0          4          0   (incl. Padding)

    ----------------------------------------------------------------------

      Code (inc. data)   RO Data    RW Data    ZI Data      Debug   Library Name

       236         24       2052          0          0      22264   arm_cortexM4lf_math.lib
       586         16          0          0         96        756   c_w.l
        10          0          0          0          0        116   g_wm.l

    ----------------------------------------------------------------------
       838         40       2052          0        100      23136   Library Totals

    ----------------------------------------------------------------------

==============================================================================


      Code (inc. data)   RO Data    RW Data    ZI Data      Debug   

      9180        930       2392        100       3172     240402   Grand Totals
      9180        930       2392        100       3172     240402   ELF Image Totals
      9180        930       2392        100          0          0   ROM Totals

==============================================================================

    Total RO  Size (Code + RO Data)                11572 (  11.30kB)
    Total RW  Size (RW Data + ZI Data)              3272 (   3.20kB)
    Total ROM Size (Code + RO Data + RW Data)      11672 (  11.40kB)

==============================================================================

